
> baytology@0.0.0 build
> ng build

node.exe : [1m[33m[baseline-browser-mapping] The data in this module is over two months old.  To ensure accurate 
Baseline data, please update: `npm i baseline-browser-mapping@latest -D`[39m[22m
At line:1 char:1
+ & "C:\Program Files/node.exe" "C:\Program Files/node_modules/npm/bin/ ...
+ ~~~~~~~~~~~~~~~~~~~~~~~~~~~~~~~~~~~~~~~~~~~~~~~~~~~~~~~~~~~~~~~~~~~~~
    + CategoryInfo          : NotSpecified: ([1m[33m[basel...t -D`[39m[22m:String) [], RemoteException
    + FullyQualifiedErrorId : NativeCommandError
 
[33m>[39m Building...

<--- Last few GCs --->


<--- JS stacktrace --->



#
# Fatal JavaScript out of memory: MemoryChunk allocation failed during deserialization.
#
----- Native stack trace -----

fatal error: all goroutines are asleep - deadlock!

goroutine 1 [chan receive]:
github.com/evanw/esbuild/internal/helpers.(*ThreadSafeWaitGroup).Wait(...)
	github.com/evanw/esbuild/internal/helpers/waitgroup.go:36
main.runService.func2()
	github.com/evanw/esbuild/cmd/esbuild/service.go:114 +0x51
main.runService(0x1)
	github.com/evanw/esbuild/cmd/esbuild/service.go:160 +0x4d8
main.main()
	github.com/evanw/esbuild/cmd/esbuild/main.go:249 +0xb6b

goroutine 20 [chan receive]:
main.runService.func1()
	github.com/evanw/esbuild/cmd/esbuild/service.go:98 +0x45
created by main.runService in goroutine 1
	github.com/evanw/esbuild/cmd/esbuild/service.go:97 +0x1db

goroutine 21 [chan receive]:
main.(*serviceType).sendRequest(0xc000116330, {0x7034a0, 0xc002266e70})
	github.com/evanw/esbuild/cmd/esbuild/service.go:192 +0x12b
main.runService.func3()
	github.com/evanw/esbuild/cmd/esbuild/service.go:125 +0x3e
created by main.runService in goroutine 1
	github.com/evanw/esbuild/cmd/esbuild/service.go:122 +0x30a

goroutine 658 [chan receive]:
main.(*serviceType).sendRequest(0xc000116330, {0x7034a0, 0xc002ca6480})
	github.com/evanw/esbuild/cmd/esbuild/service.go:192 +0x12b
main.(*serviceType).convertPlugins.func2.4({{0xc000253ae0, 0x9e}, {0x782eef, 0x4}, {0x0, 0x0}, {0x0, 0x0}, 0x0})
	github.com/evanw/esbuild/cmd/esbuild/service.go:1084 +0x833
github.com/evanw/esbuild/pkg/api.(*pluginImpl).onLoad.func1({{0x0, 0x0}, {{0xc000253ae0, 0x9e}, {0x782eef, 0x4}, {0x0, 
0x0}, {{0x0, 0x0}}, ...}})
	github.com/evanw/esbuild/pkg/api/api_impl.go:1996 +0x190
github.com/evanw/esbuild/internal/bundler.runOnLoadPlugins({0xc000494240?, 0x2a682b?, 0xc00001e120?}, {0x870da0?, 
0xc000390080}, 0xc0004941e0, {0xc000280070, 0xc00044c138, 0xc00044c150, 0xc000390020, ...}, ...)
	github.com/evanw/esbuild/internal/bundler/bundler.go:1125 +0xcb5
github.com/evanw/esbuild/internal/bundler.parseFile({{0x870da0, 0xc000390080}, {0xc000280070, 0xc00044c138, 
0xc00044c150, 0xc000390020, 0x6, 0xc00048c2a0}, 0xc0000dd688, 0xc0004941e0, ...})
	github.com/evanw/esbuild/internal/bundler/bundler.go:163 +0x287
created by github.com/evanw/esbuild/internal/bundler.(*scanner).maybeParseFile in goroutine 37
	github.com/evanw/esbuild/internal/bundler/bundler.go:1538 +0xcff

goroutine 412 [chan receive]:
main.(*serviceType).sendRequest(0xc000116330, {0x7034a0, 0xc001dfab10})
	github.com/evanw/esbuild/cmd/esbuild/service.go:192 +0x12b
main.(*serviceType).convertPlugins.func2.4({{0xc001836f30, 0x81}, {0x782eef, 0x4}, {0x0, 0x0}, {0x0, 0x0}, 0x0})
	github.com/evanw/esbuild/cmd/esbuild/service.go:1084 +0x833
github.com/evanw/esbuild/pkg/api.(*pluginImpl).onLoad.func1({{0x0, 0x0}, {{0xc001836f30, 0x81}, {0x782eef, 0x4}, {0x0, 
0x0}, {{0x0, 0x0}}, ...}})
	github.com/evanw/esbuild/pkg/api/api_impl.go:1996 +0x190
github.com/evanw/esbuild/internal/bundler.runOnLoadPlugins({0xc00007a420?, 0x2a682b?, 0xc00001e120?}, {0x870da0?, 
0xc00006e1e0}, 0xc00007a3c0, {0xc0002811f0, 0xc0000083f0, 0xc000008408, 0xc00006e1c0, ...}, ...)
	github.com/evanw/esbuild/internal/bundler/bundler.go:1125 +0xcb5
github.com/evanw/esbuild/internal/bundler.parseFile({{0x870da0, 0xc00006e1e0}, {0xc0002811f0, 0xc0000083f0, 
0xc000008408, 0xc00006e1c0, 0x6, 0xc000030660}, 0xc0002ec488, 0xc00007a3c0, ...})
	github.com/evanw/esbuild/internal/bundler/bundler.go:163 +0x287
created by github.com/evanw/esbuild/internal/bundler.(*scanner).maybeParseFile in goroutine 38
	github.com/evanw/esbuild/internal/bundler/bundler.go:1538 +0xcff

goroutine 37 [chan receive]:
github.com/evanw/esbuild/internal/bundler.(*scanner).scanAllDependencies(0xc0004e3688)
	github.com/evanw/esbuild/internal/bundler/bundler.go:2087 +0x258
github.com/evanw/esbuild/internal/bundler.ScanBundle(_, {_, _, _, _, _, _}, {_, _}, 0xc0004941e0, ...)
	github.com/evanw/esbuild/internal/bundler/bundler.go:1415 +0xbb6
github.com/evanw/esbuild/pkg/api.rebuildImpl({0xc0004941e0, {0x0, 0x0, 0x0}, {0x0, 0x0, 0x0}, {0x0, 0x1, 0x0, ...}, 
...}, ...)
	github.com/evanw/esbuild/pkg/api/api_impl.go:1479 +0x2e5
github.com/evanw/esbuild/pkg/api.(*internalContext).rebuild(_)
	github.com/evanw/esbuild/pkg/api/api_impl.go:998 +0x29c
github.com/evanw/esbuild/pkg/api.(*internalContext).Rebuild(...)
	github.com/evanw/esbuild/pkg/api/api_impl.go:1059
github.com/evanw/esbuild/pkg/api.Build({0x0, 0x0, 0x0, 0xc00048c0c0, 0x0, {0x0, 0x0}, 0x0, 0x0, {0xc00048a388, ...}, 
...})
	github.com/evanw/esbuild/pkg/api/api.go:387 +0x9b
main.(*serviceType).handleBuildRequest(0xc000116330, 0x2, 0xc00038cba0)
	github.com/evanw/esbuild/cmd/esbuild/service.go:778 +0xe3f
main.(*serviceType).handleIncomingPacket.func2()
	github.com/evanw/esbuild/cmd/esbuild/service.go:235 +0x57
created by main.(*serviceType).handleIncomingPacket in goroutine 1
	github.com/evanw/esbuild/cmd/esbuild/service.go:233 +0x1ad

goroutine 38 [chan receive]:
github.com/evanw/esbuild/internal/bundler.(*scanner).scanAllDependencies(0xc0002ec908)
	github.com/evanw/esbuild/internal/bundler/bundler.go:2087 +0x258
github.com/evanw/esbuild/internal/bundler.ScanBundle(_, {_, _, _, _, _, _}, {_, _}, 0xc00007a3c0, ...)
	github.com/evanw/esbuild/internal/bundler/bundler.go:1415 +0xbb6
github.com/evanw/esbuild/pkg/api.rebuildImpl({0xc00007a3c0, {0x0, 0x0, 0x0}, {0x0, 0x0, 0x0}, {0x0, 0x1, 0x0, ...}, 
...}, ...)
	github.com/evanw/esbuild/pkg/api/api_impl.go:1479 +0x2e5
github.com/evanw/esbuild/pkg/api.(*internalContext).rebuild(_)
	github.com/evanw/esbuild/pkg/api/api_impl.go:998 +0x29c
github.com/evanw/esbuild/pkg/api.(*internalContext).Rebuild(...)
	github.com/evanw/esbuild/pkg/api/api_impl.go:1059
github.com/evanw/esbuild/pkg/api.Build({0x0, 0x0, 0x0, 0xc000030120, 0x0, {0x0, 0x0}, 0x0, 0x0, {0xc000004708, ...}, 
...})
	github.com/evanw/esbuild/pkg/api/api.go:387 +0x9b
main.(*serviceType).handleBuildRequest(0xc000116330, 0x3, 0xc00038ce40)
	github.com/evanw/esbuild/cmd/esbuild/service.go:778 +0xe3f
main.(*serviceType).handleIncomingPacket.func2()
	github.com/evanw/esbuild/cmd/esbuild/service.go:235 +0x57
created by main.(*serviceType).handleIncomingPacket in goroutine 1
	github.com/evanw/esbuild/cmd/esbuild/service.go:233 +0x1ad

goroutine 279 [chan receive]:
main.(*serviceType).sendRequest(0xc000116330, {0x7034a0, 0xc00043e690})
	github.com/evanw/esbuild/cmd/esbuild/service.go:192 +0x12b
main.(*serviceType).convertPlugins.func2.4({{0xc000699320, 0x84}, {0x782eef, 0x4}, {0x0, 0x0}, {0x0, 0x0}, 0x0})
	github.com/evanw/esbuild/cmd/esbuild/service.go:1084 +0x833
github.com/evanw/esbuild/pkg/api.(*pluginImpl).onLoad.func1({{0x0, 0x0}, {{0xc000699320, 0x84}, {0x782eef, 0x4}, {0x0, 
0x0}, {{0x0, 0x0}}, ...}})
	github.com/evanw/esbuild/pkg/api/api_impl.go:1996 +0x190
github.com/evanw/esbuild/internal/bundler.runOnLoadPlugins({0xc00007a420?, 0x25000000000001?, 0x665a?}, {0x870da0?, 
0xc00006e1e0}, 0xc00007a3c0, {0xc0002811f0, 0xc0000083f0, 0xc000008408, 0xc00006e1c0, ...}, ...)
	github.com/evanw/esbuild/internal/bundler/bundler.go:1125 +0xcb5
github.com/evanw/esbuild/internal/bundler.parseFile({{0x870da0, 0xc00006e1e0}, {0xc0002811f0, 0xc0000083f0, 
0xc000008408, 0xc00006e1c0, 0x6, 0xc000030660}, 0xc0002ec488, 0xc00007a3c0, ...})
	github.com/evanw/esbuild/internal/bundler/bundler.go:163 +0x287
created by github.com/evanw/esbuild/internal/bundler.(*scanner).maybeParseFile in goroutine 38
	github.com/evanw/esbuild/internal/bundler/bundler.go:1538 +0xcff

goroutine 395 [chan receive]:
main.(*serviceType).sendRequest(0xc000116330, {0x7034a0, 0xc001b7e7b0})
	github.com/evanw/esbuild/cmd/esbuild/service.go:192 +0x12b
main.(*serviceType).convertPlugins.func2.4({{0xc0000c1c80, 0x80}, {0x782eef, 0x4}, {0x0, 0x0}, {0x0, 0x0}, 0x0})
	github.com/evanw/esbuild/cmd/esbuild/service.go:1084 +0x833
github.com/evanw/esbuild/pkg/api.(*pluginImpl).onLoad.func1({{0x0, 0x0}, {{0xc0000c1c80, 0x80}, {0x782eef, 0x4}, {0x0, 
0x0}, {{0x0, 0x0}}, ...}})
	github.com/evanw/esbuild/pkg/api/api_impl.go:1996 +0x190
github.com/evanw/esbuild/internal/bundler.runOnLoadPlugins({0xc00007a420?, 0x2a682b?, 0xc00001e120?}, {0x870da0?, 
0xc00006e1e0}, 0xc00007a3c0, {0xc0002811f0, 0xc0000083f0, 0xc000008408, 0xc00006e1c0, ...}, ...)
	github.com/evanw/esbuild/internal/bundler/bundler.go:1125 +0xcb5
github.com/evanw/esbuild/internal/bundler.parseFile({{0x870da0, 0xc00006e1e0}, {0xc0002811f0, 0xc0000083f0, 
0xc000008408, 0xc00006e1c0, 0x6, 0xc000030660}, 0xc0002ec488, 0xc00007a3c0, ...})
	github.com/evanw/esbuild/internal/bundler/bundler.go:163 +0x287
created by github.com/evanw/esbuild/internal/bundler.(*scanner).maybeParseFile in goroutine 38
	github.com/evanw/esbuild/internal/bundler/bundler.go:1538 +0xcff

goroutine 400 [chan receive]:
main.(*serviceType).sendRequest(0xc000116330, {0x7034a0, 0xc002ca6240})
	github.com/evanw/esbuild/cmd/esbuild/service.go:192 +0x12b
main.(*serviceType).convertPlugins.func2.4({{0xc000035a40, 0x91}, {0x782eef, 0x4}, {0x0, 0x0}, {0x0, 0x0}, 0x0})
	github.com/evanw/esbuild/cmd/esbuild/service.go:1084 +0x833
github.com/evanw/esbuild/pkg/api.(*pluginImpl).onLoad.func1({{0x0, 0x0}, {{0xc000035a40, 0x91}, {0x782eef, 0x4}, {0x0, 
0x0}, {{0x0, 0x0}}, ...}})
	github.com/evanw/esbuild/pkg/api/api_impl.go:1996 +0x190
github.com/evanw/esbuild/internal/bundler.runOnLoadPlugins({0xc000494240?, 0x0?, 0x0?}, {0x870da0?, 0xc000390080}, 
0xc0004941e0, {0xc000280070, 0xc00044c138, 0xc00044c150, 0xc000390020, ...}, ...)
	github.com/evanw/esbuild/internal/bundler/bundler.go:1125 +0xcb5
github.com/evanw/esbuild/internal/bundler.parseFile({{0x870da0, 0xc000390080}, {0xc000280070, 0xc00044c138, 
0xc00044c150, 0xc000390020, 0x6, 0xc00048c2a0}, 0xc0000dd688, 0xc0004941e0, ...})
	github.com/evanw/esbuild/internal/bundler/bundler.go:163 +0x287
created by github.com/evanw/esbuild/internal/bundler.(*scanner).maybeParseFile in goroutine 37
	github.com/evanw/esbuild/internal/bundler/bundler.go:1538 +0xcff

goroutine 257 [chan receive]:
main.(*serviceType).sendRequest(0xc000116330, {0x7034a0, 0xc000545bc0})
	github.com/evanw/esbuild/cmd/esbuild/service.go:192 +0x12b
main.(*serviceType).convertPlugins.func2.4({{0xc00068fdd0, 0x84}, {0x782eef, 0x4}, {0x0, 0x0}, {0x0, 0x0}, 0x0})
	github.com/evanw/esbuild/cmd/esbuild/service.go:1084 +0x833
github.com/evanw/esbuild/pkg/api.(*pluginImpl).onLoad.func1({{0x0, 0x0}, {{0xc00068fdd0, 0x84}, {0x782eef, 0x4}, {0x0, 
0x0}, {{0x0, 0x0}}, ...}})
	github.com/evanw/esbuild/pkg/api/api_impl.go:1996 +0x190
github.com/evanw/esbuild/internal/bundler.runOnLoadPlugins({0xc000494240?, 0x0?, 0x0?}, {0x870da0?, 0xc000390080}, 
0xc0004941e0, {0xc000280070, 0xc00044c138, 0xc00044c150, 0xc000390020, ...}, ...)
	github.com/evanw/esbuild/internal/bundler/bundler.go:1125 +0xcb5
github.com/evanw/esbuild/internal/bundler.parseFile({{0x870da0, 0xc000390080}, {0xc000280070, 0xc00044c138, 
0xc00044c150, 0xc000390020, 0x6, 0xc00048c2a0}, 0xc0000dd688, 0xc0004941e0, ...})
	github.com/evanw/esbuild/internal/bundler/bundler.go:163 +0x287
created by github.com/evanw/esbuild/internal/bundler.(*scanner).maybeParseFile in goroutine 37
	github.com/evanw/esbuild/internal/bundler/bundler.go:1538 +0xcff

goroutine 638 [chan receive]:
main.(*serviceType).sendRequest(0xc000116330, {0x7034a0, 0xc0020cf140})
	github.com/evanw/esbuild/cmd/esbuild/service.go:192 +0x12b
main.(*serviceType).convertPlugins.func2.4({{0xc0001950e0, 0x94}, {0x782eef, 0x4}, {0x0, 0x0}, {0x0, 0x0}, 0x0})
	github.com/evanw/esbuild/cmd/esbuild/service.go:1084 +0x833
github.com/evanw/esbuild/pkg/api.(*pluginImpl).onLoad.func1({{0x0, 0x0}, {{0xc0001950e0, 0x94}, {0x782eef, 0x4}, {0x0, 
0x0}, {{0x0, 0x0}}, ...}})
	github.com/evanw/esbuild/pkg/api/api_impl.go:1996 +0x190
github.com/evanw/esbuild/internal/bundler.runOnLoadPlugins({0xc000494240?, 0x2a682b?, 0xc00001e120?}, {0x870da0?, 
0xc000390080}, 0xc0004941e0, {0xc000280070, 0xc00044c138, 0xc00044c150, 0xc000390020, ...}, ...)
	github.com/evanw/esbuild/internal/bundler/bundler.go:1125 +0xcb5
github.com/evanw/esbuild/internal/bundler.parseFile({{0x870da0, 0xc000390080}, {0xc000280070, 0xc00044c138, 
0xc00044c150, 0xc000390020, 0x6, 0xc00048c2a0}, 0xc0000dd688, 0xc0004941e0, ...})
	github.com/evanw/esbuild/internal/bundler/bundler.go:163 +0x287
created by github.com/evanw/esbuild/internal/bundler.(*scanner).maybeParseFile in goroutine 37
	github.com/evanw/esbuild/internal/bundler/bundler.go:1538 +0xcff

goroutine 293 [chan receive]:
main.(*serviceType).sendRequest(0xc000116330, {0x7034a0, 0xc000688840})
	github.com/evanw/esbuild/cmd/esbuild/service.go:192 +0x12b
main.(*serviceType).convertPlugins.func2.4({{0xc0000928c0, 0x9c}, {0x782eef, 0x4}, {0x0, 0x0}, {0x0, 0x0}, 0x0})
	github.com/evanw/esbuild/cmd/esbuild/service.go:1084 +0x833
github.com/evanw/esbuild/pkg/api.(*pluginImpl).onLoad.func1({{0x0, 0x0}, {{0xc0000928c0, 0x9c}, {0x782eef, 0x4}, {0x0, 
0x0}, {{0x0, 0x0}}, ...}})
	github.com/evanw/esbuild/pkg/api/api_impl.go:1996 +0x190
github.com/evanw/esbuild/internal/bundler.runOnLoadPlugins({0xc000494240?, 0x2a682b?, 0xc00001e120?}, {0x870da0?, 
0xc000390080}, 0xc0004941e0, {0xc000280070, 0xc00044c138, 0xc00044c150, 0xc000390020, ...}, ...)
	github.com/evanw/esbuild/internal/bundler/bundler.go:1125 +0xcb5
github.com/evanw/esbuild/internal/bundler.parseFile({{0x870da0, 0xc000390080}, {0xc000280070, 0xc00044c138, 
0xc00044c150, 0xc000390020, 0x6, 0xc00048c2a0}, 0xc0000dd688, 0xc0004941e0, ...})
	github.com/evanw/esbuild/internal/bundler/bundler.go:163 +0x287
created by github.com/evanw/esbuild/internal/bundler.(*scanner).maybeParseFile in goroutine 37
	github.com/evanw/esbuild/internal/bundler/bundler.go:1538 +0xcff

goroutine 336 [chan receive]:
main.(*serviceType).sendRequest(0xc000116330, {0x7034a0, 0xc0001163c0})
	github.com/evanw/esbuild/cmd/esbuild/service.go:192 +0x12b
main.(*serviceType).convertPlugins.func2.4({{0xc0004f2100, 0x74}, {0x782eef, 0x4}, {0x0, 0x0}, {0x0, 0x0}, 0x0})
	github.com/evanw/esbuild/cmd/esbuild/service.go:1084 +0x833
github.com/evanw/esbuild/pkg/api.(*pluginImpl).onLoad.func1({{0x0, 0x0}, {{0xc0004f2100, 0x74}, {0x782eef, 0x4}, {0x0, 
0x0}, {{0x0, 0x0}}, ...}})
	github.com/evanw/esbuild/pkg/api/api_impl.go:1996 +0x190
github.com/evanw/esbuild/internal/bundler.runOnLoadPlugins({0xc00007a420?, 0x0?, 0x0?}, {0x870da0?, 0xc00006e1e0}, 
0xc00007a3c0, {0xc0002811f0, 0xc0000083f0, 0xc000008408, 0xc00006e1c0, ...}, ...)
	github.com/evanw/esbuild/internal/bundler/bundler.go:1125 +0xcb5
github.com/evanw/esbuild/internal/bundler.parseFile({{0x870da0, 0xc00006e1e0}, {0xc0002811f0, 0xc0000083f0, 
0xc000008408, 0xc00006e1c0, 0x6, 0xc000030660}, 0xc0002ec488, 0xc00007a3c0, ...})
	github.com/evanw/esbuild/internal/bundler/bundler.go:163 +0x287
created by github.com/evanw/esbuild/internal/bundler.(*scanner).maybeParseFile in goroutine 38
	github.com/evanw/esbuild/internal/bundler/bundler.go:1538 +0xcff

goroutine 635 [chan receive]:
main.(*serviceType).sendRequest(0xc000116330, {0x7034a0, 0xc0020cef90})
	github.com/evanw/esbuild/cmd/esbuild/service.go:192 +0x12b
main.(*serviceType).convertPlugins.func2.4({{0xc0029d06c0, 0x8e}, {0x782eef, 0x4}, {0x0, 0x0}, {0x0, 0x0}, 0x0})
	github.com/evanw/esbuild/cmd/esbuild/service.go:1084 +0x833
github.com/evanw/esbuild/pkg/api.(*pluginImpl).onLoad.func1({{0x0, 0x0}, {{0xc0029d06c0, 0x8e}, {0x782eef, 0x4}, {0x0, 
0x0}, {{0x0, 0x0}}, ...}})
	github.com/evanw/esbuild/pkg/api/api_impl.go:1996 +0x190
github.com/evanw/esbuild/internal/bundler.runOnLoadPlugins({0xc000494240?, 0x2a682b?, 0xc00001e120?}, {0x870da0?, 
0xc000390080}, 0xc0004941e0, {0xc000280070, 0xc00044c138, 0xc00044c150, 0xc000390020, ...}, ...)
	github.com/evanw/esbuild/internal/bundler/bundler.go:1125 +0xcb5
github.com/evanw/esbuild/internal/bundler.parseFile({{0x870da0, 0xc000390080}, {0xc000280070, 0xc00044c138, 
0xc00044c150, 0xc000390020, 0x6, 0xc00048c2a0}, 0xc0000dd688, 0xc0004941e0, ...})
	github.com/evanw/esbuild/internal/bundler/bundler.go:163 +0x287
created by github.com/evanw/esbuild/internal/bundler.(*scanner).maybeParseFile in goroutine 37
	github.com/evanw/esbuild/internal/bundler/bundler.go:1538 +0xcff

goroutine 115 [chan receive]:
main.(*serviceType).sendRequest(0xc000116330, {0x7034a0, 0xc000a3b200})
	github.com/evanw/esbuild/cmd/esbuild/service.go:192 +0x12b
main.(*serviceType).convertPlugins.func2.4({{0xc0004f3900, 0x7b}, {0x782eef, 0x4}, {0x0, 0x0}, {0x0, 0x0}, 0x0})
	github.com/evanw/esbuild/cmd/esbuild/service.go:1084 +0x833
github.com/evanw/esbuild/pkg/api.(*pluginImpl).onLoad.func1({{0x0, 0x0}, {{0xc0004f3900, 0x7b}, {0x782eef, 0x4}, {0x0, 
0x0}, {{0x0, 0x0}}, ...}})
	github.com/evanw/esbuild/pkg/api/api_impl.go:1996 +0x190
github.com/evanw/esbuild/internal/bundler.runOnLoadPlugins({0xc00007a420?, 0x2a682b?, 0xc0004d6060?}, {0x870da0?, 
0xc00006e1e0}, 0xc00007a3c0, {0xc0002811f0, 0xc0000083f0, 0xc000008408, 0xc00006e1c0, ...}, ...)
	github.com/evanw/esbuild/internal/bundler/bundler.go:1125 +0xcb5
github.com/evanw/esbuild/internal/bundler.parseFile({{0x870da0, 0xc00006e1e0}, {0xc0002811f0, 0xc0000083f0, 
0xc000008408, 0xc00006e1c0, 0x6, 0xc000030660}, 0xc0002ec488, 0xc00007a3c0, ...})
	github.com/evanw/esbuild/internal/bundler/bundler.go:163 +0x287
created by github.com/evanw/esbuild/internal/bundler.(*scanner).maybeParseFile in goroutine 38
	github.com/evanw/esbuild/internal/bundler/bundler.go:1538 +0xcff

goroutine 413 [chan receive]:
main.(*serviceType).sendRequest(0xc000116330, {0x7034a0, 0xc001dfaa50})
	github.com/evanw/esbuild/cmd/esbuild/service.go:192 +0x12b
main.(*serviceType).convertPlugins.func2.4({{0xc001837320, 0x88}, {0x782eef, 0x4}, {0x0, 0x0}, {0x0, 0x0}, 0x0})
	github.com/evanw/esbuild/cmd/esbuild/service.go:1084 +0x833
github.com/evanw/esbuild/pkg/api.(*pluginImpl).onLoad.func1({{0x0, 0x0}, {{0xc001837320, 0x88}, {0x782eef, 0x4}, {0x0, 
0x0}, {{0x0, 0x0}}, ...}})
	github.com/evanw/esbuild/pkg/api/api_impl.go:1996 +0x190
github.com/evanw/esbuild/internal/bundler.runOnLoadPlugins({0xc00007a420?, 0x2a682b?, 0xc00001e120?}, {0x870da0?, 
0xc00006e1e0}, 0xc00007a3c0, {0xc0002811f0, 0xc0000083f0, 0xc000008408, 0xc00006e1c0, ...}, ...)
	github.com/evanw/esbuild/internal/bundler/bundler.go:1125 +0xcb5
github.com/evanw/esbuild/internal/bundler.parseFile({{0x870da0, 0xc00006e1e0}, {0xc0002811f0, 0xc0000083f0, 
0xc000008408, 0xc00006e1c0, 0x6, 0xc000030660}, 0xc0002ec488, 0xc00007a3c0, ...})
	github.com/evanw/esbuild/internal/bundler/bundler.go:163 +0x287
created by github.com/evanw/esbuild/internal/bundler.(*scanner).maybeParseFile in goroutine 38
	github.com/evanw/esbuild/internal/bundler/bundler.go:1538 +0xcff

goroutine 453 [chan receive]:
main.(*serviceType).sendRequest(0xc000116330, {0x7034a0, 0xc0015dc180})
	github.com/evanw/esbuild/cmd/esbuild/service.go:192 +0x12b
main.(*serviceType).convertPlugins.func2.4({{0xc0007405a0, 0x9a}, {0x782eef, 0x4}, {0x0, 0x0}, {0x0, 0x0}, 0x0})
	github.com/evanw/esbuild/cmd/esbuild/service.go:1084 +0x833
github.com/evanw/esbuild/pkg/api.(*pluginImpl).onLoad.func1({{0x0, 0x0}, {{0xc0007405a0, 0x9a}, {0x782eef, 0x4}, {0x0, 
0x0}, {{0x0, 0x0}}, ...}})
	github.com/evanw/esbuild/pkg/api/api_impl.go:1996 +0x190
github.com/evanw/esbuild/internal/bundler.runOnLoadPlugins({0xc00007a420?, 0x0?, 0x0?}, {0x870da0?, 0xc00006e1e0}, 
0xc00007a3c0, {0xc0002811f0, 0xc0000083f0, 0xc000008408, 0xc00006e1c0, ...}, ...)
	github.com/evanw/esbuild/internal/bundler/bundler.go:1125 +0xcb5
github.com/evanw/esbuild/internal/bundler.parseFile({{0x870da0, 0xc00006e1e0}, {0xc0002811f0, 0xc0000083f0, 
0xc000008408, 0xc00006e1c0, 0x6, 0xc000030660}, 0xc0002ec488, 0xc00007a3c0, ...})
	github.com/evanw/esbuild/internal/bundler/bundler.go:163 +0x287
created by github.com/evanw/esbuild/internal/bundler.(*scanner).maybeParseFile in goroutine 38
	github.com/evanw/esbuild/internal/bundler/bundler.go:1538 +0xcff

goroutine 452 [chan receive]:
main.(*serviceType).sendRequest(0xc000116330, {0x7034a0, 0xc0015dc030})
	github.com/evanw/esbuild/cmd/esbuild/service.go:192 +0x12b
main.(*serviceType).convertPlugins.func2.4({{0xc0005b4480, 0x7b}, {0x782eef, 0x4}, {0x0, 0x0}, {0x0, 0x0}, 0x0})
	github.com/evanw/esbuild/cmd/esbuild/service.go:1084 +0x833
github.com/evanw/esbuild/pkg/api.(*pluginImpl).onLoad.func1({{0x0, 0x0}, {{0xc0005b4480, 0x7b}, {0x782eef, 0x4}, {0x0, 
0x0}, {{0x0, 0x0}}, ...}})
	github.com/evanw/esbuild/pkg/api/api_impl.go:1996 +0x190
github.com/evanw/esbuild/internal/bundler.runOnLoadPlugins({0xc00007a420?, 0x0?, 0x0?}, {0x870da0?, 0xc00006e1e0}, 
0xc00007a3c0, {0xc0002811f0, 0xc0000083f0, 0xc000008408, 0xc00006e1c0, ...}, ...)
	github.com/evanw/esbuild/internal/bundler/bundler.go:1125 +0xcb5
github.com/evanw/esbuild/internal/bundler.parseFile({{0x870da0, 0xc00006e1e0}, {0xc0002811f0, 0xc0000083f0, 
0xc000008408, 0xc00006e1c0, 0x6, 0xc000030660}, 0xc0002ec488, 0xc00007a3c0, ...})
	github.com/evanw/esbuild/internal/bundler/bundler.go:163 +0x287
created by github.com/evanw/esbuild/internal/bundler.(*scanner).maybeParseFile in goroutine 38
	github.com/evanw/esbuild/internal/bundler/bundler.go:1538 +0xcff

goroutine 459 [chan receive]:
main.(*serviceType).sendRequest(0xc000116330, {0x7034a0, 0xc0015dc4e0})
	github.com/evanw/esbuild/cmd/esbuild/service.go:192 +0x12b
main.(*serviceType).convertPlugins.func2.4({{0xc0013d1710, 0x88}, {0x782eef, 0x4}, {0x0, 0x0}, {0x0, 0x0}, 0x0})
	github.com/evanw/esbuild/cmd/esbuild/service.go:1084 +0x833
github.com/evanw/esbuild/pkg/api.(*pluginImpl).onLoad.func1({{0x0, 0x0}, {{0xc0013d1710, 0x88}, {0x782eef, 0x4}, {0x0, 
0x0}, {{0x0, 0x0}}, ...}})
	github.com/evanw/esbuild/pkg/api/api_impl.go:1996 +0x190
github.com/evanw/esbuild/internal/bundler.runOnLoadPlugins({0xc00007a420?, 0x0?, 0x0?}, {0x870da0?, 0xc00006e1e0}, 
0xc00007a3c0, {0xc0002811f0, 0xc0000083f0, 0xc000008408, 0xc00006e1c0, ...}, ...)
	github.com/evanw/esbuild/internal/bundler/bundler.go:1125 +0xcb5
github.com/evanw/esbuild/internal/bundler.parseFile({{0x870da0, 0xc00006e1e0}, {0xc0002811f0, 0xc0000083f0, 
0xc000008408, 0xc00006e1c0, 0x6, 0xc000030660}, 0xc0002ec488, 0xc00007a3c0, ...})
	github.com/evanw/esbuild/internal/bundler/bundler.go:163 +0x287
created by github.com/evanw/esbuild/internal/bundler.(*scanner).maybeParseFile in goroutine 38
	github.com/evanw/esbuild/internal/bundler/bundler.go:1538 +0xcff

goroutine 450 [chan receive]:
main.(*serviceType).sendRequest(0xc000116330, {0x7034a0, 0xc001729980})
	github.com/evanw/esbuild/cmd/esbuild/service.go:192 +0x12b
main.(*serviceType).convertPlugins.func2.4({{0xc000bbfb80, 0x7f}, {0x782eef, 0x4}, {0x0, 0x0}, {0x0, 0x0}, 0x0})
	github.com/evanw/esbuild/cmd/esbuild/service.go:1084 +0x833
github.com/evanw/esbuild/pkg/api.(*pluginImpl).onLoad.func1({{0x0, 0x0}, {{0xc000bbfb80, 0x7f}, {0x782eef, 0x4}, {0x0, 
0x0}, {{0x0, 0x0}}, ...}})
	github.com/evanw/esbuild/pkg/api/api_impl.go:1996 +0x190
github.com/evanw/esbuild/internal/bundler.runOnLoadPlugins({0xc000494240?, 0x0?, 0x0?}, {0x870da0?, 0xc000390080}, 
0xc0004941e0, {0xc000280070, 0xc00044c138, 0xc00044c150, 0xc000390020, ...}, ...)
	github.com/evanw/esbuild/internal/bundler/bundler.go:1125 +0xcb5
github.com/evanw/esbuild/internal/bundler.parseFile({{0x870da0, 0xc000390080}, {0xc000280070, 0xc00044c138, 
0xc00044c150, 0xc000390020, 0x6, 0xc00048c2a0}, 0xc0000dd688, 0xc0004941e0, ...})
	github.com/evanw/esbuild/internal/bundler/bundler.go:163 +0x287
created by github.com/evanw/esbuild/internal/bundler.(*scanner).maybeParseFile in goroutine 37
	github.com/evanw/esbuild/internal/bundler/bundler.go:1538 +0xcff

goroutine 415 [chan receive]:
main.(*serviceType).sendRequest(0xc000116330, {0x7034a0, 0xc001dfac30})
	github.com/evanw/esbuild/cmd/esbuild/service.go:192 +0x12b
main.(*serviceType).convertPlugins.func2.4({{0xc000bbf180, 0x7b}, {0xc00240e494, 0x4}, {0x0, 0x0}, {0x0, 0x0}, 0x0})
	github.com/evanw/esbuild/cmd/esbuild/service.go:1084 +0x833
github.com/evanw/esbuild/pkg/api.(*pluginImpl).onLoad.func1({{0x0, 0x0}, {{0xc000bbf180, 0x7b}, {0xc00240e494, 0x4}, 
{0x0, 0x0}, {{0x0, 0x0}}, ...}})
	github.com/evanw/esbuild/pkg/api/api_impl.go:1996 +0x190
github.com/evanw/esbuild/internal/bundler.runOnLoadPlugins({0xc00007a420?, 0x2a682b?, 0xc00001e120?}, {0x870da0?, 
0xc00006e1e0}, 0xc00007a3c0, {0xc0002811f0, 0xc0000083f0, 0xc000008408, 0xc00006e1c0, ...}, ...)
	github.com/evanw/esbuild/internal/bundler/bundler.go:1125 +0xcb5
github.com/evanw/esbuild/internal/bundler.parseFile({{0x870da0, 0xc00006e1e0}, {0xc0002811f0, 0xc0000083f0, 
0xc000008408, 0xc00006e1c0, 0x6, 0xc000030660}, 0xc0002ec488, 0xc00007a3c0, ...})
	github.com/evanw/esbuild/internal/bundler/bundler.go:163 +0x287
created by github.com/evanw/esbuild/internal/bundler.(*scanner).maybeParseFile in goroutine 38
	github.com/evanw/esbuild/internal/bundler/bundler.go:1538 +0xcff

goroutine 339 [chan receive]:
main.(*serviceType).sendRequest(0xc000116330, {0x7034a0, 0xc0010ce120})
	github.com/evanw/esbuild/cmd/esbuild/service.go:192 +0x12b
main.(*serviceType).convertPlugins.func2.4({{0xc000093b80, 0x9c}, {0x782eef, 0x4}, {0x0, 0x0}, {0x0, 0x0}, 0x0})
	github.com/evanw/esbuild/cmd/esbuild/service.go:1084 +0x833
github.com/evanw/esbuild/pkg/api.(*pluginImpl).onLoad.func1({{0x0, 0x0}, {{0xc000093b80, 0x9c}, {0x782eef, 0x4}, {0x0, 
0x0}, {{0x0, 0x0}}, ...}})
	github.com/evanw/esbuild/pkg/api/api_impl.go:1996 +0x190
github.com/evanw/esbuild/internal/bundler.runOnLoadPlugins({0xc00007a420?, 0x2a682b?, 0xc0004d6060?}, {0x870da0?, 
0xc00006e1e0}, 0xc00007a3c0, {0xc0002811f0, 0xc0000083f0, 0xc000008408, 0xc00006e1c0, ...}, ...)
	github.com/evanw/esbuild/internal/bundler/bundler.go:1125 +0xcb5
github.com/evanw/esbuild/internal/bundler.parseFile({{0x870da0, 0xc00006e1e0}, {0xc0002811f0, 0xc0000083f0, 
0xc000008408, 0xc00006e1c0, 0x6, 0xc000030660}, 0xc0002ec488, 0xc00007a3c0, ...})
	github.com/evanw/esbuild/internal/bundler/bundler.go:163 +0x287
created by github.com/evanw/esbuild/internal/bundler.(*scanner).maybeParseFile in goroutine 38
	github.com/evanw/esbuild/internal/bundler/bundler.go:1538 +0xcff

goroutine 334 [chan receive]:
main.(*serviceType).sendRequest(0xc000116330, {0x7034a0, 0xc0005a6690})
	github.com/evanw/esbuild/cmd/esbuild/service.go:192 +0x12b
main.(*serviceType).convertPlugins.func2.4({{0xc0000340a0, 0x91}, {0x782eef, 0x4}, {0x0, 0x0}, {0x0, 0x0}, 0x0})
	github.com/evanw/esbuild/cmd/esbuild/service.go:1084 +0x833
github.com/evanw/esbuild/pkg/api.(*pluginImpl).onLoad.func1({{0x0, 0x0}, {{0xc0000340a0, 0x91}, {0x782eef, 0x4}, {0x0, 
0x0}, {{0x0, 0x0}}, ...}})
	github.com/evanw/esbuild/pkg/api/api_impl.go:1996 +0x190
github.com/evanw/esbuild/internal/bundler.runOnLoadPlugins({0xc000494240?, 0x0?, 0x0?}, {0x870da0?, 0xc000390080}, 
0xc0004941e0, {0xc000280070, 0xc00044c138, 0xc00044c150, 0xc000390020, ...}, ...)
	github.com/evanw/esbuild/internal/bundler/bundler.go:1125 +0xcb5
github.com/evanw/esbuild/internal/bundler.parseFile({{0x870da0, 0xc000390080}, {0xc000280070, 0xc00044c138, 
0xc00044c150, 0xc000390020, 0x6, 0xc00048c2a0}, 0xc0000dd688, 0xc0004941e0, ...})
	github.com/evanw/esbuild/internal/bundler/bundler.go:163 +0x287
created by github.com/evanw/esbuild/internal/bundler.(*scanner).maybeParseFile in goroutine 37
	github.com/evanw/esbuild/internal/bundler/bundler.go:1538 +0xcff

goroutine 437 [chan receive]:
main.(*serviceType).sendRequest(0xc000116330, {0x7034a0, 0xc0017287b0})
	github.com/evanw/esbuild/cmd/esbuild/service.go:192 +0x12b
main.(*serviceType).convertPlugins.func2.4({{0xc001732a80, 0x80}, {0x782eef, 0x4}, {0x0, 0x0}, {0x0, 0x0}, 0x0})
	github.com/evanw/esbuild/cmd/esbuild/service.go:1084 +0x833
github.com/evanw/esbuild/pkg/api.(*pluginImpl).onLoad.func1({{0x0, 0x0}, {{0xc001732a80, 0x80}, {0x782eef, 0x4}, {0x0, 
0x0}, {{0x0, 0x0}}, ...}})
	github.com/evanw/esbuild/pkg/api/api_impl.go:1996 +0x190
github.com/evanw/esbuild/internal/bundler.runOnLoadPlugins({0xc000494240?, 0x0?, 0x0?}, {0x870da0?, 0xc000390080}, 
0xc0004941e0, {0xc000280070, 0xc00044c138, 0xc00044c150, 0xc000390020, ...}, ...)
	github.com/evanw/esbuild/internal/bundler/bundler.go:1125 +0xcb5
github.com/evanw/esbuild/internal/bundler.parseFile({{0x870da0, 0xc000390080}, {0xc000280070, 0xc00044c138, 
0xc00044c150, 0xc000390020, 0x6, 0xc00048c2a0}, 0xc0000dd688, 0xc0004941e0, ...})
	github.com/evanw/esbuild/internal/bundler/bundler.go:163 +0x287
created by github.com/evanw/esbuild/internal/bundler.(*scanner).maybeParseFile in goroutine 37
	github.com/evanw/esbuild/internal/bundler/bundler.go:1538 +0xcff

goroutine 460 [chan receive]:
main.(*serviceType).sendRequest(0xc000116330, {0x7034a0, 0xc0015dc360})
	github.com/evanw/esbuild/cmd/esbuild/service.go:192 +0x12b
main.(*serviceType).convertPlugins.func2.4({{0xc0008b6cf0, 0x8f}, {0x782eef, 0x4}, {0x0, 0x0}, {0x0, 0x0}, 0x0})
	github.com/evanw/esbuild/cmd/esbuild/service.go:1084 +0x833
github.com/evanw/esbuild/pkg/api.(*pluginImpl).onLoad.func1({{0x0, 0x0}, {{0xc0008b6cf0, 0x8f}, {0x782eef, 0x4}, {0x0, 
0x0}, {{0x0, 0x0}}, ...}})
	github.com/evanw/esbuild/pkg/api/api_impl.go:1996 +0x190
github.com/evanw/esbuild/internal/bundler.runOnLoadPlugins({0xc00007a420?, 0x0?, 0x0?}, {0x870da0?, 0xc00006e1e0}, 
0xc00007a3c0, {0xc0002811f0, 0xc0000083f0, 0xc000008408, 0xc00006e1c0, ...}, ...)
	github.com/evanw/esbuild/internal/bundler/bundler.go:1125 +0xcb5
github.com/evanw/esbuild/internal/bundler.parseFile({{0x870da0, 0xc00006e1e0}, {0xc0002811f0, 0xc0000083f0, 
0xc000008408, 0xc00006e1c0, 0x6, 0xc000030660}, 0xc0002ec488, 0xc00007a3c0, ...})
	github.com/evanw/esbuild/internal/bundler/bundler.go:163 +0x287
created by github.com/evanw/esbuild/internal/bundler.(*scanner).maybeParseFile in goroutine 38
	github.com/evanw/esbuild/internal/bundler/bundler.go:1538 +0xcff

goroutine 281 [chan receive]:
main.(*serviceType).sendRequest(0xc000116330, {0x7034a0, 0xc001729560})
	github.com/evanw/esbuild/cmd/esbuild/service.go:192 +0x12b
main.(*serviceType).convertPlugins.func2.4({{0xc0016efd40, 0x86}, {0x782eef, 0x4}, {0x0, 0x0}, {0x0, 0x0}, 0x0})
	github.com/evanw/esbuild/cmd/esbuild/service.go:1084 +0x833
github.com/evanw/esbuild/pkg/api.(*pluginImpl).onLoad.func1({{0x0, 0x0}, {{0xc0016efd40, 0x86}, {0x782eef, 0x4}, {0x0, 
0x0}, {{0x0, 0x0}}, ...}})
	github.com/evanw/esbuild/pkg/api/api_impl.go:1996 +0x190
github.com/evanw/esbuild/internal/bundler.runOnLoadPlugins({0xc000494240?, 0x0?, 0x0?}, {0x870da0?, 0xc000390080}, 
0xc0004941e0, {0xc000280070, 0xc00044c138, 0xc00044c150, 0xc000390020, ...}, ...)
	github.com/evanw/esbuild/internal/bundler/bundler.go:1125 +0xcb5
github.com/evanw/esbuild/internal/bundler.parseFile({{0x870da0, 0xc000390080}, {0xc000280070, 0xc00044c138, 
0xc00044c150, 0xc000390020, 0x6, 0xc00048c2a0}, 0xc0000dd688, 0xc0004941e0, ...})
	github.com/evanw/esbuild/internal/bundler/bundler.go:163 +0x287
created by github.com/evanw/esbuild/internal/bundler.(*scanner).maybeParseFile in goroutine 37
	github.com/evanw/esbuild/internal/bundler/bundler.go:1538 +0xcff

goroutine 416 [chan receive]:
main.(*serviceType).sendRequest(0xc000116330, {0x7034a0, 0xc0020cf7a0})
	github.com/evanw/esbuild/cmd/esbuild/service.go:192 +0x12b
main.(*serviceType).convertPlugins.func2.4({{0xc000035ea0, 0x98}, {0x782eef, 0x4}, {0x0, 0x0}, {0x0, 0x0}, 0x0})
	github.com/evanw/esbuild/cmd/esbuild/service.go:1084 +0x833
github.com/evanw/esbuild/pkg/api.(*pluginImpl).onLoad.func1({{0x0, 0x0}, {{0xc000035ea0, 0x98}, {0x782eef, 0x4}, {0x0, 
0x0}, {{0x0, 0x0}}, ...}})
	github.com/evanw/esbuild/pkg/api/api_impl.go:1996 +0x190
github.com/evanw/esbuild/internal/bundler.runOnLoadPlugins({0xc000494240?, 0x2a682b?, 0xc0004d6060?}, {0x870da0?, 
0xc000390080}, 0xc0004941e0, {0xc000280070, 0xc00044c138, 0xc00044c150, 0xc000390020, ...}, ...)
	github.com/evanw/esbuild/internal/bundler/bundler.go:1125 +0xcb5
github.com/evanw/esbuild/internal/bundler.parseFile({{0x870da0, 0xc000390080}, {0xc000280070, 0xc00044c138, 
0xc00044c150, 0xc000390020, 0x6, 0xc00048c2a0}, 0xc0000dd688, 0xc0004941e0, ...})
	github.com/evanw/esbuild/internal/bundler/bundler.go:163 +0x287
created by github.com/evanw/esbuild/internal/bundler.(*scanner).maybeParseFile in goroutine 37
	github.com/evanw/esbuild/internal/bundler/bundler.go:1538 +0xcff

goroutine 454 [chan receive]:
main.(*serviceType).sendRequest(0xc000116330, {0x7034a0, 0xc0015dc3c0})
	github.com/evanw/esbuild/cmd/esbuild/service.go:192 +0x12b
main.(*serviceType).convertPlugins.func2.4({{0xc0009527e0, 0x88}, {0x782eef, 0x4}, {0x0, 0x0}, {0x0, 0x0}, 0x0})
	github.com/evanw/esbuild/cmd/esbuild/service.go:1084 +0x833
github.com/evanw/esbuild/pkg/api.(*pluginImpl).onLoad.func1({{0x0, 0x0}, {{0xc0009527e0, 0x88}, {0x782eef, 0x4}, {0x0, 
0x0}, {{0x0, 0x0}}, ...}})
	github.com/evanw/esbuild/pkg/api/api_impl.go:1996 +0x190
github.com/evanw/esbuild/internal/bundler.runOnLoadPlugins({0xc00007a420?, 0x0?, 0x0?}, {0x870da0?, 0xc00006e1e0}, 
0xc00007a3c0, {0xc0002811f0, 0xc0000083f0, 0xc000008408, 0xc00006e1c0, ...}, ...)
	github.com/evanw/esbuild/internal/bundler/bundler.go:1125 +0xcb5
github.com/evanw/esbuild/internal/bundler.parseFile({{0x870da0, 0xc00006e1e0}, {0xc0002811f0, 0xc0000083f0, 
0xc000008408, 0xc00006e1c0, 0x6, 0xc000030660}, 0xc0002ec488, 0xc00007a3c0, ...})
	github.com/evanw/esbuild/internal/bundler/bundler.go:163 +0x287
created by github.com/evanw/esbuild/internal/bundler.(*scanner).maybeParseFile in goroutine 38
	github.com/evanw/esbuild/internal/bundler/bundler.go:1538 +0xcff

goroutine 337 [chan receive]:
main.(*serviceType).sendRequest(0xc000116330, {0x7034a0, 0xc000691e30})
	github.com/evanw/esbuild/cmd/esbuild/service.go:192 +0x12b
main.(*serviceType).convertPlugins.func2.4({{0xc0000c0500, 0x77}, {0x782eef, 0x4}, {0x0, 0x0}, {0x0, 0x0}, 0x0})
	github.com/evanw/esbuild/cmd/esbuild/service.go:1084 +0x833
github.com/evanw/esbuild/pkg/api.(*pluginImpl).onLoad.func1({{0x0, 0x0}, {{0xc0000c0500, 0x77}, {0x782eef, 0x4}, {0x0, 
0x0}, {{0x0, 0x0}}, ...}})
	github.com/evanw/esbuild/pkg/api/api_impl.go:1996 +0x190
github.com/evanw/esbuild/internal/bundler.runOnLoadPlugins({0xc00007a420?, 0x0?, 0x0?}, {0x870da0?, 0xc00006e1e0}, 
0xc00007a3c0, {0xc0002811f0, 0xc0000083f0, 0xc000008408, 0xc00006e1c0, ...}, ...)
	github.com/evanw/esbuild/internal/bundler/bundler.go:1125 +0xcb5
github.com/evanw/esbuild/internal/bundler.parseFile({{0x870da0, 0xc00006e1e0}, {0xc0002811f0, 0xc0000083f0, 
0xc000008408, 0xc00006e1c0, 0x6, 0xc000030660}, 0xc0002ec488, 0xc00007a3c0, ...})
	github.com/evanw/esbuild/internal/bundler/bundler.go:163 +0x287
created by github.com/evanw/esbuild/internal/bundler.(*scanner).maybeParseFile in goroutine 38
	github.com/evanw/esbuild/internal/bundler/bundler.go:1538 +0xcff

goroutine 417 [chan receive]:
main.(*serviceType).sendRequest(0xc000116330, {0x7034a0, 0xc000cef4d0})
	github.com/evanw/esbuild/cmd/esbuild/service.go:192 +0x12b
main.(*serviceType).convertPlugins.func2.4({{0xc0002530e0, 0x93}, {0x782eef, 0x4}, {0x0, 0x0}, {0x0, 0x0}, 0x0})
	github.com/evanw/esbuild/cmd/esbuild/service.go:1084 +0x833
github.com/evanw/esbuild/pkg/api.(*pluginImpl).onLoad.func1({{0x0, 0x0}, {{0xc0002530e0, 0x93}, {0x782eef, 0x4}, {0x0, 
0x0}, {{0x0, 0x0}}, ...}})
	github.com/evanw/esbuild/pkg/api/api_impl.go:1996 +0x190
github.com/evanw/esbuild/internal/bundler.runOnLoadPlugins({0xc000494240?, 0x2a682b?, 0xc00001e120?}, {0x870da0?, 
0xc000390080}, 0xc0004941e0, {0xc000280070, 0xc00044c138, 0xc00044c150, 0xc000390020, ...}, ...)
	github.com/evanw/esbuild/internal/bundler/bundler.go:1125 +0xcb5
github.com/evanw/esbuild/internal/bundler.parseFile({{0x870da0, 0xc000390080}, {0xc000280070, 0xc00044c138, 
0xc00044c150, 0xc000390020, 0x6, 0xc00048c2a0}, 0xc0000dd688, 0xc0004941e0, ...})
	github.com/evanw/esbuild/internal/bundler/bundler.go:163 +0x287
created by github.com/evanw/esbuild/internal/bundler.(*scanner).maybeParseFile in goroutine 37
	github.com/evanw/esbuild/internal/bundler/bundler.go:1538 +0xcff

goroutine 642 [chan receive]:
main.(*serviceType).sendRequest(0xc000116330, {0x7034a0, 0xc0020cf6b0})
	github.com/evanw/esbuild/cmd/esbuild/service.go:192 +0x12b
main.(*serviceType).convertPlugins.func2.4({{0xc002faa000, 0x95}, {0x782eef, 0x4}, {0x0, 0x0}, {0x0, 0x0}, 0x0})
	github.com/evanw/esbuild/cmd/esbuild/service.go:1084 +0x833
github.com/evanw/esbuild/pkg/api.(*pluginImpl).onLoad.func1({{0x0, 0x0}, {{0xc002faa000, 0x95}, {0x782eef, 0x4}, {0x0, 
0x0}, {{0x0, 0x0}}, ...}})
	github.com/evanw/esbuild/pkg/api/api_impl.go:1996 +0x190
github.com/evanw/esbuild/internal/bundler.runOnLoadPlugins({0xc000494240?, 0x2a682b?, 0xc00001e120?}, {0x870da0?, 
0xc000390080}, 0xc0004941e0, {0xc000280070, 0xc00044c138, 0xc00044c150, 0xc000390020, ...}, ...)
	github.com/evanw/esbuild/internal/bundler/bundler.go:1125 +0xcb5
github.com/evanw/esbuild/internal/bundler.parseFile({{0x870da0, 0xc000390080}, {0xc000280070, 0xc00044c138, 
0xc00044c150, 0xc000390020, 0x6, 0xc00048c2a0}, 0xc0000dd688, 0xc0004941e0, ...})
	github.com/evanw/esbuild/internal/bundler/bundler.go:163 +0x287
created by github.com/evanw/esbuild/internal/bundler.(*scanner).maybeParseFile in goroutine 37
	github.com/evanw/esbuild/internal/bundler/bundler.go:1538 +0xcff

goroutine 157 [chan receive]:
main.(*serviceType).sendRequest(0xc000116330, {0x7034a0, 0xc002850060})
	github.com/evanw/esbuild/cmd/esbuild/service.go:192 +0x12b
main.(*serviceType).convertPlugins.func2.4({{0xc0006dcb40, 0x86}, {0x782eef, 0x4}, {0x0, 0x0}, {0x0, 0x0}, 0x0})
	github.com/evanw/esbuild/cmd/esbuild/service.go:1084 +0x833
github.com/evanw/esbuild/pkg/api.(*pluginImpl).onLoad.func1({{0x0, 0x0}, {{0xc0006dcb40, 0x86}, {0x782eef, 0x4}, {0x0, 
0x0}, {{0x0, 0x0}}, ...}})
	github.com/evanw/esbuild/pkg/api/api_impl.go:1996 +0x190
github.com/evanw/esbuild/internal/bundler.runOnLoadPlugins({0xc00007a420?, 0x2a682b?, 0xc00001e120?}, {0x870da0?, 
0xc00006e1e0}, 0xc00007a3c0, {0xc0002811f0, 0xc0000083f0, 0xc000008408, 0xc00006e1c0, ...}, ...)
	github.com/evanw/esbuild/internal/bundler/bundler.go:1125 +0xcb5
github.com/evanw/esbuild/internal/bundler.parseFile({{0x870da0, 0xc00006e1e0}, {0xc0002811f0, 0xc0000083f0, 
0xc000008408, 0xc00006e1c0, 0x6, 0xc000030660}, 0xc0002ec488, 0xc00007a3c0, ...})
	github.com/evanw/esbuild/internal/bundler/bundler.go:163 +0x287
created by github.com/evanw/esbuild/internal/bundler.(*scanner).maybeParseFile in goroutine 38
	github.com/evanw/esbuild/internal/bundler/bundler.go:1538 +0xcff

goroutine 354 [chan receive]:
main.(*serviceType).sendRequest(0xc000116330, {0x7034a0, 0xc0005a6a20})
	github.com/evanw/esbuild/cmd/esbuild/service.go:192 +0x12b
main.(*serviceType).convertPlugins.func2.4({{0xc0004f2e00, 0x7c}, {0x782eef, 0x4}, {0x0, 0x0}, {0x0, 0x0}, 0x0})
	github.com/evanw/esbuild/cmd/esbuild/service.go:1084 +0x833
github.com/evanw/esbuild/pkg/api.(*pluginImpl).onLoad.func1({{0x0, 0x0}, {{0xc0004f2e00, 0x7c}, {0x782eef, 0x4}, {0x0, 
0x0}, {{0x0, 0x0}}, ...}})
	github.com/evanw/esbuild/pkg/api/api_impl.go:1996 +0x190
github.com/evanw/esbuild/internal/bundler.runOnLoadPlugins({0xc00007a420?, 0x0?, 0x0?}, {0x870da0?, 0xc00006e1e0}, 
0xc00007a3c0, {0xc0002811f0, 0xc0000083f0, 0xc000008408, 0xc00006e1c0, ...}, ...)
	github.com/evanw/esbuild/internal/bundler/bundler.go:1125 +0xcb5
github.com/evanw/esbuild/internal/bundler.parseFile({{0x870da0, 0xc00006e1e0}, {0xc0002811f0, 0xc0000083f0, 
0xc000008408, 0xc00006e1c0, 0x6, 0xc000030660}, 0xc0002ec488, 0xc00007a3c0, ...})
	github.com/evanw/esbuild/internal/bundler/bundler.go:163 +0x287
created by github.com/evanw/esbuild/internal/bundler.(*scanner).maybeParseFile in goroutine 38
	github.com/evanw/esbuild/internal/bundler/bundler.go:1538 +0xcff

goroutine 449 [chan receive]:
main.(*serviceType).sendRequest(0xc000116330, {0x7034a0, 0xc001728f60})
	github.com/evanw/esbuild/cmd/esbuild/service.go:192 +0x12b
main.(*serviceType).convertPlugins.func2.4({{0xc0002532c0, 0x97}, {0x782eef, 0x4}, {0x0, 0x0}, {0x0, 0x0}, 0x0})
	github.com/evanw/esbuild/cmd/esbuild/service.go:1084 +0x833
github.com/evanw/esbuild/pkg/api.(*pluginImpl).onLoad.func1({{0x0, 0x0}, {{0xc0002532c0, 0x97}, {0x782eef, 0x4}, {0x0, 
0x0}, {{0x0, 0x0}}, ...}})
	github.com/evanw/esbuild/pkg/api/api_impl.go:1996 +0x190
github.com/evanw/esbuild/internal/bundler.runOnLoadPlugins({0xc000494240?, 0x0?, 0x0?}, {0x870da0?, 0xc000390080}, 
0xc0004941e0, {0xc000280070, 0xc00044c138, 0xc00044c150, 0xc000390020, ...}, ...)
	github.com/evanw/esbuild/internal/bundler/bundler.go:1125 +0xcb5
github.com/evanw/esbuild/internal/bundler.parseFile({{0x870da0, 0xc000390080}, {0xc000280070, 0xc00044c138, 
0xc00044c150, 0xc000390020, 0x6, 0xc00048c2a0}, 0xc0000dd688, 0xc0004941e0, ...})
	github.com/evanw/esbuild/internal/bundler/bundler.go:163 +0x287
created by github.com/evanw/esbuild/internal/bundler.(*scanner).maybeParseFile in goroutine 37
	github.com/evanw/esbuild/internal/bundler/bundler.go:1538 +0xcff

goroutine 401 [chan receive]:
main.(*serviceType).sendRequest(0xc000116330, {0x7034a0, 0xc002ca62a0})
	github.com/evanw/esbuild/cmd/esbuild/service.go:192 +0x12b
main.(*serviceType).convertPlugins.func2.4({{0xc002fa6750, 0x8e}, {0x782eef, 0x4}, {0x0, 0x0}, {0x0, 0x0}, 0x0})
	github.com/evanw/esbuild/cmd/esbuild/service.go:1084 +0x833
github.com/evanw/esbuild/pkg/api.(*pluginImpl).onLoad.func1({{0x0, 0x0}, {{0xc002fa6750, 0x8e}, {0x782eef, 0x4}, {0x0, 
0x0}, {{0x0, 0x0}}, ...}})
	github.com/evanw/esbuild/pkg/api/api_impl.go:1996 +0x190
github.com/evanw/esbuild/internal/bundler.runOnLoadPlugins({0xc000494240?, 0x2a682b?, 0xc00001e120?}, {0x870da0?, 
0xc000390080}, 0xc0004941e0, {0xc000280070, 0xc00044c138, 0xc00044c150, 0xc000390020, ...}, ...)
	github.com/evanw/esbuild/internal/bundler/bundler.go:1125 +0xcb5
github.com/evanw/esbuild/internal/bundler.parseFile({{0x870da0, 0xc000390080}, {0xc000280070, 0xc00044c138, 
0xc00044c150, 0xc000390020, 0x6, 0xc00048c2a0}, 0xc0000dd688, 0xc0004941e0, ...})
	github.com/evanw/esbuild/internal/bundler/bundler.go:163 +0x287
created by github.com/evanw/esbuild/internal/bundler.(*scanner).maybeParseFile in goroutine 37
	github.com/evanw/esbuild/internal/bundler/bundler.go:1538 +0xcff

goroutine 451 [chan receive]:
main.(*serviceType).sendRequest(0xc000116330, {0x7034a0, 0xc001729500})
	github.com/evanw/esbuild/cmd/esbuild/service.go:192 +0x12b
main.(*serviceType).convertPlugins.func2.4({{0xc000bc2bd0, 0x84}, {0x782eef, 0x4}, {0x0, 0x0}, {0x0, 0x0}, 0x0})
	github.com/evanw/esbuild/cmd/esbuild/service.go:1084 +0x833
github.com/evanw/esbuild/pkg/api.(*pluginImpl).onLoad.func1({{0x0, 0x0}, {{0xc000bc2bd0, 0x84}, {0x782eef, 0x4}, {0x0, 
0x0}, {{0x0, 0x0}}, ...}})
	github.com/evanw/esbuild/pkg/api/api_impl.go:1996 +0x190
github.com/evanw/esbuild/internal/bundler.runOnLoadPlugins({0xc000494240?, 0x2a682b?, 0xc00001e120?}, {0x870da0?, 
0xc000390080}, 0xc0004941e0, {0xc000280070, 0xc00044c138, 0xc00044c150, 0xc000390020, ...}, ...)
	github.com/evanw/esbuild/internal/bundler/bundler.go:1125 +0xcb5
github.com/evanw/esbuild/internal/bundler.parseFile({{0x870da0, 0xc000390080}, {0xc000280070, 0xc00044c138, 
0xc00044c150, 0xc000390020, 0x6, 0xc00048c2a0}, 0xc0000dd688, 0xc0004941e0, ...})
	github.com/evanw/esbuild/internal/bundler/bundler.go:163 +0x287
created by github.com/evanw/esbuild/internal/bundler.(*scanner).maybeParseFile in goroutine 37
	github.com/evanw/esbuild/internal/bundler/bundler.go:1538 +0xcff

goroutine 455 [chan receive]:
main.(*serviceType).sendRequest(0xc000116330, {0x7034a0, 0xc0015dc420})
	github.com/evanw/esbuild/cmd/esbuild/service.go:192 +0x12b
main.(*serviceType).convertPlugins.func2.4({{0xc0013d10e0, 0x86}, {0x782eef, 0x4}, {0x0, 0x0}, {0x0, 0x0}, 0x0})
	github.com/evanw/esbuild/cmd/esbuild/service.go:1084 +0x833
github.com/evanw/esbuild/pkg/api.(*pluginImpl).onLoad.func1({{0x0, 0x0}, {{0xc0013d10e0, 0x86}, {0x782eef, 0x4}, {0x0, 
0x0}, {{0x0, 0x0}}, ...}})
	github.com/evanw/esbuild/pkg/api/api_impl.go:1996 +0x190
github.com/evanw/esbuild/internal/bundler.runOnLoadPlugins({0xc00007a420?, 0x2a682b?, 0xc00001e120?}, {0x870da0?, 
0xc00006e1e0}, 0xc00007a3c0, {0xc0002811f0, 0xc0000083f0, 0xc000008408, 0xc00006e1c0, ...}, ...)
	github.com/evanw/esbuild/internal/bundler/bundler.go:1125 +0xcb5
github.com/evanw/esbuild/internal/bundler.parseFile({{0x870da0, 0xc00006e1e0}, {0xc0002811f0, 0xc0000083f0, 
0xc000008408, 0xc00006e1c0, 0x6, 0xc000030660}, 0xc0002ec488, 0xc00007a3c0, ...})
	github.com/evanw/esbuild/internal/bundler/bundler.go:163 +0x287
created by github.com/evanw/esbuild/internal/bundler.(*scanner).maybeParseFile in goroutine 38
	github.com/evanw/esbuild/internal/bundler/bundler.go:1538 +0xcff

goroutine 340 [chan receive]:
main.(*serviceType).sendRequest(0xc000116330, {0x7034a0, 0xc0010ce090})
	github.com/evanw/esbuild/cmd/esbuild/service.go:192 +0x12b
main.(*serviceType).convertPlugins.func2.4({{0xc0004fec60, 0xa1}, {0x782eef, 0x4}, {0x0, 0x0}, {0x0, 0x0}, 0x0})
	github.com/evanw/esbuild/cmd/esbuild/service.go:1084 +0x833
github.com/evanw/esbuild/pkg/api.(*pluginImpl).onLoad.func1({{0x0, 0x0}, {{0xc0004fec60, 0xa1}, {0x782eef, 0x4}, {0x0, 
0x0}, {{0x0, 0x0}}, ...}})
	github.com/evanw/esbuild/pkg/api/api_impl.go:1996 +0x190
github.com/evanw/esbuild/internal/bundler.runOnLoadPlugins({0xc00007a420?, 0x2a682b?, 0xc0004d6060?}, {0x870da0?, 
0xc00006e1e0}, 0xc00007a3c0, {0xc0002811f0, 0xc0000083f0, 0xc000008408, 0xc00006e1c0, ...}, ...)
	github.com/evanw/esbuild/internal/bundler/bundler.go:1125 +0xcb5
github.com/evanw/esbuild/internal/bundler.parseFile({{0x870da0, 0xc00006e1e0}, {0xc0002811f0, 0xc0000083f0, 
0xc000008408, 0xc00006e1c0, 0x6, 0xc000030660}, 0xc0002ec488, 0xc00007a3c0, ...})
	github.com/evanw/esbuild/internal/bundler/bundler.go:163 +0x287
created by github.com/evanw/esbuild/internal/bundler.(*scanner).maybeParseFile in goroutine 38
	github.com/evanw/esbuild/internal/bundler/bundler.go:1538 +0xcff

goroutine 577 [chan receive]:
main.(*serviceType).sendRequest(0xc000116330, {0x7034a0, 0xc001a7b9e0})
	github.com/evanw/esbuild/cmd/esbuild/service.go:192 +0x12b
main.(*serviceType).convertPlugins.func2.4({{0xc0008eec80, 0x97}, {0x782eef, 0x4}, {0x0, 0x0}, {0x0, 0x0}, 0x0})
	github.com/evanw/esbuild/cmd/esbuild/service.go:1084 +0x833
github.com/evanw/esbuild/pkg/api.(*pluginImpl).onLoad.func1({{0x0, 0x0}, {{0xc0008eec80, 0x97}, {0x782eef, 0x4}, {0x0, 
0x0}, {{0x0, 0x0}}, ...}})
	github.com/evanw/esbuild/pkg/api/api_impl.go:1996 +0x190
github.com/evanw/esbuild/internal/bundler.runOnLoadPlugins({0xc00007a420?, 0x2a682b?, 0xc0004d6060?}, {0x870da0?, 
0xc00006e1e0}, 0xc00007a3c0, {0xc0002811f0, 0xc0000083f0, 0xc000008408, 0xc00006e1c0, ...}, ...)
	github.com/evanw/esbuild/internal/bundler/bundler.go:1125 +0xcb5
github.com/evanw/esbuild/internal/bundler.parseFile({{0x870da0, 0xc00006e1e0}, {0xc0002811f0, 0xc0000083f0, 
0xc000008408, 0xc00006e1c0, 0x6, 0xc000030660}, 0xc0002ec488, 0xc00007a3c0, ...})
	github.com/evanw/esbuild/internal/bundler/bundler.go:163 +0x287
created by github.com/evanw/esbuild/internal/bundler.(*scanner).maybeParseFile in goroutine 38
	github.com/evanw/esbuild/internal/bundler/bundler.go:1538 +0xcff

goroutine 637 [chan receive]:
main.(*serviceType).sendRequest(0xc000116330, {0x7034a0, 0xc0020cf0e0})
	github.com/evanw/esbuild/cmd/esbuild/service.go:192 +0x12b
main.(*serviceType).convertPlugins.func2.4({{0xc0029d0ab0, 0x8f}, {0x782eef, 0x4}, {0x0, 0x0}, {0x0, 0x0}, 0x0})
	github.com/evanw/esbuild/cmd/esbuild/service.go:1084 +0x833
github.com/evanw/esbuild/pkg/api.(*pluginImpl).onLoad.func1({{0x0, 0x0}, {{0xc0029d0ab0, 0x8f}, {0x782eef, 0x4}, {0x0, 
0x0}, {{0x0, 0x0}}, ...}})
	github.com/evanw/esbuild/pkg/api/api_impl.go:1996 +0x190
github.com/evanw/esbuild/internal/bundler.runOnLoadPlugins({0xc000494240?, 0x2a682b?, 0xc00001e120?}, {0x870da0?, 
0xc000390080}, 0xc0004941e0, {0xc000280070, 0xc00044c138, 0xc00044c150, 0xc000390020, ...}, ...)
	github.com/evanw/esbuild/internal/bundler/bundler.go:1125 +0xcb5
github.com/evanw/esbuild/internal/bundler.parseFile({{0x870da0, 0xc000390080}, {0xc000280070, 0xc00044c138, 
0xc00044c150, 0xc000390020, 0x6, 0xc00048c2a0}, 0xc0000dd688, 0xc0004941e0, ...})
	github.com/evanw/esbuild/internal/bundler/bundler.go:163 +0x287
created by github.com/evanw/esbuild/internal/bundler.(*scanner).maybeParseFile in goroutine 37
	github.com/evanw/esbuild/internal/bundler/bundler.go:1538 +0xcff

goroutine 636 [chan receive]:
main.(*serviceType).sendRequest(0xc000116330, {0x7034a0, 0xc0020cf080})
	github.com/evanw/esbuild/cmd/esbuild/service.go:192 +0x12b
main.(*serviceType).convertPlugins.func2.4({{0xc0000346e0, 0x92}, {0x782eef, 0x4}, {0x0, 0x0}, {0x0, 0x0}, 0x0})
	github.com/evanw/esbuild/cmd/esbuild/service.go:1084 +0x833
github.com/evanw/esbuild/pkg/api.(*pluginImpl).onLoad.func1({{0x0, 0x0}, {{0xc0000346e0, 0x92}, {0x782eef, 0x4}, {0x0, 
0x0}, {{0x0, 0x0}}, ...}})
	github.com/evanw/esbuild/pkg/api/api_impl.go:1996 +0x190
github.com/evanw/esbuild/internal/bundler.runOnLoadPlugins({0xc000494240?, 0x2a682b?, 0xc0004d6060?}, {0x870da0?, 
0xc000390080}, 0xc0004941e0, {0xc000280070, 0xc00044c138, 0xc00044c150, 0xc000390020, ...}, ...)
	github.com/evanw/esbuild/internal/bundler/bundler.go:1125 +0xcb5
github.com/evanw/esbuild/internal/bundler.parseFile({{0x870da0, 0xc000390080}, {0xc000280070, 0xc00044c138, 
0xc00044c150, 0xc000390020, 0x6, 0xc00048c2a0}, 0xc0000dd688, 0xc0004941e0, ...})
	github.com/evanw/esbuild/internal/bundler/bundler.go:163 +0x287
created by github.com/evanw/esbuild/internal/bundler.(*scanner).maybeParseFile in goroutine 37
	github.com/evanw/esbuild/internal/bundler/bundler.go:1538 +0xcff

goroutine 633 [chan receive]:
main.(*serviceType).sendRequest(0xc000116330, {0x7034a0, 0xc001d6eb70})
	github.com/evanw/esbuild/cmd/esbuild/service.go:192 +0x12b
main.(*serviceType).convertPlugins.func2.4({{0xc00076fa70, 0x85}, {0xc00240e368, 0x4}, {0x0, 0x0}, {0x0, 0x0}, 0x0})
	github.com/evanw/esbuild/cmd/esbuild/service.go:1084 +0x833
github.com/evanw/esbuild/pkg/api.(*pluginImpl).onLoad.func1({{0x0, 0x0}, {{0xc00076fa70, 0x85}, {0xc00240e368, 0x4}, 
{0x0, 0x0}, {{0x0, 0x0}}, ...}})
	github.com/evanw/esbuild/pkg/api/api_impl.go:1996 +0x190
github.com/evanw/esbuild/internal/bundler.runOnLoadPlugins({0xc00007a420?, 0x2a682b?, 0xc00001e120?}, {0x870da0?, 
0xc00006e1e0}, 0xc00007a3c0, {0xc0002811f0, 0xc0000083f0, 0xc000008408, 0xc00006e1c0, ...}, ...)
	github.com/evanw/esbuild/internal/bundler/bundler.go:1125 +0xcb5
github.com/evanw/esbuild/internal/bundler.parseFile({{0x870da0, 0xc00006e1e0}, {0xc0002811f0, 0xc0000083f0, 
0xc000008408, 0xc00006e1c0, 0x6, 0xc000030660}, 0xc0002ec488, 0xc00007a3c0, ...})
	github.com/evanw/esbuild/internal/bundler/bundler.go:163 +0x287
created by github.com/evanw/esbuild/internal/bundler.(*scanner).maybeParseFile in goroutine 38
	github.com/evanw/esbuild/internal/bundler/bundler.go:1538 +0xcff

goroutine 639 [chan receive]:
main.(*serviceType).sendRequest(0xc000116330, {0x7034a0, 0xc0020cec60})
	github.com/evanw/esbuild/cmd/esbuild/service.go:192 +0x12b
main.(*serviceType).convertPlugins.func2.4({{0xc0000937c0, 0x93}, {0x782eef, 0x4}, {0x0, 0x0}, {0x0, 0x0}, 0x0})
	github.com/evanw/esbuild/cmd/esbuild/service.go:1084 +0x833
github.com/evanw/esbuild/pkg/api.(*pluginImpl).onLoad.func1({{0x0, 0x0}, {{0xc0000937c0, 0x93}, {0x782eef, 0x4}, {0x0, 
0x0}, {{0x0, 0x0}}, ...}})
	github.com/evanw/esbuild/pkg/api/api_impl.go:1996 +0x190
github.com/evanw/esbuild/internal/bundler.runOnLoadPlugins({0xc000494240?, 0x0?, 0x0?}, {0x870da0?, 0xc000390080}, 
0xc0004941e0, {0xc000280070, 0xc00044c138, 0xc00044c150, 0xc000390020, ...}, ...)
	github.com/evanw/esbuild/internal/bundler/bundler.go:1125 +0xcb5
github.com/evanw/esbuild/internal/bundler.parseFile({{0x870da0, 0xc000390080}, {0xc000280070, 0xc00044c138, 
0xc00044c150, 0xc000390020, 0x6, 0xc00048c2a0}, 0xc0000dd688, 0xc0004941e0, ...})
	github.com/evanw/esbuild/internal/bundler/bundler.go:163 +0x287
created by github.com/evanw/esbuild/internal/bundler.(*scanner).maybeParseFile in goroutine 37
	github.com/evanw/esbuild/internal/bundler/bundler.go:1538 +0xcff

goroutine 640 [chan receive]:
main.(*serviceType).sendRequest(0xc000116330, {0x7034a0, 0xc001de01e0})
	github.com/evanw/esbuild/cmd/esbuild/service.go:192 +0x12b
main.(*serviceType).convertPlugins.func2.4({{0xc002f20460, 0x95}, {0x782eef, 0x4}, {0x0, 0x0}, {0x0, 0x0}, 0x0})
	github.com/evanw/esbuild/cmd/esbuild/service.go:1084 +0x833
github.com/evanw/esbuild/pkg/api.(*pluginImpl).onLoad.func1({{0x0, 0x0}, {{0xc002f20460, 0x95}, {0x782eef, 0x4}, {0x0, 
0x0}, {{0x0, 0x0}}, ...}})
	github.com/evanw/esbuild/pkg/api/api_impl.go:1996 +0x190
github.com/evanw/esbuild/internal/bundler.runOnLoadPlugins({0xc000494240?, 0x2a682b?, 0xc00001e120?}, {0x870da0?, 
0xc000390080}, 0xc0004941e0, {0xc000280070, 0xc00044c138, 0xc00044c150, 0xc000390020, ...}, ...)
	github.com/evanw/esbuild/internal/bundler/bundler.go:1125 +0xcb5
github.com/evanw/esbuild/internal/bundler.parseFile({{0x870da0, 0xc000390080}, {0xc000280070, 0xc00044c138, 
0xc00044c150, 0xc000390020, 0x6, 0xc00048c2a0}, 0xc0000dd688, 0xc0004941e0, ...})
	github.com/evanw/esbuild/internal/bundler/bundler.go:163 +0x287
created by github.com/evanw/esbuild/internal/bundler.(*scanner).maybeParseFile in goroutine 37
	github.com/evanw/esbuild/internal/bundler/bundler.go:1538 +0xcff

goroutine 641 [chan receive]:
main.(*serviceType).sendRequest(0xc000116330, {0x7034a0, 0xc001de0240})
	github.com/evanw/esbuild/cmd/esbuild/service.go:192 +0x12b
main.(*serviceType).convertPlugins.func2.4({{0xc0002534a0, 0x93}, {0x782eef, 0x4}, {0x0, 0x0}, {0x0, 0x0}, 0x0})
	github.com/evanw/esbuild/cmd/esbuild/service.go:1084 +0x833
github.com/evanw/esbuild/pkg/api.(*pluginImpl).onLoad.func1({{0x0, 0x0}, {{0xc0002534a0, 0x93}, {0x782eef, 0x4}, {0x0, 
0x0}, {{0x0, 0x0}}, ...}})
	github.com/evanw/esbuild/pkg/api/api_impl.go:1996 +0x190
github.com/evanw/esbuild/internal/bundler.runOnLoadPlugins({0xc000494240?, 0x2a682b?, 0xc00001e120?}, {0x870da0?, 
0xc000390080}, 0xc0004941e0, {0xc000280070, 0xc00044c138, 0xc00044c150, 0xc000390020, ...}, ...)
	github.com/evanw/esbuild/internal/bundler/bundler.go:1125 +0xcb5
github.com/evanw/esbuild/internal/bundler.parseFile({{0x870da0, 0xc000390080}, {0xc000280070, 0xc00044c138, 
0xc00044c150, 0xc000390020, 0x6, 0xc00048c2a0}, 0xc0000dd688, 0xc0004941e0, ...})
	github.com/evanw/esbuild/internal/bundler/bundler.go:163 +0x287
created by github.com/evanw/esbuild/internal/bundler.(*scanner).maybeParseFile in goroutine 37
	github.com/evanw/esbuild/internal/bundler/bundler.go:1538 +0xcff

goroutine 674 [chan receive]:
main.(*serviceType).sendRequest(0xc000116330, {0x7034a0, 0xc0020cf320})
	github.com/evanw/esbuild/cmd/esbuild/service.go:192 +0x12b
main.(*serviceType).convertPlugins.func2.4({{0xc000253ea0, 0x93}, {0x782eef, 0x4}, {0x0, 0x0}, {0x0, 0x0}, 0x0})
	github.com/evanw/esbuild/cmd/esbuild/service.go:1084 +0x833
github.com/evanw/esbuild/pkg/api.(*pluginImpl).onLoad.func1({{0x0, 0x0}, {{0xc000253ea0, 0x93}, {0x782eef, 0x4}, {0x0, 
0x0}, {{0x0, 0x0}}, ...}})
	github.com/evanw/esbuild/pkg/api/api_impl.go:1996 +0x190
github.com/evanw/esbuild/internal/bundler.runOnLoadPlugins({0xc000494240?, 0x2a682b?, 0xc00001e120?}, {0x870da0?, 
0xc000390080}, 0xc0004941e0, {0xc000280070, 0xc00044c138, 0xc00044c150, 0xc000390020, ...}, ...)
	github.com/evanw/esbuild/internal/bundler/bundler.go:1125 +0xcb5
github.com/evanw/esbuild/internal/bundler.parseFile({{0x870da0, 0xc000390080}, {0xc000280070, 0xc00044c138, 
0xc00044c150, 0xc000390020, 0x6, 0xc00048c2a0}, 0xc0000dd688, 0xc0004941e0, ...})
	github.com/evanw/esbuild/internal/bundler/bundler.go:163 +0x287
created by github.com/evanw/esbuild/internal/bundler.(*scanner).maybeParseFile in goroutine 37
	github.com/evanw/esbuild/internal/bundler/bundler.go:1538 +0xcff

goroutine 675 [chan receive]:
main.(*serviceType).sendRequest(0xc000116330, {0x7034a0, 0xc001de0180})
	github.com/evanw/esbuild/cmd/esbuild/service.go:192 +0x12b
main.(*serviceType).convertPlugins.func2.4({{0xc00304c1e0, 0x93}, {0x782eef, 0x4}, {0x0, 0x0}, {0x0, 0x0}, 0x0})
	github.com/evanw/esbuild/cmd/esbuild/service.go:1084 +0x833
github.com/evanw/esbuild/pkg/api.(*pluginImpl).onLoad.func1({{0x0, 0x0}, {{0xc00304c1e0, 0x93}, {0x782eef, 0x4}, {0x0, 
0x0}, {{0x0, 0x0}}, ...}})
	github.com/evanw/esbuild/pkg/api/api_impl.go:1996 +0x190
github.com/evanw/esbuild/internal/bundler.runOnLoadPlugins({0xc000494240?, 0x2a682b?, 0xc00001e120?}, {0x870da0?, 
0xc000390080}, 0xc0004941e0, {0xc000280070, 0xc00044c138, 0xc00044c150, 0xc000390020, ...}, ...)
	github.com/evanw/esbuild/internal/bundler/bundler.go:1125 +0xcb5
github.com/evanw/esbuild/internal/bundler.parseFile({{0x870da0, 0xc000390080}, {0xc000280070, 0xc00044c138, 
0xc00044c150, 0xc000390020, 0x6, 0xc00048c2a0}, 0xc0000dd688, 0xc0004941e0, ...})
	github.com/evanw/esbuild/internal/bundler/bundler.go:163 +0x287
created by github.com/evanw/esbuild/internal/bundler.(*scanner).maybeParseFile in goroutine 37
	github.com/evanw/esbuild/internal/bundler/bundler.go:1538 +0xcff

goroutine 676 [chan receive]:
main.(*serviceType).sendRequest(0xc000116330, {0x7034a0, 0xc0020cf200})
	github.com/evanw/esbuild/cmd/esbuild/service.go:192 +0x12b
main.(*serviceType).convertPlugins.func2.4({{0xc002f20e60, 0x99}, {0x782eef, 0x4}, {0x0, 0x0}, {0x0, 0x0}, 0x0})
	github.com/evanw/esbuild/cmd/esbuild/service.go:1084 +0x833
github.com/evanw/esbuild/pkg/api.(*pluginImpl).onLoad.func1({{0x0, 0x0}, {{0xc002f20e60, 0x99}, {0x782eef, 0x4}, {0x0, 
0x0}, {{0x0, 0x0}}, ...}})
	github.com/evanw/esbuild/pkg/api/api_impl.go:1996 +0x190
github.com/evanw/esbuild/internal/bundler.runOnLoadPlugins({0xc000494240?, 0x2a682b?, 0xc00001e120?}, {0x870da0?, 
0xc000390080}, 0xc0004941e0, {0xc000280070, 0xc00044c138, 0xc00044c150, 0xc000390020, ...}, ...)
	github.com/evanw/esbuild/internal/bundler/bundler.go:1125 +0xcb5
github.com/evanw/esbuild/internal/bundler.parseFile({{0x870da0, 0xc000390080}, {0xc000280070, 0xc00044c138, 
0xc00044c150, 0xc000390020, 0x6, 0xc00048c2a0}, 0xc0000dd688, 0xc0004941e0, ...})
	github.com/evanw/esbuild/internal/bundler/bundler.go:163 +0x287
created by github.com/evanw/esbuild/internal/bundler.(*scanner).maybeParseFile in goroutine 37
	github.com/evanw/esbuild/internal/bundler/bundler.go:1538 +0xcff

goroutine 677 [chan receive]:
main.(*serviceType).sendRequest(0xc000116330, {0x7034a0, 0xc0020cf260})
	github.com/evanw/esbuild/cmd/esbuild/service.go:192 +0x12b
main.(*serviceType).convertPlugins.func2.4({{0xc002f212c0, 0x96}, {0x782eef, 0x4}, {0x0, 0x0}, {0x0, 0x0}, 0x0})
	github.com/evanw/esbuild/cmd/esbuild/service.go:1084 +0x833
github.com/evanw/esbuild/pkg/api.(*pluginImpl).onLoad.func1({{0x0, 0x0}, {{0xc002f212c0, 0x96}, {0x782eef, 0x4}, {0x0, 
0x0}, {{0x0, 0x0}}, ...}})
	github.com/evanw/esbuild/pkg/api/api_impl.go:1996 +0x190
github.com/evanw/esbuild/internal/bundler.runOnLoadPlugins({0xc000494240?, 0x2a682b?, 0xc00001e120?}, {0x870da0?, 
0xc000390080}, 0xc0004941e0, {0xc000280070, 0xc00044c138, 0xc00044c150, 0xc000390020, ...}, ...)
	github.com/evanw/esbuild/internal/bundler/bundler.go:1125 +0xcb5
github.com/evanw/esbuild/internal/bundler.parseFile({{0x870da0, 0xc000390080}, {0xc000280070, 0xc00044c138, 
0xc00044c150, 0xc000390020, 0x6, 0xc00048c2a0}, 0xc0000dd688, 0xc0004941e0, ...})
	github.com/evanw/esbuild/internal/bundler/bundler.go:163 +0x287
created by github.com/evanw/esbuild/internal/bundler.(*scanner).maybeParseFile in goroutine 37
	github.com/evanw/esbuild/internal/bundler/bundler.go:1538 +0xcff

goroutine 678 [chan receive]:
main.(*serviceType).sendRequest(0xc000116330, {0x7034a0, 0xc0020cf2c0})
	github.com/evanw/esbuild/cmd/esbuild/service.go:192 +0x12b
main.(*serviceType).convertPlugins.func2.4({{0xc002f215e0, 0x9a}, {0x782eef, 0x4}, {0x0, 0x0}, {0x0, 0x0}, 0x0})
	github.com/evanw/esbuild/cmd/esbuild/service.go:1084 +0x833
github.com/evanw/esbuild/pkg/api.(*pluginImpl).onLoad.func1({{0x0, 0x0}, {{0xc002f215e0, 0x9a}, {0x782eef, 0x4}, {0x0, 
0x0}, {{0x0, 0x0}}, ...}})
	github.com/evanw/esbuild/pkg/api/api_impl.go:1996 +0x190
github.com/evanw/esbuild/internal/bundler.runOnLoadPlugins({0xc000494240?, 0x2a682b?, 0xc00001e120?}, {0x870da0?, 
0xc000390080}, 0xc0004941e0, {0xc000280070, 0xc00044c138, 0xc00044c150, 0xc000390020, ...}, ...)
	github.com/evanw/esbuild/internal/bundler/bundler.go:1125 +0xcb5
github.com/evanw/esbuild/internal/bundler.parseFile({{0x870da0, 0xc000390080}, {0xc000280070, 0xc00044c138, 
0xc00044c150, 0xc000390020, 0x6, 0xc00048c2a0}, 0xc0000dd688, 0xc0004941e0, ...})
	github.com/evanw/esbuild/internal/bundler/bundler.go:163 +0x287
created by github.com/evanw/esbuild/internal/bundler.(*scanner).maybeParseFile in goroutine 37
	github.com/evanw/esbuild/internal/bundler/bundler.go:1538 +0xcff

goroutine 679 [chan receive]:
main.(*serviceType).sendRequest(0xc000116330, {0x7034a0, 0xc0020cf1a0})
	github.com/evanw/esbuild/cmd/esbuild/service.go:192 +0x12b
main.(*serviceType).convertPlugins.func2.4({{0xc002e30000, 0x8f}, {0x782eef, 0x4}, {0x0, 0x0}, {0x0, 0x0}, 0x0})
	github.com/evanw/esbuild/cmd/esbuild/service.go:1084 +0x833
github.com/evanw/esbuild/pkg/api.(*pluginImpl).onLoad.func1({{0x0, 0x0}, {{0xc002e30000, 0x8f}, {0x782eef, 0x4}, {0x0, 
0x0}, {{0x0, 0x0}}, ...}})
	github.com/evanw/esbuild/pkg/api/api_impl.go:1996 +0x190
github.com/evanw/esbuild/internal/bundler.runOnLoadPlugins({0xc000494240?, 0x2a682b?, 0xc00001e120?}, {0x870da0?, 
0xc000390080}, 0xc0004941e0, {0xc000280070, 0xc00044c138, 0xc00044c150, 0xc000390020, ...}, ...)
	github.com/evanw/esbuild/internal/bundler/bundler.go:1125 +0xcb5
github.com/evanw/esbuild/internal/bundler.parseFile({{0x870da0, 0xc000390080}, {0xc000280070, 0xc00044c138, 
0xc00044c150, 0xc000390020, 0x6, 0xc00048c2a0}, 0xc0000dd688, 0xc0004941e0, ...})
	github.com/evanw/esbuild/internal/bundler/bundler.go:163 +0x287
created by github.com/evanw/esbuild/internal/bundler.(*scanner).maybeParseFile in goroutine 37
	github.com/evanw/esbuild/internal/bundler/bundler.go:1538 +0xcff

goroutine 680 [chan receive]:
main.(*serviceType).sendRequest(0xc000116330, {0x7034a0, 0xc0020cf3e0})
	github.com/evanw/esbuild/cmd/esbuild/service.go:192 +0x12b
main.(*serviceType).convertPlugins.func2.4({{0xc0001941e0, 0x92}, {0x782eef, 0x4}, {0x0, 0x0}, {0x0, 0x0}, 0x0})
	github.com/evanw/esbuild/cmd/esbuild/service.go:1084 +0x833
github.com/evanw/esbuild/pkg/api.(*pluginImpl).onLoad.func1({{0x0, 0x0}, {{0xc0001941e0, 0x92}, {0x782eef, 0x4}, {0x0, 
0x0}, {{0x0, 0x0}}, ...}})
	github.com/evanw/esbuild/pkg/api/api_impl.go:1996 +0x190
github.com/evanw/esbuild/internal/bundler.runOnLoadPlugins({0xc000494240?, 0x2a682b?, 0xc00001e120?}, {0x870da0?, 
0xc000390080}, 0xc0004941e0, {0xc000280070, 0xc00044c138, 0xc00044c150, 0xc000390020, ...}, ...)
	github.com/evanw/esbuild/internal/bundler/bundler.go:1125 +0xcb5
github.com/evanw/esbuild/internal/bundler.parseFile({{0x870da0, 0xc000390080}, {0xc000280070, 0xc00044c138, 
0xc00044c150, 0xc000390020, 0x6, 0xc00048c2a0}, 0xc0000dd688, 0xc0004941e0, ...})
	github.com/evanw/esbuild/internal/bundler/bundler.go:163 +0x287
created by github.com/evanw/esbuild/internal/bundler.(*scanner).maybeParseFile in goroutine 37
	github.com/evanw/esbuild/internal/bundler/bundler.go:1538 +0xcff

goroutine 681 [chan receive]:
main.(*serviceType).sendRequest(0xc000116330, {0x7034a0, 0xc0020cf380})
	github.com/evanw/esbuild/cmd/esbuild/service.go:192 +0x12b
main.(*serviceType).convertPlugins.func2.4({{0xc000840000, 0x92}, {0x782eef, 0x4}, {0x0, 0x0}, {0x0, 0x0}, 0x0})
	github.com/evanw/esbuild/cmd/esbuild/service.go:1084 +0x833
github.com/evanw/esbuild/pkg/api.(*pluginImpl).onLoad.func1({{0x0, 0x0}, {{0xc000840000, 0x92}, {0x782eef, 0x4}, {0x0, 
0x0}, {{0x0, 0x0}}, ...}})
	github.com/evanw/esbuild/pkg/api/api_impl.go:1996 +0x190
github.com/evanw/esbuild/internal/bundler.runOnLoadPlugins({0xc000494240?, 0x2a682b?, 0xc00001e120?}, {0x870da0?, 
0xc000390080}, 0xc0004941e0, {0xc000280070, 0xc00044c138, 0xc00044c150, 0xc000390020, ...}, ...)
	github.com/evanw/esbuild/internal/bundler/bundler.go:1125 +0xcb5
github.com/evanw/esbuild/internal/bundler.parseFile({{0x870da0, 0xc000390080}, {0xc000280070, 0xc00044c138, 
0xc00044c150, 0xc000390020, 0x6, 0xc00048c2a0}, 0xc0000dd688, 0xc0004941e0, ...})
	github.com/evanw/esbuild/internal/bundler/bundler.go:163 +0x287
created by github.com/evanw/esbuild/internal/bundler.(*scanner).maybeParseFile in goroutine 37
	github.com/evanw/esbuild/internal/bundler/bundler.go:1538 +0xcff

goroutine 682 [chan receive]:
main.(*serviceType).sendRequest(0xc000116330, {0x7034a0, 0xc001de02a0})
	github.com/evanw/esbuild/cmd/esbuild/service.go:192 +0x12b
main.(*serviceType).convertPlugins.func2.4({{0xc0008408c0, 0x94}, {0x782eef, 0x4}, {0x0, 0x0}, {0x0, 0x0}, 0x0})
	github.com/evanw/esbuild/cmd/esbuild/service.go:1084 +0x833
github.com/evanw/esbuild/pkg/api.(*pluginImpl).onLoad.func1({{0x0, 0x0}, {{0xc0008408c0, 0x94}, {0x782eef, 0x4}, {0x0, 
0x0}, {{0x0, 0x0}}, ...}})
	github.com/evanw/esbuild/pkg/api/api_impl.go:1996 +0x190
github.com/evanw/esbuild/internal/bundler.runOnLoadPlugins({0xc000494240?, 0x2a682b?, 0xc00001e120?}, {0x870da0?, 
0xc000390080}, 0xc0004941e0, {0xc000280070, 0xc00044c138, 0xc00044c150, 0xc000390020, ...}, ...)
	github.com/evanw/esbuild/internal/bundler/bundler.go:1125 +0xcb5
github.com/evanw/esbuild/internal/bundler.parseFile({{0x870da0, 0xc000390080}, {0xc000280070, 0xc00044c138, 
0xc00044c150, 0xc000390020, 0x6, 0xc00048c2a0}, 0xc0000dd688, 0xc0004941e0, ...})
	github.com/evanw/esbuild/internal/bundler/bundler.go:163 +0x287
created by github.com/evanw/esbuild/internal/bundler.(*scanner).maybeParseFile in goroutine 37
	github.com/evanw/esbuild/internal/bundler/bundler.go:1538 +0xcff

goroutine 683 [chan receive]:
main.(*serviceType).sendRequest(0xc000116330, {0x7034a0, 0xc001de0300})
	github.com/evanw/esbuild/cmd/esbuild/service.go:192 +0x12b
main.(*serviceType).convertPlugins.func2.4({{0xc000194960, 0x93}, {0x782eef, 0x4}, {0x0, 0x0}, {0x0, 0x0}, 0x0})
	github.com/evanw/esbuild/cmd/esbuild/service.go:1084 +0x833
github.com/evanw/esbuild/pkg/api.(*pluginImpl).onLoad.func1({{0x0, 0x0}, {{0xc000194960, 0x93}, {0x782eef, 0x4}, {0x0, 
0x0}, {{0x0, 0x0}}, ...}})
	github.com/evanw/esbuild/pkg/api/api_impl.go:1996 +0x190
github.com/evanw/esbuild/internal/bundler.runOnLoadPlugins({0xc000494240?, 0x2a682b?, 0xc00001e120?}, {0x870da0?, 
0xc000390080}, 0xc0004941e0, {0xc000280070, 0xc00044c138, 0xc00044c150, 0xc000390020, ...}, ...)
	github.com/evanw/esbuild/internal/bundler/bundler.go:1125 +0xcb5
github.com/evanw/esbuild/internal/bundler.parseFile({{0x870da0, 0xc000390080}, {0xc000280070, 0xc00044c138, 
0xc00044c150, 0xc000390020, 0x6, 0xc00048c2a0}, 0xc0000dd688, 0xc0004941e0, ...})
	github.com/evanw/esbuild/internal/bundler/bundler.go:163 +0x287
created by github.com/evanw/esbuild/internal/bundler.(*scanner).maybeParseFile in goroutine 37
	github.com/evanw/esbuild/internal/bundler/bundler.go:1538 +0xcff

goroutine 684 [chan receive]:
main.(*serviceType).sendRequest(0xc000116330, {0x7034a0, 0xc001de0360})
	github.com/evanw/esbuild/cmd/esbuild/service.go:192 +0x12b
main.(*serviceType).convertPlugins.func2.4({{0xc002fa67e0, 0x90}, {0x782eef, 0x4}, {0x0, 0x0}, {0x0, 0x0}, 0x0})
	github.com/evanw/esbuild/cmd/esbuild/service.go:1084 +0x833
github.com/evanw/esbuild/pkg/api.(*pluginImpl).onLoad.func1({{0x0, 0x0}, {{0xc002fa67e0, 0x90}, {0x782eef, 0x4}, {0x0, 
0x0}, {{0x0, 0x0}}, ...}})
	github.com/evanw/esbuild/pkg/api/api_impl.go:1996 +0x190
github.com/evanw/esbuild/internal/bundler.runOnLoadPlugins({0xc000494240?, 0x2a682b?, 0xc00001e120?}, {0x870da0?, 
0xc000390080}, 0xc0004941e0, {0xc000280070, 0xc00044c138, 0xc00044c150, 0xc000390020, ...}, ...)
	github.com/evanw/esbuild/internal/bundler/bundler.go:1125 +0xcb5
github.com/evanw/esbuild/internal/bundler.parseFile({{0x870da0, 0xc000390080}, {0xc000280070, 0xc00044c138, 
0xc00044c150, 0xc000390020, 0x6, 0xc00048c2a0}, 0xc0000dd688, 0xc0004941e0, ...})
	github.com/evanw/esbuild/internal/bundler/bundler.go:163 +0x287
created by github.com/evanw/esbuild/internal/bundler.(*scanner).maybeParseFile in goroutine 37
	github.com/evanw/esbuild/internal/bundler/bundler.go:1538 +0xcff

goroutine 685 [chan receive]:
main.(*serviceType).sendRequest(0xc000116330, {0x7034a0, 0xc001de03c0})
	github.com/evanw/esbuild/cmd/esbuild/service.go:192 +0x12b
main.(*serviceType).convertPlugins.func2.4({{0xc002e314d0, 0x8e}, {0x782eef, 0x4}, {0x0, 0x0}, {0x0, 0x0}, 0x0})
	github.com/evanw/esbuild/cmd/esbuild/service.go:1084 +0x833
github.com/evanw/esbuild/pkg/api.(*pluginImpl).onLoad.func1({{0x0, 0x0}, {{0xc002e314d0, 0x8e}, {0x782eef, 0x4}, {0x0, 
0x0}, {{0x0, 0x0}}, ...}})
	github.com/evanw/esbuild/pkg/api/api_impl.go:1996 +0x190
github.com/evanw/esbuild/internal/bundler.runOnLoadPlugins({0xc000494240?, 0x2a682b?, 0xc00001e120?}, {0x870da0?, 
0xc000390080}, 0xc0004941e0, {0xc000280070, 0xc00044c138, 0xc00044c150, 0xc000390020, ...}, ...)
	github.com/evanw/esbuild/internal/bundler/bundler.go:1125 +0xcb5
github.com/evanw/esbuild/internal/bundler.parseFile({{0x870da0, 0xc000390080}, {0xc000280070, 0xc00044c138, 
0xc00044c150, 0xc000390020, 0x6, 0xc00048c2a0}, 0xc0000dd688, 0xc0004941e0, ...})
	github.com/evanw/esbuild/internal/bundler/bundler.go:163 +0x287
created by github.com/evanw/esbuild/internal/bundler.(*scanner).maybeParseFile in goroutine 37
	github.com/evanw/esbuild/internal/bundler/bundler.go:1538 +0xcff

goroutine 686 [chan receive]:
main.(*serviceType).sendRequest(0xc000116330, {0x7034a0, 0xc001de0480})
	github.com/evanw/esbuild/cmd/esbuild/service.go:192 +0x12b
main.(*serviceType).convertPlugins.func2.4({{0xc000194e60, 0x91}, {0x782eef, 0x4}, {0x0, 0x0}, {0x0, 0x0}, 0x0})
	github.com/evanw/esbuild/cmd/esbuild/service.go:1084 +0x833
github.com/evanw/esbuild/pkg/api.(*pluginImpl).onLoad.func1({{0x0, 0x0}, {{0xc000194e60, 0x91}, {0x782eef, 0x4}, {0x0, 
0x0}, {{0x0, 0x0}}, ...}})
	github.com/evanw/esbuild/pkg/api/api_impl.go:1996 +0x190
github.com/evanw/esbuild/internal/bundler.runOnLoadPlugins({0xc000494240?, 0x2a682b?, 0xc00001e120?}, {0x870da0?, 
0xc000390080}, 0xc0004941e0, {0xc000280070, 0xc00044c138, 0xc00044c150, 0xc000390020, ...}, ...)
	github.com/evanw/esbuild/internal/bundler/bundler.go:1125 +0xcb5
github.com/evanw/esbuild/internal/bundler.parseFile({{0x870da0, 0xc000390080}, {0xc000280070, 0xc00044c138, 
0xc00044c150, 0xc000390020, 0x6, 0xc00048c2a0}, 0xc0000dd688, 0xc0004941e0, ...})
	github.com/evanw/esbuild/internal/bundler/bundler.go:163 +0x287
created by github.com/evanw/esbuild/internal/bundler.(*scanner).maybeParseFile in goroutine 37
	github.com/evanw/esbuild/internal/bundler/bundler.go:1538 +0xcff

goroutine 687 [chan receive]:
main.(*serviceType).sendRequest(0xc000116330, {0x7034a0, 0xc001de0420})
	github.com/evanw/esbuild/cmd/esbuild/service.go:192 +0x12b
main.(*serviceType).convertPlugins.func2.4({{0xc0008410e0, 0x95}, {0x782eef, 0x4}, {0x0, 0x0}, {0x0, 0x0}, 0x0})
	github.com/evanw/esbuild/cmd/esbuild/service.go:1084 +0x833
github.com/evanw/esbuild/pkg/api.(*pluginImpl).onLoad.func1({{0x0, 0x0}, {{0xc0008410e0, 0x95}, {0x782eef, 0x4}, {0x0, 
0x0}, {{0x0, 0x0}}, ...}})
	github.com/evanw/esbuild/pkg/api/api_impl.go:1996 +0x190
github.com/evanw/esbuild/internal/bundler.runOnLoadPlugins({0xc000494240?, 0x2a682b?, 0xc00001e120?}, {0x870da0?, 
0xc000390080}, 0xc0004941e0, {0xc000280070, 0xc00044c138, 0xc00044c150, 0xc000390020, ...}, ...)
	github.com/evanw/esbuild/internal/bundler/bundler.go:1125 +0xcb5
github.com/evanw/esbuild/internal/bundler.parseFile({{0x870da0, 0xc000390080}, {0xc000280070, 0xc00044c138, 
0xc00044c150, 0xc000390020, 0x6, 0xc00048c2a0}, 0xc0000dd688, 0xc0004941e0, ...})
	github.com/evanw/esbuild/internal/bundler/bundler.go:163 +0x287
created by github.com/evanw/esbuild/internal/bundler.(*scanner).maybeParseFile in goroutine 37
	github.com/evanw/esbuild/internal/bundler/bundler.go:1538 +0xcff

goroutine 688 [chan receive]:
main.(*serviceType).sendRequest(0xc000116330, {0x7034a0, 0xc001de0540})
	github.com/evanw/esbuild/cmd/esbuild/service.go:192 +0x12b
main.(*serviceType).convertPlugins.func2.4({{0xc0008412c0, 0x97}, {0x782eef, 0x4}, {0x0, 0x0}, {0x0, 0x0}, 0x0})
	github.com/evanw/esbuild/cmd/esbuild/service.go:1084 +0x833
github.com/evanw/esbuild/pkg/api.(*pluginImpl).onLoad.func1({{0x0, 0x0}, {{0xc0008412c0, 0x97}, {0x782eef, 0x4}, {0x0, 
0x0}, {{0x0, 0x0}}, ...}})
	github.com/evanw/esbuild/pkg/api/api_impl.go:1996 +0x190
github.com/evanw/esbuild/internal/bundler.runOnLoadPlugins({0xc000494240?, 0x2a682b?, 0xc00001e120?}, {0x870da0?, 
0xc000390080}, 0xc0004941e0, {0xc000280070, 0xc00044c138, 0xc00044c150, 0xc000390020, ...}, ...)
	github.com/evanw/esbuild/internal/bundler/bundler.go:1125 +0xcb5
github.com/evanw/esbuild/internal/bundler.parseFile({{0x870da0, 0xc000390080}, {0xc000280070, 0xc00044c138, 
0xc00044c150, 0xc000390020, 0x6, 0xc00048c2a0}, 0xc0000dd688, 0xc0004941e0, ...})
	github.com/evanw/esbuild/internal/bundler/bundler.go:163 +0x287
created by github.com/evanw/esbuild/internal/bundler.(*scanner).maybeParseFile in goroutine 37
	github.com/evanw/esbuild/internal/bundler/bundler.go:1538 +0xcff

goroutine 689 [chan receive]:
main.(*serviceType).sendRequest(0xc000116330, {0x7034a0, 0xc001de04e0})
	github.com/evanw/esbuild/cmd/esbuild/service.go:192 +0x12b
main.(*serviceType).convertPlugins.func2.4({{0xc002cd6cf0, 0x8e}, {0x782eef, 0x4}, {0x0, 0x0}, {0x0, 0x0}, 0x0})
	github.com/evanw/esbuild/cmd/esbuild/service.go:1084 +0x833
github.com/evanw/esbuild/pkg/api.(*pluginImpl).onLoad.func1({{0x0, 0x0}, {{0xc002cd6cf0, 0x8e}, {0x782eef, 0x4}, {0x0, 
0x0}, {{0x0, 0x0}}, ...}})
	github.com/evanw/esbuild/pkg/api/api_impl.go:1996 +0x190
github.com/evanw/esbuild/internal/bundler.runOnLoadPlugins({0xc000494240?, 0x2a682b?, 0xc00001e120?}, {0x870da0?, 
0xc000390080}, 0xc0004941e0, {0xc000280070, 0xc00044c138, 0xc00044c150, 0xc000390020, ...}, ...)
	github.com/evanw/esbuild/internal/bundler/bundler.go:1125 +0xcb5
github.com/evanw/esbuild/internal/bundler.parseFile({{0x870da0, 0xc000390080}, {0xc000280070, 0xc00044c138, 
0xc00044c150, 0xc000390020, 0x6, 0xc00048c2a0}, 0xc0000dd688, 0xc0004941e0, ...})
	github.com/evanw/esbuild/internal/bundler/bundler.go:163 +0x287
created by github.com/evanw/esbuild/internal/bundler.(*scanner).maybeParseFile in goroutine 37
	github.com/evanw/esbuild/internal/bundler/bundler.go:1538 +0xcff

goroutine 690 [chan receive]:
main.(*serviceType).sendRequest(0xc000116330, {0x7034a0, 0xc001de0600})
	github.com/evanw/esbuild/cmd/esbuild/service.go:192 +0x12b
main.(*serviceType).convertPlugins.func2.4({{0xc000841540, 0x92}, {0x782eef, 0x4}, {0x0, 0x0}, {0x0, 0x0}, 0x0})
	github.com/evanw/esbuild/cmd/esbuild/service.go:1084 +0x833
github.com/evanw/esbuild/pkg/api.(*pluginImpl).onLoad.func1({{0x0, 0x0}, {{0xc000841540, 0x92}, {0x782eef, 0x4}, {0x0, 
0x0}, {{0x0, 0x0}}, ...}})
	github.com/evanw/esbuild/pkg/api/api_impl.go:1996 +0x190
github.com/evanw/esbuild/internal/bundler.runOnLoadPlugins({0xc000494240?, 0x2a682b?, 0xc00001e120?}, {0x870da0?, 
0xc000390080}, 0xc0004941e0, {0xc000280070, 0xc00044c138, 0xc00044c150, 0xc000390020, ...}, ...)
	github.com/evanw/esbuild/internal/bundler/bundler.go:1125 +0xcb5
github.com/evanw/esbuild/internal/bundler.parseFile({{0x870da0, 0xc000390080}, {0xc000280070, 0xc00044c138, 
0xc00044c150, 0xc000390020, 0x6, 0xc00048c2a0}, 0xc0000dd688, 0xc0004941e0, ...})
	github.com/evanw/esbuild/internal/bundler/bundler.go:163 +0x287
created by github.com/evanw/esbuild/internal/bundler.(*scanner).maybeParseFile in goroutine 37
	github.com/evanw/esbuild/internal/bundler/bundler.go:1538 +0xcff

goroutine 691 [chan receive]:
main.(*serviceType).sendRequest(0xc000116330, {0x7034a0, 0xc001de0660})
	github.com/evanw/esbuild/cmd/esbuild/service.go:192 +0x12b
main.(*serviceType).convertPlugins.func2.4({{0xc0008419a0, 0x96}, {0x782eef, 0x4}, {0x0, 0x0}, {0x0, 0x0}, 0x0})
	github.com/evanw/esbuild/cmd/esbuild/service.go:1084 +0x833
github.com/evanw/esbuild/pkg/api.(*pluginImpl).onLoad.func1({{0x0, 0x0}, {{0xc0008419a0, 0x96}, {0x782eef, 0x4}, {0x0, 
0x0}, {{0x0, 0x0}}, ...}})
	github.com/evanw/esbuild/pkg/api/api_impl.go:1996 +0x190
github.com/evanw/esbuild/internal/bundler.runOnLoadPlugins({0xc000494240?, 0x2a682b?, 0xc00001e120?}, {0x870da0?, 
0xc000390080}, 0xc0004941e0, {0xc000280070, 0xc00044c138, 0xc00044c150, 0xc000390020, ...}, ...)
	github.com/evanw/esbuild/internal/bundler/bundler.go:1125 +0xcb5
github.com/evanw/esbuild/internal/bundler.parseFile({{0x870da0, 0xc000390080}, {0xc000280070, 0xc00044c138, 
0xc00044c150, 0xc000390020, 0x6, 0xc00048c2a0}, 0xc0000dd688, 0xc0004941e0, ...})
	github.com/evanw/esbuild/internal/bundler/bundler.go:163 +0x287
created by github.com/evanw/esbuild/internal/bundler.(*scanner).maybeParseFile in goroutine 37
	github.com/evanw/esbuild/internal/bundler/bundler.go:1538 +0xcff

goroutine 692 [chan receive]:
main.(*serviceType).sendRequest(0xc000116330, {0x7034a0, 0xc001de06c0})
	github.com/evanw/esbuild/cmd/esbuild/service.go:192 +0x12b
main.(*serviceType).convertPlugins.func2.4({{0xc000841ea0, 0x91}, {0x782eef, 0x4}, {0x0, 0x0}, {0x0, 0x0}, 0x0})
	github.com/evanw/esbuild/cmd/esbuild/service.go:1084 +0x833
github.com/evanw/esbuild/pkg/api.(*pluginImpl).onLoad.func1({{0x0, 0x0}, {{0xc000841ea0, 0x91}, {0x782eef, 0x4}, {0x0, 
0x0}, {{0x0, 0x0}}, ...}})
	github.com/evanw/esbuild/pkg/api/api_impl.go:1996 +0x190
github.com/evanw/esbuild/internal/bundler.runOnLoadPlugins({0xc000494240?, 0x2a682b?, 0xc00001e120?}, {0x870da0?, 
0xc000390080}, 0xc0004941e0, {0xc000280070, 0xc00044c138, 0xc00044c150, 0xc000390020, ...}, ...)
	github.com/evanw/esbuild/internal/bundler/bundler.go:1125 +0xcb5
github.com/evanw/esbuild/internal/bundler.parseFile({{0x870da0, 0xc000390080}, {0xc000280070, 0xc00044c138, 
0xc00044c150, 0xc000390020, 0x6, 0xc00048c2a0}, 0xc0000dd688, 0xc0004941e0, ...})
	github.com/evanw/esbuild/internal/bundler/bundler.go:163 +0x287
created by github.com/evanw/esbuild/internal/bundler.(*scanner).maybeParseFile in goroutine 37
	github.com/evanw/esbuild/internal/bundler/bundler.go:1538 +0xcff

goroutine 693 [chan receive]:
main.(*serviceType).sendRequest(0xc000116330, {0x7034a0, 0xc001de0780})
	github.com/evanw/esbuild/cmd/esbuild/service.go:192 +0x12b
main.(*serviceType).convertPlugins.func2.4({{0xc002f20280, 0x9d}, {0x782eef, 0x4}, {0x0, 0x0}, {0x0, 0x0}, 0x0})
	github.com/evanw/esbuild/cmd/esbuild/service.go:1084 +0x833
github.com/evanw/esbuild/pkg/api.(*pluginImpl).onLoad.func1({{0x0, 0x0}, {{0xc002f20280, 0x9d}, {0x782eef, 0x4}, {0x0, 
0x0}, {{0x0, 0x0}}, ...}})
	github.com/evanw/esbuild/pkg/api/api_impl.go:1996 +0x190
github.com/evanw/esbuild/internal/bundler.runOnLoadPlugins({0xc000494240?, 0x2a682b?, 0xc00001e120?}, {0x870da0?, 
0xc000390080}, 0xc0004941e0, {0xc000280070, 0xc00044c138, 0xc00044c150, 0xc000390020, ...}, ...)
	github.com/evanw/esbuild/internal/bundler/bundler.go:1125 +0xcb5
github.com/evanw/esbuild/internal/bundler.parseFile({{0x870da0, 0xc000390080}, {0xc000280070, 0xc00044c138, 
0xc00044c150, 0xc000390020, 0x6, 0xc00048c2a0}, 0xc0000dd688, 0xc0004941e0, ...})
	github.com/evanw/esbuild/internal/bundler/bundler.go:163 +0x287
created by github.com/evanw/esbuild/internal/bundler.(*scanner).maybeParseFile in goroutine 37
	github.com/evanw/esbuild/internal/bundler/bundler.go:1538 +0xcff

goroutine 694 [chan receive]:
main.(*serviceType).sendRequest(0xc000116330, {0x7034a0, 0xc001de07e0})
	github.com/evanw/esbuild/cmd/esbuild/service.go:192 +0x12b
main.(*serviceType).convertPlugins.func2.4({{0xc002faa460, 0xa0}, {0x782eef, 0x4}, {0x0, 0x0}, {0x0, 0x0}, 0x0})
	github.com/evanw/esbuild/cmd/esbuild/service.go:1084 +0x833
github.com/evanw/esbuild/pkg/api.(*pluginImpl).onLoad.func1({{0x0, 0x0}, {{0xc002faa460, 0xa0}, {0x782eef, 0x4}, {0x0, 
0x0}, {{0x0, 0x0}}, ...}})
	github.com/evanw/esbuild/pkg/api/api_impl.go:1996 +0x190
github.com/evanw/esbuild/internal/bundler.runOnLoadPlugins({0xc000494240?, 0x2a682b?, 0xc00001e120?}, {0x870da0?, 
0xc000390080}, 0xc0004941e0, {0xc000280070, 0xc00044c138, 0xc00044c150, 0xc000390020, ...}, ...)
	github.com/evanw/esbuild/internal/bundler/bundler.go:1125 +0xcb5
github.com/evanw/esbuild/internal/bundler.parseFile({{0x870da0, 0xc000390080}, {0xc000280070, 0xc00044c138, 
0xc00044c150, 0xc000390020, 0x6, 0xc00048c2a0}, 0xc0000dd688, 0xc0004941e0, ...})
	github.com/evanw/esbuild/internal/bundler/bundler.go:163 +0x287
created by github.com/evanw/esbuild/internal/bundler.(*scanner).maybeParseFile in goroutine 37
	github.com/evanw/esbuild/internal/bundler/bundler.go:1538 +0xcff

goroutine 695 [chan receive]:
main.(*serviceType).sendRequest(0xc000116330, {0x7034a0, 0xc001de0720})
	github.com/evanw/esbuild/cmd/esbuild/service.go:192 +0x12b
main.(*serviceType).convertPlugins.func2.4({{0xc002faa8c0, 0x92}, {0x782eef, 0x4}, {0x0, 0x0}, {0x0, 0x0}, 0x0})
	github.com/evanw/esbuild/cmd/esbuild/service.go:1084 +0x833
github.com/evanw/esbuild/pkg/api.(*pluginImpl).onLoad.func1({{0x0, 0x0}, {{0xc002faa8c0, 0x92}, {0x782eef, 0x4}, {0x0, 
0x0}, {{0x0, 0x0}}, ...}})
	github.com/evanw/esbuild/pkg/api/api_impl.go:1996 +0x190
github.com/evanw/esbuild/internal/bundler.runOnLoadPlugins({0xc000494240?, 0x2a682b?, 0xc00001e120?}, {0x870da0?, 
0xc000390080}, 0xc0004941e0, {0xc000280070, 0xc00044c138, 0xc00044c150, 0xc000390020, ...}, ...)
	github.com/evanw/esbuild/internal/bundler/bundler.go:1125 +0xcb5
github.com/evanw/esbuild/internal/bundler.parseFile({{0x870da0, 0xc000390080}, {0xc000280070, 0xc00044c138, 
0xc00044c150, 0xc000390020, 0x6, 0xc00048c2a0}, 0xc0000dd688, 0xc0004941e0, ...})
	github.com/evanw/esbuild/internal/bundler/bundler.go:163 +0x287
created by github.com/evanw/esbuild/internal/bundler.(*scanner).maybeParseFile in goroutine 37
	github.com/evanw/esbuild/internal/bundler/bundler.go:1538 +0xcff

goroutine 696 [chan receive]:
main.(*serviceType).sendRequest(0xc000116330, {0x7034a0, 0xc001de08a0})
	github.com/evanw/esbuild/cmd/esbuild/service.go:192 +0x12b
main.(*serviceType).convertPlugins.func2.4({{0xc002cd78c0, 0x90}, {0x782eef, 0x4}, {0x0, 0x0}, {0x0, 0x0}, 0x0})
	github.com/evanw/esbuild/cmd/esbuild/service.go:1084 +0x833
github.com/evanw/esbuild/pkg/api.(*pluginImpl).onLoad.func1({{0x0, 0x0}, {{0xc002cd78c0, 0x90}, {0x782eef, 0x4}, {0x0, 
0x0}, {{0x0, 0x0}}, ...}})
	github.com/evanw/esbuild/pkg/api/api_impl.go:1996 +0x190
github.com/evanw/esbuild/internal/bundler.runOnLoadPlugins({0xc000494240?, 0x2a682b?, 0xc00001e120?}, {0x870da0?, 
0xc000390080}, 0xc0004941e0, {0xc000280070, 0xc00044c138, 0xc00044c150, 0xc000390020, ...}, ...)
	github.com/evanw/esbuild/internal/bundler/bundler.go:1125 +0xcb5
github.com/evanw/esbuild/internal/bundler.parseFile({{0x870da0, 0xc000390080}, {0xc000280070, 0xc00044c138, 
0xc00044c150, 0xc000390020, 0x6, 0xc00048c2a0}, 0xc0000dd688, 0xc0004941e0, ...})
	github.com/evanw/esbuild/internal/bundler/bundler.go:163 +0x287
created by github.com/evanw/esbuild/internal/bundler.(*scanner).maybeParseFile in goroutine 37
	github.com/evanw/esbuild/internal/bundler/bundler.go:1538 +0xcff

goroutine 697 [chan receive]:
main.(*serviceType).sendRequest(0xc000116330, {0x7034a0, 0xc001de0900})
	github.com/evanw/esbuild/cmd/esbuild/service.go:192 +0x12b
main.(*serviceType).convertPlugins.func2.4({{0xc002f7ce10, 0x8e}, {0x782eef, 0x4}, {0x0, 0x0}, {0x0, 0x0}, 0x0})
	github.com/evanw/esbuild/cmd/esbuild/service.go:1084 +0x833
github.com/evanw/esbuild/pkg/api.(*pluginImpl).onLoad.func1({{0x0, 0x0}, {{0xc002f7ce10, 0x8e}, {0x782eef, 0x4}, {0x0, 
0x0}, {{0x0, 0x0}}, ...}})
	github.com/evanw/esbuild/pkg/api/api_impl.go:1996 +0x190
github.com/evanw/esbuild/internal/bundler.runOnLoadPlugins({0xc000494240?, 0x2a682b?, 0xc00001e120?}, {0x870da0?, 
0xc000390080}, 0xc0004941e0, {0xc000280070, 0xc00044c138, 0xc00044c150, 0xc000390020, ...}, ...)
	github.com/evanw/esbuild/internal/bundler/bundler.go:1125 +0xcb5
github.com/evanw/esbuild/internal/bundler.parseFile({{0x870da0, 0xc000390080}, {0xc000280070, 0xc00044c138, 
0xc00044c150, 0xc000390020, 0x6, 0xc00048c2a0}, 0xc0000dd688, 0xc0004941e0, ...})
	github.com/evanw/esbuild/internal/bundler/bundler.go:163 +0x287
created by github.com/evanw/esbuild/internal/bundler.(*scanner).maybeParseFile in goroutine 37
	github.com/evanw/esbuild/internal/bundler/bundler.go:1538 +0xcff

goroutine 698 [chan receive]:
main.(*serviceType).sendRequest(0xc000116330, {0x7034a0, 0xc001de09f0})
	github.com/evanw/esbuild/cmd/esbuild/service.go:192 +0x12b
main.(*serviceType).convertPlugins.func2.4({{0xc002f7d290, 0x90}, {0x782eef, 0x4}, {0x0, 0x0}, {0x0, 0x0}, 0x0})
	github.com/evanw/esbuild/cmd/esbuild/service.go:1084 +0x833
github.com/evanw/esbuild/pkg/api.(*pluginImpl).onLoad.func1({{0x0, 0x0}, {{0xc002f7d290, 0x90}, {0x782eef, 0x4}, {0x0, 
0x0}, {{0x0, 0x0}}, ...}})
	github.com/evanw/esbuild/pkg/api/api_impl.go:1996 +0x190
github.com/evanw/esbuild/internal/bundler.runOnLoadPlugins({0xc000494240?, 0x2a682b?, 0xc00001e120?}, {0x870da0?, 
0xc000390080}, 0xc0004941e0, {0xc000280070, 0xc00044c138, 0xc00044c150, 0xc000390020, ...}, ...)
	github.com/evanw/esbuild/internal/bundler/bundler.go:1125 +0xcb5
github.com/evanw/esbuild/internal/bundler.parseFile({{0x870da0, 0xc000390080}, {0xc000280070, 0xc00044c138, 
0xc00044c150, 0xc000390020, 0x6, 0xc00048c2a0}, 0xc0000dd688, 0xc0004941e0, ...})
	github.com/evanw/esbuild/internal/bundler/bundler.go:163 +0x287
created by github.com/evanw/esbuild/internal/bundler.(*scanner).maybeParseFile in goroutine 37
	github.com/evanw/esbuild/internal/bundler/bundler.go:1538 +0xcff

goroutine 699 [chan receive]:
main.(*serviceType).sendRequest(0xc000116330, {0x7034a0, 0xc001de0a50})
	github.com/evanw/esbuild/cmd/esbuild/service.go:192 +0x12b
main.(*serviceType).convertPlugins.func2.4({{0xc002faba40, 0x93}, {0x782eef, 0x4}, {0x0, 0x0}, {0x0, 0x0}, 0x0})
	github.com/evanw/esbuild/cmd/esbuild/service.go:1084 +0x833
github.com/evanw/esbuild/pkg/api.(*pluginImpl).onLoad.func1({{0x0, 0x0}, {{0xc002faba40, 0x93}, {0x782eef, 0x4}, {0x0, 
0x0}, {{0x0, 0x0}}, ...}})
	github.com/evanw/esbuild/pkg/api/api_impl.go:1996 +0x190
github.com/evanw/esbuild/internal/bundler.runOnLoadPlugins({0xc000494240?, 0x2a682b?, 0xc00001e120?}, {0x870da0?, 
0xc000390080}, 0xc0004941e0, {0xc000280070, 0xc00044c138, 0xc00044c150, 0xc000390020, ...}, ...)
	github.com/evanw/esbuild/internal/bundler/bundler.go:1125 +0xcb5
github.com/evanw/esbuild/internal/bundler.parseFile({{0x870da0, 0xc000390080}, {0xc000280070, 0xc00044c138, 
0xc00044c150, 0xc000390020, 0x6, 0xc00048c2a0}, 0xc0000dd688, 0xc0004941e0, ...})
	github.com/evanw/esbuild/internal/bundler/bundler.go:163 +0x287
created by github.com/evanw/esbuild/internal/bundler.(*scanner).maybeParseFile in goroutine 37
	github.com/evanw/esbuild/internal/bundler/bundler.go:1538 +0xcff

goroutine 700 [chan receive]:
main.(*serviceType).sendRequest(0xc000116330, {0x7034a0, 0xc001de0ab0})
	github.com/evanw/esbuild/cmd/esbuild/service.go:192 +0x12b
main.(*serviceType).convertPlugins.func2.4({{0xc002fabd60, 0x93}, {0x782eef, 0x4}, {0x0, 0x0}, {0x0, 0x0}, 0x0})
	github.com/evanw/esbuild/cmd/esbuild/service.go:1084 +0x833
github.com/evanw/esbuild/pkg/api.(*pluginImpl).onLoad.func1({{0x0, 0x0}, {{0xc002fabd60, 0x93}, {0x782eef, 0x4}, {0x0, 
0x0}, {{0x0, 0x0}}, ...}})
	github.com/evanw/esbuild/pkg/api/api_impl.go:1996 +0x190
github.com/evanw/esbuild/internal/bundler.runOnLoadPlugins({0xc000494240?, 0x2a682b?, 0xc00001e120?}, {0x870da0?, 
0xc000390080}, 0xc0004941e0, {0xc000280070, 0xc00044c138, 0xc00044c150, 0xc000390020, ...}, ...)
	github.com/evanw/esbuild/internal/bundler/bundler.go:1125 +0xcb5
github.com/evanw/esbuild/internal/bundler.parseFile({{0x870da0, 0xc000390080}, {0xc000280070, 0xc00044c138, 
0xc00044c150, 0xc000390020, 0x6, 0xc00048c2a0}, 0xc0000dd688, 0xc0004941e0, ...})
	github.com/evanw/esbuild/internal/bundler/bundler.go:163 +0x287
created by github.com/evanw/esbuild/internal/bundler.(*scanner).maybeParseFile in goroutine 37
	github.com/evanw/esbuild/internal/bundler/bundler.go:1538 +0xcff

goroutine 701 [chan receive]:
main.(*serviceType).sendRequest(0xc000116330, {0x7034a0, 0xc001de0b10})
	github.com/evanw/esbuild/cmd/esbuild/service.go:192 +0x12b
main.(*serviceType).convertPlugins.func2.4({{0xc002f7de60, 0x8f}, {0x782eef, 0x4}, {0x0, 0x0}, {0x0, 0x0}, 0x0})
	github.com/evanw/esbuild/cmd/esbuild/service.go:1084 +0x833
github.com/evanw/esbuild/pkg/api.(*pluginImpl).onLoad.func1({{0x0, 0x0}, {{0xc002f7de60, 0x8f}, {0x782eef, 0x4}, {0x0, 
0x0}, {{0x0, 0x0}}, ...}})
	github.com/evanw/esbuild/pkg/api/api_impl.go:1996 +0x190
github.com/evanw/esbuild/internal/bundler.runOnLoadPlugins({0xc000494240?, 0x2a682b?, 0xc00001e120?}, {0x870da0?, 
0xc000390080}, 0xc0004941e0, {0xc000280070, 0xc00044c138, 0xc00044c150, 0xc000390020, ...}, ...)
	github.com/evanw/esbuild/internal/bundler/bundler.go:1125 +0xcb5
github.com/evanw/esbuild/internal/bundler.parseFile({{0x870da0, 0xc000390080}, {0xc000280070, 0xc00044c138, 
0xc00044c150, 0xc000390020, 0x6, 0xc00048c2a0}, 0xc0000dd688, 0xc0004941e0, ...})
	github.com/evanw/esbuild/internal/bundler/bundler.go:163 +0x287
created by github.com/evanw/esbuild/internal/bundler.(*scanner).maybeParseFile in goroutine 37
	github.com/evanw/esbuild/internal/bundler/bundler.go:1538 +0xcff

goroutine 702 [chan receive]:
main.(*serviceType).sendRequest(0xc000116330, {0x7034a0, 0xc001de0b70})
	github.com/evanw/esbuild/cmd/esbuild/service.go:192 +0x12b
main.(*serviceType).convertPlugins.func2.4({{0xc0008b65a0, 0x8f}, {0x782eef, 0x4}, {0x0, 0x0}, {0x0, 0x0}, 0x0})
	github.com/evanw/esbuild/cmd/esbuild/service.go:1084 +0x833
github.com/evanw/esbuild/pkg/api.(*pluginImpl).onLoad.func1({{0x0, 0x0}, {{0xc0008b65a0, 0x8f}, {0x782eef, 0x4}, {0x0, 
0x0}, {{0x0, 0x0}}, ...}})
	github.com/evanw/esbuild/pkg/api/api_impl.go:1996 +0x190
github.com/evanw/esbuild/internal/bundler.runOnLoadPlugins({0xc000494240?, 0x2a682b?, 0xc00001e120?}, {0x870da0?, 
0xc000390080}, 0xc0004941e0, {0xc000280070, 0xc00044c138, 0xc00044c150, 0xc000390020, ...}, ...)
	github.com/evanw/esbuild/internal/bundler/bundler.go:1125 +0xcb5
github.com/evanw/esbuild/internal/bundler.parseFile({{0x870da0, 0xc000390080}, {0xc000280070, 0xc00044c138, 
0xc00044c150, 0xc000390020, 0x6, 0xc00048c2a0}, 0xc0000dd688, 0xc0004941e0, ...})
	github.com/evanw/esbuild/internal/bundler/bundler.go:163 +0x287
created by github.com/evanw/esbuild/internal/bundler.(*scanner).maybeParseFile in goroutine 37
	github.com/evanw/esbuild/internal/bundler/bundler.go:1538 +0xcff

goroutine 703 [chan receive]:
main.(*serviceType).sendRequest(0xc000116330, {0x7034a0, 0xc001de0bd0})
	github.com/evanw/esbuild/cmd/esbuild/service.go:192 +0x12b
main.(*serviceType).convertPlugins.func2.4({{0xc002f21900, 0x91}, {0x782eef, 0x4}, {0x0, 0x0}, {0x0, 0x0}, 0x0})
	github.com/evanw/esbuild/cmd/esbuild/service.go:1084 +0x833
github.com/evanw/esbuild/pkg/api.(*pluginImpl).onLoad.func1({{0x0, 0x0}, {{0xc002f21900, 0x91}, {0x782eef, 0x4}, {0x0, 
0x0}, {{0x0, 0x0}}, ...}})
	github.com/evanw/esbuild/pkg/api/api_impl.go:1996 +0x190
github.com/evanw/esbuild/internal/bundler.runOnLoadPlugins({0xc000494240?, 0x2a682b?, 0xc00001e120?}, {0x870da0?, 
0xc000390080}, 0xc0004941e0, {0xc000280070, 0xc00044c138, 0xc00044c150, 0xc000390020, ...}, ...)
	github.com/evanw/esbuild/internal/bundler/bundler.go:1125 +0xcb5
github.com/evanw/esbuild/internal/bundler.parseFile({{0x870da0, 0xc000390080}, {0xc000280070, 0xc00044c138, 
0xc00044c150, 0xc000390020, 0x6, 0xc00048c2a0}, 0xc0000dd688, 0xc0004941e0, ...})
	github.com/evanw/esbuild/internal/bundler/bundler.go:163 +0x287
created by github.com/evanw/esbuild/internal/bundler.(*scanner).maybeParseFile in goroutine 37
	github.com/evanw/esbuild/internal/bundler/bundler.go:1538 +0xcff

goroutine 704 [chan receive]:
main.(*serviceType).sendRequest(0xc000116330, {0x7034a0, 0xc001de0c30})
	github.com/evanw/esbuild/cmd/esbuild/service.go:192 +0x12b
main.(*serviceType).convertPlugins.func2.4({{0xc002c555f0, 0x8d}, {0x782eef, 0x4}, {0x0, 0x0}, {0x0, 0x0}, 0x0})
	github.com/evanw/esbuild/cmd/esbuild/service.go:1084 +0x833
github.com/evanw/esbuild/pkg/api.(*pluginImpl).onLoad.func1({{0x0, 0x0}, {{0xc002c555f0, 0x8d}, {0x782eef, 0x4}, {0x0, 
0x0}, {{0x0, 0x0}}, ...}})
	github.com/evanw/esbuild/pkg/api/api_impl.go:1996 +0x190
github.com/evanw/esbuild/internal/bundler.runOnLoadPlugins({0xc000494240?, 0x2a682b?, 0xc00001e120?}, {0x870da0?, 
0xc000390080}, 0xc0004941e0, {0xc000280070, 0xc00044c138, 0xc00044c150, 0xc000390020, ...}, ...)
	github.com/evanw/esbuild/internal/bundler/bundler.go:1125 +0xcb5
github.com/evanw/esbuild/internal/bundler.parseFile({{0x870da0, 0xc000390080}, {0xc000280070, 0xc00044c138, 
0xc00044c150, 0xc000390020, 0x6, 0xc00048c2a0}, 0xc0000dd688, 0xc0004941e0, ...})
	github.com/evanw/esbuild/internal/bundler/bundler.go:163 +0x287
created by github.com/evanw/esbuild/internal/bundler.(*scanner).maybeParseFile in goroutine 37
	github.com/evanw/esbuild/internal/bundler/bundler.go:1538 +0xcff

goroutine 705 [chan receive]:
main.(*serviceType).sendRequest(0xc000116330, {0x7034a0, 0xc002ca6060})
	github.com/evanw/esbuild/cmd/esbuild/service.go:192 +0x12b
main.(*serviceType).convertPlugins.func2.4({{0xc002076b40, 0x92}, {0x782eef, 0x4}, {0x0, 0x0}, {0x0, 0x0}, 0x0})
	github.com/evanw/esbuild/cmd/esbuild/service.go:1084 +0x833
github.com/evanw/esbuild/pkg/api.(*pluginImpl).onLoad.func1({{0x0, 0x0}, {{0xc002076b40, 0x92}, {0x782eef, 0x4}, {0x0, 
0x0}, {{0x0, 0x0}}, ...}})
	github.com/evanw/esbuild/pkg/api/api_impl.go:1996 +0x190
github.com/evanw/esbuild/internal/bundler.runOnLoadPlugins({0xc000494240?, 0x2a682b?, 0xc00001e120?}, {0x870da0?, 
0xc000390080}, 0xc0004941e0, {0xc000280070, 0xc00044c138, 0xc00044c150, 0xc000390020, ...}, ...)
	github.com/evanw/esbuild/internal/bundler/bundler.go:1125 +0xcb5
github.com/evanw/esbuild/internal/bundler.parseFile({{0x870da0, 0xc000390080}, {0xc000280070, 0xc00044c138, 
0xc00044c150, 0xc000390020, 0x6, 0xc00048c2a0}, 0xc0000dd688, 0xc0004941e0, ...})
	github.com/evanw/esbuild/internal/bundler/bundler.go:163 +0x287
created by github.com/evanw/esbuild/internal/bundler.(*scanner).maybeParseFile in goroutine 37
	github.com/evanw/esbuild/internal/bundler/bundler.go:1538 +0xcff

goroutine 706 [chan receive]:
main.(*serviceType).sendRequest(0xc000116330, {0x7034a0, 0xc001de0c90})
	github.com/evanw/esbuild/cmd/esbuild/service.go:192 +0x12b
main.(*serviceType).convertPlugins.func2.4({{0xc0008b7440, 0x8e}, {0x782eef, 0x4}, {0x0, 0x0}, {0x0, 0x0}, 0x0})
	github.com/evanw/esbuild/cmd/esbuild/service.go:1084 +0x833
github.com/evanw/esbuild/pkg/api.(*pluginImpl).onLoad.func1({{0x0, 0x0}, {{0xc0008b7440, 0x8e}, {0x782eef, 0x4}, {0x0, 
0x0}, {{0x0, 0x0}}, ...}})
	github.com/evanw/esbuild/pkg/api/api_impl.go:1996 +0x190
github.com/evanw/esbuild/internal/bundler.runOnLoadPlugins({0xc000494240?, 0x2a682b?, 0xc00001e120?}, {0x870da0?, 
0xc000390080}, 0xc0004941e0, {0xc000280070, 0xc00044c138, 0xc00044c150, 0xc000390020, ...}, ...)
	github.com/evanw/esbuild/internal/bundler/bundler.go:1125 +0xcb5
github.com/evanw/esbuild/internal/bundler.parseFile({{0x870da0, 0xc000390080}, {0xc000280070, 0xc00044c138, 
0xc00044c150, 0xc000390020, 0x6, 0xc00048c2a0}, 0xc0000dd688, 0xc0004941e0, ...})
	github.com/evanw/esbuild/internal/bundler/bundler.go:163 +0x287
created by github.com/evanw/esbuild/internal/bundler.(*scanner).maybeParseFile in goroutine 37
	github.com/evanw/esbuild/internal/bundler/bundler.go:1538 +0xcff

goroutine 707 [chan receive]:
main.(*serviceType).sendRequest(0xc000116330, {0x7034a0, 0xc001de0840})
	github.com/evanw/esbuild/cmd/esbuild/service.go:192 +0x12b
main.(*serviceType).convertPlugins.func2.4({{0xc0006dc510, 0x90}, {0x782eef, 0x4}, {0x0, 0x0}, {0x0, 0x0}, 0x0})
	github.com/evanw/esbuild/cmd/esbuild/service.go:1084 +0x833
github.com/evanw/esbuild/pkg/api.(*pluginImpl).onLoad.func1({{0x0, 0x0}, {{0xc0006dc510, 0x90}, {0x782eef, 0x4}, {0x0, 
0x0}, {{0x0, 0x0}}, ...}})
	github.com/evanw/esbuild/pkg/api/api_impl.go:1996 +0x190
github.com/evanw/esbuild/internal/bundler.runOnLoadPlugins({0xc000494240?, 0x2a682b?, 0xc00001e120?}, {0x870da0?, 
0xc000390080}, 0xc0004941e0, {0xc000280070, 0xc00044c138, 0xc00044c150, 0xc000390020, ...}, ...)
	github.com/evanw/esbuild/internal/bundler/bundler.go:1125 +0xcb5
github.com/evanw/esbuild/internal/bundler.parseFile({{0x870da0, 0xc000390080}, {0xc000280070, 0xc00044c138, 
0xc00044c150, 0xc000390020, 0x6, 0xc00048c2a0}, 0xc0000dd688, 0xc0004941e0, ...})
	github.com/evanw/esbuild/internal/bundler/bundler.go:163 +0x287
created by github.com/evanw/esbuild/internal/bundler.(*scanner).maybeParseFile in goroutine 37
	github.com/evanw/esbuild/internal/bundler/bundler.go:1538 +0xcff

goroutine 708 [chan receive]:
main.(*serviceType).sendRequest(0xc000116330, {0x7034a0, 0xc001f3c090})
	github.com/evanw/esbuild/cmd/esbuild/service.go:192 +0x12b
main.(*serviceType).convertPlugins.func2.4({{0xc002f21f40, 0x97}, {0x782eef, 0x4}, {0x0, 0x0}, {0x0, 0x0}, 0x0})
	github.com/evanw/esbuild/cmd/esbuild/service.go:1084 +0x833
github.com/evanw/esbuild/pkg/api.(*pluginImpl).onLoad.func1({{0x0, 0x0}, {{0xc002f21f40, 0x97}, {0x782eef, 0x4}, {0x0, 
0x0}, {{0x0, 0x0}}, ...}})
	github.com/evanw/esbuild/pkg/api/api_impl.go:1996 +0x190
github.com/evanw/esbuild/internal/bundler.runOnLoadPlugins({0xc000494240?, 0x2a682b?, 0xc00001e120?}, {0x870da0?, 
0xc000390080}, 0xc0004941e0, {0xc000280070, 0xc00044c138, 0xc00044c150, 0xc000390020, ...}, ...)
	github.com/evanw/esbuild/internal/bundler/bundler.go:1125 +0xcb5
github.com/evanw/esbuild/internal/bundler.parseFile({{0x870da0, 0xc000390080}, {0xc000280070, 0xc00044c138, 
0xc00044c150, 0xc000390020, 0x6, 0xc00048c2a0}, 0xc0000dd688, 0xc0004941e0, ...})
	github.com/evanw/esbuild/internal/bundler/bundler.go:163 +0x287
created by github.com/evanw/esbuild/internal/bundler.(*scanner).maybeParseFile in goroutine 37
	github.com/evanw/esbuild/internal/bundler/bundler.go:1538 +0xcff

goroutine 709 [chan receive]:
main.(*serviceType).sendRequest(0xc000116330, {0x7034a0, 0xc001f3c0f0})
	github.com/evanw/esbuild/cmd/esbuild/service.go:192 +0x12b
main.(*serviceType).convertPlugins.func2.4({{0xc00132e000, 0x90}, {0x782eef, 0x4}, {0x0, 0x0}, {0x0, 0x0}, 0x0})
	github.com/evanw/esbuild/cmd/esbuild/service.go:1084 +0x833
github.com/evanw/esbuild/pkg/api.(*pluginImpl).onLoad.func1({{0x0, 0x0}, {{0xc00132e000, 0x90}, {0x782eef, 0x4}, {0x0, 
0x0}, {{0x0, 0x0}}, ...}})
	github.com/evanw/esbuild/pkg/api/api_impl.go:1996 +0x190
github.com/evanw/esbuild/internal/bundler.runOnLoadPlugins({0xc000494240?, 0x2a682b?, 0xc00001e120?}, {0x870da0?, 
0xc000390080}, 0xc0004941e0, {0xc000280070, 0xc00044c138, 0xc00044c150, 0xc000390020, ...}, ...)
	github.com/evanw/esbuild/internal/bundler/bundler.go:1125 +0xcb5
github.com/evanw/esbuild/internal/bundler.parseFile({{0x870da0, 0xc000390080}, {0xc000280070, 0xc00044c138, 
0xc00044c150, 0xc000390020, 0x6, 0xc00048c2a0}, 0xc0000dd688, 0xc0004941e0, ...})
	github.com/evanw/esbuild/internal/bundler/bundler.go:163 +0x287
created by github.com/evanw/esbuild/internal/bundler.(*scanner).maybeParseFile in goroutine 37
	github.com/evanw/esbuild/internal/bundler/bundler.go:1538 +0xcff

goroutine 710 [chan receive]:
main.(*serviceType).sendRequest(0xc000116330, {0x7034a0, 0xc001f3c150})
	github.com/evanw/esbuild/cmd/esbuild/service.go:192 +0x12b
main.(*serviceType).convertPlugins.func2.4({{0xc00132ee10, 0x8d}, {0x782eef, 0x4}, {0x0, 0x0}, {0x0, 0x0}, 0x0})
	github.com/evanw/esbuild/cmd/esbuild/service.go:1084 +0x833
github.com/evanw/esbuild/pkg/api.(*pluginImpl).onLoad.func1({{0x0, 0x0}, {{0xc00132ee10, 0x8d}, {0x782eef, 0x4}, {0x0, 
0x0}, {{0x0, 0x0}}, ...}})
	github.com/evanw/esbuild/pkg/api/api_impl.go:1996 +0x190
github.com/evanw/esbuild/internal/bundler.runOnLoadPlugins({0xc000494240?, 0x2a682b?, 0xc00001e120?}, {0x870da0?, 
0xc000390080}, 0xc0004941e0, {0xc000280070, 0xc00044c138, 0xc00044c150, 0xc000390020, ...}, ...)
	github.com/evanw/esbuild/internal/bundler/bundler.go:1125 +0xcb5
github.com/evanw/esbuild/internal/bundler.parseFile({{0x870da0, 0xc000390080}, {0xc000280070, 0xc00044c138, 
0xc00044c150, 0xc000390020, 0x6, 0xc00048c2a0}, 0xc0000dd688, 0xc0004941e0, ...})
	github.com/evanw/esbuild/internal/bundler/bundler.go:163 +0x287
created by github.com/evanw/esbuild/internal/bundler.(*scanner).maybeParseFile in goroutine 37
	github.com/evanw/esbuild/internal/bundler/bundler.go:1538 +0xcff

goroutine 711 [chan receive]:
main.(*serviceType).sendRequest(0xc000116330, {0x7034a0, 0xc001f3c1b0})
	github.com/evanw/esbuild/cmd/esbuild/service.go:192 +0x12b
main.(*serviceType).convertPlugins.func2.4({{0xc0008b7dd0, 0x8c}, {0x782eef, 0x4}, {0x0, 0x0}, {0x0, 0x0}, 0x0})
	github.com/evanw/esbuild/cmd/esbuild/service.go:1084 +0x833
github.com/evanw/esbuild/pkg/api.(*pluginImpl).onLoad.func1({{0x0, 0x0}, {{0xc0008b7dd0, 0x8c}, {0x782eef, 0x4}, {0x0, 
0x0}, {{0x0, 0x0}}, ...}})
	github.com/evanw/esbuild/pkg/api/api_impl.go:1996 +0x190
github.com/evanw/esbuild/internal/bundler.runOnLoadPlugins({0xc000494240?, 0x2a682b?, 0xc00001e120?}, {0x870da0?, 
0xc000390080}, 0xc0004941e0, {0xc000280070, 0xc00044c138, 0xc00044c150, 0xc000390020, ...}, ...)
	github.com/evanw/esbuild/internal/bundler/bundler.go:1125 +0xcb5
github.com/evanw/esbuild/internal/bundler.parseFile({{0x870da0, 0xc000390080}, {0xc000280070, 0xc00044c138, 
0xc00044c150, 0xc000390020, 0x6, 0xc00048c2a0}, 0xc0000dd688, 0xc0004941e0, ...})
	github.com/evanw/esbuild/internal/bundler/bundler.go:163 +0x287
created by github.com/evanw/esbuild/internal/bundler.(*scanner).maybeParseFile in goroutine 37
	github.com/evanw/esbuild/internal/bundler/bundler.go:1538 +0xcff

goroutine 712 [chan receive]:
main.(*serviceType).sendRequest(0xc000116330, {0x7034a0, 0xc001f3c210})
	github.com/evanw/esbuild/cmd/esbuild/service.go:192 +0x12b
main.(*serviceType).convertPlugins.func2.4({{0xc0016f2750, 0x8e}, {0x782eef, 0x4}, {0x0, 0x0}, {0x0, 0x0}, 0x0})
	github.com/evanw/esbuild/cmd/esbuild/service.go:1084 +0x833
github.com/evanw/esbuild/pkg/api.(*pluginImpl).onLoad.func1({{0x0, 0x0}, {{0xc0016f2750, 0x8e}, {0x782eef, 0x4}, {0x0, 
0x0}, {{0x0, 0x0}}, ...}})
	github.com/evanw/esbuild/pkg/api/api_impl.go:1996 +0x190
github.com/evanw/esbuild/internal/bundler.runOnLoadPlugins({0xc000494240?, 0x2a682b?, 0xc00001e120?}, {0x870da0?, 
0xc000390080}, 0xc0004941e0, {0xc000280070, 0xc00044c138, 0xc00044c150, 0xc000390020, ...}, ...)
	github.com/evanw/esbuild/internal/bundler/bundler.go:1125 +0xcb5
github.com/evanw/esbuild/internal/bundler.parseFile({{0x870da0, 0xc000390080}, {0xc000280070, 0xc00044c138, 
0xc00044c150, 0xc000390020, 0x6, 0xc00048c2a0}, 0xc0000dd688, 0xc0004941e0, ...})
	github.com/evanw/esbuild/internal/bundler/bundler.go:163 +0x287
created by github.com/evanw/esbuild/internal/bundler.(*scanner).maybeParseFile in goroutine 37
	github.com/evanw/esbuild/internal/bundler/bundler.go:1538 +0xcff

goroutine 713 [chan receive]:
main.(*serviceType).sendRequest(0xc000116330, {0x7034a0, 0xc001f3c270})
	github.com/evanw/esbuild/cmd/esbuild/service.go:192 +0x12b
main.(*serviceType).convertPlugins.func2.4({{0xc000741540, 0x94}, {0x782eef, 0x4}, {0x0, 0x0}, {0x0, 0x0}, 0x0})
	github.com/evanw/esbuild/cmd/esbuild/service.go:1084 +0x833
github.com/evanw/esbuild/pkg/api.(*pluginImpl).onLoad.func1({{0x0, 0x0}, {{0xc000741540, 0x94}, {0x782eef, 0x4}, {0x0, 
0x0}, {{0x0, 0x0}}, ...}})
	github.com/evanw/esbuild/pkg/api/api_impl.go:1996 +0x190
github.com/evanw/esbuild/internal/bundler.runOnLoadPlugins({0xc000494240?, 0x2a682b?, 0xc00001e120?}, {0x870da0?, 
0xc000390080}, 0xc0004941e0, {0xc000280070, 0xc00044c138, 0xc00044c150, 0xc000390020, ...}, ...)
	github.com/evanw/esbuild/internal/bundler/bundler.go:1125 +0xcb5
github.com/evanw/esbuild/internal/bundler.parseFile({{0x870da0, 0xc000390080}, {0xc000280070, 0xc00044c138, 
0xc00044c150, 0xc000390020, 0x6, 0xc00048c2a0}, 0xc0000dd688, 0xc0004941e0, ...})
	github.com/evanw/esbuild/internal/bundler/bundler.go:163 +0x287
created by github.com/evanw/esbuild/internal/bundler.(*scanner).maybeParseFile in goroutine 37
	github.com/evanw/esbuild/internal/bundler/bundler.go:1538 +0xcff

goroutine 714 [chan receive]:
main.(*serviceType).sendRequest(0xc000116330, {0x7034a0, 0xc001f3c2d0})
	github.com/evanw/esbuild/cmd/esbuild/service.go:192 +0x12b
main.(*serviceType).convertPlugins.func2.4({{0xc0013d1170, 0x8c}, {0x782eef, 0x4}, {0x0, 0x0}, {0x0, 0x0}, 0x0})
	github.com/evanw/esbuild/cmd/esbuild/service.go:1084 +0x833
github.com/evanw/esbuild/pkg/api.(*pluginImpl).onLoad.func1({{0x0, 0x0}, {{0xc0013d1170, 0x8c}, {0x782eef, 0x4}, {0x0, 
0x0}, {{0x0, 0x0}}, ...}})
	github.com/evanw/esbuild/pkg/api/api_impl.go:1996 +0x190
github.com/evanw/esbuild/internal/bundler.runOnLoadPlugins({0xc000494240?, 0x2a682b?, 0xc00001e120?}, {0x870da0?, 
0xc000390080}, 0xc0004941e0, {0xc000280070, 0xc00044c138, 0xc00044c150, 0xc000390020, ...}, ...)
	github.com/evanw/esbuild/internal/bundler/bundler.go:1125 +0xcb5
github.com/evanw/esbuild/internal/bundler.parseFile({{0x870da0, 0xc000390080}, {0xc000280070, 0xc00044c138, 
0xc00044c150, 0xc000390020, 0x6, 0xc00048c2a0}, 0xc0000dd688, 0xc0004941e0, ...})
	github.com/evanw/esbuild/internal/bundler/bundler.go:163 +0x287
created by github.com/evanw/esbuild/internal/bundler.(*scanner).maybeParseFile in goroutine 37
	github.com/evanw/esbuild/internal/bundler/bundler.go:1538 +0xcff

goroutine 715 [chan receive]:
main.(*serviceType).sendRequest(0xc000116330, {0x7034a0, 0xc001f3c330})
	github.com/evanw/esbuild/cmd/esbuild/service.go:192 +0x12b
main.(*serviceType).convertPlugins.func2.4({{0xc0013d1b90, 0x8e}, {0x782eef, 0x4}, {0x0, 0x0}, {0x0, 0x0}, 0x0})
	github.com/evanw/esbuild/cmd/esbuild/service.go:1084 +0x833
github.com/evanw/esbuild/pkg/api.(*pluginImpl).onLoad.func1({{0x0, 0x0}, {{0xc0013d1b90, 0x8e}, {0x782eef, 0x4}, {0x0, 
0x0}, {{0x0, 0x0}}, ...}})
	github.com/evanw/esbuild/pkg/api/api_impl.go:1996 +0x190
github.com/evanw/esbuild/internal/bundler.runOnLoadPlugins({0xc000494240?, 0x2a682b?, 0xc00001e120?}, {0x870da0?, 
0xc000390080}, 0xc0004941e0, {0xc000280070, 0xc00044c138, 0xc00044c150, 0xc000390020, ...}, ...)
	github.com/evanw/esbuild/internal/bundler/bundler.go:1125 +0xcb5
github.com/evanw/esbuild/internal/bundler.parseFile({{0x870da0, 0xc000390080}, {0xc000280070, 0xc00044c138, 
0xc00044c150, 0xc000390020, 0x6, 0xc00048c2a0}, 0xc0000dd688, 0xc0004941e0, ...})
	github.com/evanw/esbuild/internal/bundler/bundler.go:163 +0x287
created by github.com/evanw/esbuild/internal/bundler.(*scanner).maybeParseFile in goroutine 37
	github.com/evanw/esbuild/internal/bundler/bundler.go:1538 +0xcff

goroutine 716 [chan receive]:
main.(*serviceType).sendRequest(0xc000116330, {0x7034a0, 0xc001f3c390})
	github.com/evanw/esbuild/cmd/esbuild/service.go:192 +0x12b
main.(*serviceType).convertPlugins.func2.4({{0xc002077680, 0x91}, {0x782eef, 0x4}, {0x0, 0x0}, {0x0, 0x0}, 0x0})
	github.com/evanw/esbuild/cmd/esbuild/service.go:1084 +0x833
github.com/evanw/esbuild/pkg/api.(*pluginImpl).onLoad.func1({{0x0, 0x0}, {{0xc002077680, 0x91}, {0x782eef, 0x4}, {0x0, 
0x0}, {{0x0, 0x0}}, ...}})
	github.com/evanw/esbuild/pkg/api/api_impl.go:1996 +0x190
github.com/evanw/esbuild/internal/bundler.runOnLoadPlugins({0xc000494240?, 0x2a682b?, 0xc00001e120?}, {0x870da0?, 
0xc000390080}, 0xc0004941e0, {0xc000280070, 0xc00044c138, 0xc00044c150, 0xc000390020, ...}, ...)
	github.com/evanw/esbuild/internal/bundler/bundler.go:1125 +0xcb5
github.com/evanw/esbuild/internal/bundler.parseFile({{0x870da0, 0xc000390080}, {0xc000280070, 0xc00044c138, 
0xc00044c150, 0xc000390020, 0x6, 0xc00048c2a0}, 0xc0000dd688, 0xc0004941e0, ...})
	github.com/evanw/esbuild/internal/bundler/bundler.go:163 +0x287
created by github.com/evanw/esbuild/internal/bundler.(*scanner).maybeParseFile in goroutine 37
	github.com/evanw/esbuild/internal/bundler/bundler.go:1538 +0xcff

goroutine 717 [chan receive]:
main.(*serviceType).sendRequest(0xc000116330, {0x7034a0, 0xc001f3c3f0})
	github.com/evanw/esbuild/cmd/esbuild/service.go:192 +0x12b
main.(*serviceType).convertPlugins.func2.4({{0xc000b27b90, 0x90}, {0x782eef, 0x4}, {0x0, 0x0}, {0x0, 0x0}, 0x0})
	github.com/evanw/esbuild/cmd/esbuild/service.go:1084 +0x833
github.com/evanw/esbuild/pkg/api.(*pluginImpl).onLoad.func1({{0x0, 0x0}, {{0xc000b27b90, 0x90}, {0x782eef, 0x4}, {0x0, 
0x0}, {{0x0, 0x0}}, ...}})
	github.com/evanw/esbuild/pkg/api/api_impl.go:1996 +0x190
github.com/evanw/esbuild/internal/bundler.runOnLoadPlugins({0xc000494240?, 0x2a682b?, 0xc00001e120?}, {0x870da0?, 
0xc000390080}, 0xc0004941e0, {0xc000280070, 0xc00044c138, 0xc00044c150, 0xc000390020, ...}, ...)
	github.com/evanw/esbuild/internal/bundler/bundler.go:1125 +0xcb5
github.com/evanw/esbuild/internal/bundler.parseFile({{0x870da0, 0xc000390080}, {0xc000280070, 0xc00044c138, 
0xc00044c150, 0xc000390020, 0x6, 0xc00048c2a0}, 0xc0000dd688, 0xc0004941e0, ...})
	github.com/evanw/esbuild/internal/bundler/bundler.go:163 +0x287
created by github.com/evanw/esbuild/internal/bundler.(*scanner).maybeParseFile in goroutine 37
	github.com/evanw/esbuild/internal/bundler/bundler.go:1538 +0xcff

goroutine 718 [chan receive]:
main.(*serviceType).sendRequest(0xc000116330, {0x7034a0, 0xc001f3c450})
	github.com/evanw/esbuild/cmd/esbuild/service.go:192 +0x12b
main.(*serviceType).convertPlugins.func2.4({{0xc002077d60, 0x91}, {0x782eef, 0x4}, {0x0, 0x0}, {0x0, 0x0}, 0x0})
	github.com/evanw/esbuild/cmd/esbuild/service.go:1084 +0x833
github.com/evanw/esbuild/pkg/api.(*pluginImpl).onLoad.func1({{0x0, 0x0}, {{0xc002077d60, 0x91}, {0x782eef, 0x4}, {0x0, 
0x0}, {{0x0, 0x0}}, ...}})
	github.com/evanw/esbuild/pkg/api/api_impl.go:1996 +0x190
github.com/evanw/esbuild/internal/bundler.runOnLoadPlugins({0xc000494240?, 0x0?, 0x0?}, {0x870da0?, 0xc000390080}, 
0xc0004941e0, {0xc000280070, 0xc00044c138, 0xc00044c150, 0xc000390020, ...}, ...)
	github.com/evanw/esbuild/internal/bundler/bundler.go:1125 +0xcb5
github.com/evanw/esbuild/internal/bundler.parseFile({{0x870da0, 0xc000390080}, {0xc000280070, 0xc00044c138, 
0xc00044c150, 0xc000390020, 0x6, 0xc00048c2a0}, 0xc0000dd688, 0xc0004941e0, ...})
	github.com/evanw/esbuild/internal/bundler/bundler.go:163 +0x287
created by github.com/evanw/esbuild/internal/bundler.(*scanner).maybeParseFile in goroutine 37
	github.com/evanw/esbuild/internal/bundler/bundler.go:1538 +0xcff

goroutine 719 [chan receive]:
main.(*serviceType).sendRequest(0xc000116330, {0x7034a0, 0xc001f3c4b0})
	github.com/evanw/esbuild/cmd/esbuild/service.go:192 +0x12b
main.(*serviceType).convertPlugins.func2.4({{0xc000034460, 0x93}, {0x782eef, 0x4}, {0x0, 0x0}, {0x0, 0x0}, 0x0})
	github.com/evanw/esbuild/cmd/esbuild/service.go:1084 +0x833
github.com/evanw/esbuild/pkg/api.(*pluginImpl).onLoad.func1({{0x0, 0x0}, {{0xc000034460, 0x93}, {0x782eef, 0x4}, {0x0, 
0x0}, {{0x0, 0x0}}, ...}})
	github.com/evanw/esbuild/pkg/api/api_impl.go:1996 +0x190
github.com/evanw/esbuild/internal/bundler.runOnLoadPlugins({0xc000494240?, 0x0?, 0x0?}, {0x870da0?, 0xc000390080}, 
0xc0004941e0, {0xc000280070, 0xc00044c138, 0xc00044c150, 0xc000390020, ...}, ...)
	github.com/evanw/esbuild/internal/bundler/bundler.go:1125 +0xcb5
github.com/evanw/esbuild/internal/bundler.parseFile({{0x870da0, 0xc000390080}, {0xc000280070, 0xc00044c138, 
0xc00044c150, 0xc000390020, 0x6, 0xc00048c2a0}, 0xc0000dd688, 0xc0004941e0, ...})
	github.com/evanw/esbuild/internal/bundler/bundler.go:163 +0x287
created by github.com/evanw/esbuild/internal/bundler.(*scanner).maybeParseFile in goroutine 37
	github.com/evanw/esbuild/internal/bundler/bundler.go:1538 +0xcff

goroutine 720 [chan receive]:
main.(*serviceType).sendRequest(0xc000116330, {0x7034a0, 0xc001f3c510})
	github.com/evanw/esbuild/cmd/esbuild/service.go:192 +0x12b
main.(*serviceType).convertPlugins.func2.4({{0xc000034aa0, 0x92}, {0x782eef, 0x4}, {0x0, 0x0}, {0x0, 0x0}, 0x0})
	github.com/evanw/esbuild/cmd/esbuild/service.go:1084 +0x833
github.com/evanw/esbuild/pkg/api.(*pluginImpl).onLoad.func1({{0x0, 0x0}, {{0xc000034aa0, 0x92}, {0x782eef, 0x4}, {0x0, 
0x0}, {{0x0, 0x0}}, ...}})
	github.com/evanw/esbuild/pkg/api/api_impl.go:1996 +0x190
github.com/evanw/esbuild/internal/bundler.runOnLoadPlugins({0xc000494240?, 0x0?, 0x0?}, {0x870da0?, 0xc000390080}, 
0xc0004941e0, {0xc000280070, 0xc00044c138, 0xc00044c150, 0xc000390020, ...}, ...)
	github.com/evanw/esbuild/internal/bundler/bundler.go:1125 +0xcb5
github.com/evanw/esbuild/internal/bundler.parseFile({{0x870da0, 0xc000390080}, {0xc000280070, 0xc00044c138, 
0xc00044c150, 0xc000390020, 0x6, 0xc00048c2a0}, 0xc0000dd688, 0xc0004941e0, ...})
	github.com/evanw/esbuild/internal/bundler/bundler.go:163 +0x287
created by github.com/evanw/esbuild/internal/bundler.(*scanner).maybeParseFile in goroutine 37
	github.com/evanw/esbuild/internal/bundler/bundler.go:1538 +0xcff

goroutine 721 [chan receive]:
main.(*serviceType).sendRequest(0xc000116330, {0x7034a0, 0xc001f3c5d0})
	github.com/evanw/esbuild/cmd/esbuild/service.go:192 +0x12b
main.(*serviceType).convertPlugins.func2.4({{0xc000034e60, 0x92}, {0x782eef, 0x4}, {0x0, 0x0}, {0x0, 0x0}, 0x0})
	github.com/evanw/esbuild/cmd/esbuild/service.go:1084 +0x833
github.com/evanw/esbuild/pkg/api.(*pluginImpl).onLoad.func1({{0x0, 0x0}, {{0xc000034e60, 0x92}, {0x782eef, 0x4}, {0x0, 
0x0}, {{0x0, 0x0}}, ...}})
	github.com/evanw/esbuild/pkg/api/api_impl.go:1996 +0x190
github.com/evanw/esbuild/internal/bundler.runOnLoadPlugins({0xc000494240?, 0x0?, 0x0?}, {0x870da0?, 0xc000390080}, 
0xc0004941e0, {0xc000280070, 0xc00044c138, 0xc00044c150, 0xc000390020, ...}, ...)
	github.com/evanw/esbuild/internal/bundler/bundler.go:1125 +0xcb5
github.com/evanw/esbuild/internal/bundler.parseFile({{0x870da0, 0xc000390080}, {0xc000280070, 0xc00044c138, 
0xc00044c150, 0xc000390020, 0x6, 0xc00048c2a0}, 0xc0000dd688, 0xc0004941e0, ...})
	github.com/evanw/esbuild/internal/bundler/bundler.go:163 +0x287
created by github.com/evanw/esbuild/internal/bundler.(*scanner).maybeParseFile in goroutine 37
	github.com/evanw/esbuild/internal/bundler/bundler.go:1538 +0xcff

goroutine 722 [chan receive]:
main.(*serviceType).sendRequest(0xc000116330, {0x7034a0, 0xc001f3c630})
	github.com/evanw/esbuild/cmd/esbuild/service.go:192 +0x12b
main.(*serviceType).convertPlugins.func2.4({{0xc000739710, 0x8c}, {0x782eef, 0x4}, {0x0, 0x0}, {0x0, 0x0}, 0x0})
	github.com/evanw/esbuild/cmd/esbuild/service.go:1084 +0x833
github.com/evanw/esbuild/pkg/api.(*pluginImpl).onLoad.func1({{0x0, 0x0}, {{0xc000739710, 0x8c}, {0x782eef, 0x4}, {0x0, 
0x0}, {{0x0, 0x0}}, ...}})
	github.com/evanw/esbuild/pkg/api/api_impl.go:1996 +0x190
github.com/evanw/esbuild/internal/bundler.runOnLoadPlugins({0xc000494240?, 0x0?, 0x0?}, {0x870da0?, 0xc000390080}, 
0xc0004941e0, {0xc000280070, 0xc00044c138, 0xc00044c150, 0xc000390020, ...}, ...)
	github.com/evanw/esbuild/internal/bundler/bundler.go:1125 +0xcb5
github.com/evanw/esbuild/internal/bundler.parseFile({{0x870da0, 0xc000390080}, {0xc000280070, 0xc00044c138, 
0xc00044c150, 0xc000390020, 0x6, 0xc00048c2a0}, 0xc0000dd688, 0xc0004941e0, ...})
	github.com/evanw/esbuild/internal/bundler/bundler.go:163 +0x287
created by github.com/evanw/esbuild/internal/bundler.(*scanner).maybeParseFile in goroutine 37
	github.com/evanw/esbuild/internal/bundler/bundler.go:1538 +0xcff

goroutine 723 [chan receive]:
main.(*serviceType).sendRequest(0xc000116330, {0x7034a0, 0xc001f3c690})
	github.com/evanw/esbuild/cmd/esbuild/service.go:192 +0x12b
main.(*serviceType).convertPlugins.func2.4({{0xc000195c20, 0x92}, {0x782eef, 0x4}, {0x0, 0x0}, {0x0, 0x0}, 0x0})
	github.com/evanw/esbuild/cmd/esbuild/service.go:1084 +0x833
github.com/evanw/esbuild/pkg/api.(*pluginImpl).onLoad.func1({{0x0, 0x0}, {{0xc000195c20, 0x92}, {0x782eef, 0x4}, {0x0, 
0x0}, {{0x0, 0x0}}, ...}})
	github.com/evanw/esbuild/pkg/api/api_impl.go:1996 +0x190
github.com/evanw/esbuild/internal/bundler.runOnLoadPlugins({0xc000494240?, 0x0?, 0x0?}, {0x870da0?, 0xc000390080}, 
0xc0004941e0, {0xc000280070, 0xc00044c138, 0xc00044c150, 0xc000390020, ...}, ...)
	github.com/evanw/esbuild/internal/bundler/bundler.go:1125 +0xcb5
github.com/evanw/esbuild/internal/bundler.parseFile({{0x870da0, 0xc000390080}, {0xc000280070, 0xc00044c138, 
0xc00044c150, 0xc000390020, 0x6, 0xc00048c2a0}, 0xc0000dd688, 0xc0004941e0, ...})
	github.com/evanw/esbuild/internal/bundler/bundler.go:163 +0x287
created by github.com/evanw/esbuild/internal/bundler.(*scanner).maybeParseFile in goroutine 37
	github.com/evanw/esbuild/internal/bundler/bundler.go:1538 +0xcff

goroutine 724 [chan receive]:
main.(*serviceType).sendRequest(0xc000116330, {0x7034a0, 0xc001f3c6f0})
	github.com/evanw/esbuild/cmd/esbuild/service.go:192 +0x12b
main.(*serviceType).convertPlugins.func2.4({{0xc000092f00, 0x92}, {0x782eef, 0x4}, {0x0, 0x0}, {0x0, 0x0}, 0x0})
	github.com/evanw/esbuild/cmd/esbuild/service.go:1084 +0x833
github.com/evanw/esbuild/pkg/api.(*pluginImpl).onLoad.func1({{0x0, 0x0}, {{0xc000092f00, 0x92}, {0x782eef, 0x4}, {0x0, 
0x0}, {{0x0, 0x0}}, ...}})
	github.com/evanw/esbuild/pkg/api/api_impl.go:1996 +0x190
github.com/evanw/esbuild/internal/bundler.runOnLoadPlugins({0xc000494240?, 0x0?, 0x0?}, {0x870da0?, 0xc000390080}, 
0xc0004941e0, {0xc000280070, 0xc00044c138, 0xc00044c150, 0xc000390020, ...}, ...)
	github.com/evanw/esbuild/internal/bundler/bundler.go:1125 +0xcb5
github.com/evanw/esbuild/internal/bundler.parseFile({{0x870da0, 0xc000390080}, {0xc000280070, 0xc00044c138, 
0xc00044c150, 0xc000390020, 0x6, 0xc00048c2a0}, 0xc0000dd688, 0xc0004941e0, ...})
	github.com/evanw/esbuild/internal/bundler/bundler.go:163 +0x287
created by github.com/evanw/esbuild/internal/bundler.(*scanner).maybeParseFile in goroutine 37
	github.com/evanw/esbuild/internal/bundler/bundler.go:1538 +0xcff

goroutine 725 [chan receive]:
main.(*serviceType).sendRequest(0xc000116330, {0x7034a0, 0xc001f3c750})
	github.com/evanw/esbuild/cmd/esbuild/service.go:192 +0x12b
main.(*serviceType).convertPlugins.func2.4({{0xc000093540, 0x9e}, {0x782eef, 0x4}, {0x0, 0x0}, {0x0, 0x0}, 0x0})
	github.com/evanw/esbuild/cmd/esbuild/service.go:1084 +0x833
github.com/evanw/esbuild/pkg/api.(*pluginImpl).onLoad.func1({{0x0, 0x0}, {{0xc000093540, 0x9e}, {0x782eef, 0x4}, {0x0, 
0x0}, {{0x0, 0x0}}, ...}})
	github.com/evanw/esbuild/pkg/api/api_impl.go:1996 +0x190
github.com/evanw/esbuild/internal/bundler.runOnLoadPlugins({0xc000494240?, 0x0?, 0x0?}, {0x870da0?, 0xc000390080}, 
0xc0004941e0, {0xc000280070, 0xc00044c138, 0xc00044c150, 0xc000390020, ...}, ...)
	github.com/evanw/esbuild/internal/bundler/bundler.go:1125 +0xcb5
github.com/evanw/esbuild/internal/bundler.parseFile({{0x870da0, 0xc000390080}, {0xc000280070, 0xc00044c138, 
0xc00044c150, 0xc000390020, 0x6, 0xc00048c2a0}, 0xc0000dd688, 0xc0004941e0, ...})
	github.com/evanw/esbuild/internal/bundler/bundler.go:163 +0x287
created by github.com/evanw/esbuild/internal/bundler.(*scanner).maybeParseFile in goroutine 37
	github.com/evanw/esbuild/internal/bundler/bundler.go:1538 +0xcff

goroutine 726 [chan receive]:
main.(*serviceType).sendRequest(0xc000116330, {0x7034a0, 0xc001f3c030})
	github.com/evanw/esbuild/cmd/esbuild/service.go:192 +0x12b
main.(*serviceType).convertPlugins.func2.4({{0xc0008ee3c0, 0x91}, {0x782eef, 0x4}, {0x0, 0x0}, {0x0, 0x0}, 0x0})
	github.com/evanw/esbuild/cmd/esbuild/service.go:1084 +0x833
github.com/evanw/esbuild/pkg/api.(*pluginImpl).onLoad.func1({{0x0, 0x0}, {{0xc0008ee3c0, 0x91}, {0x782eef, 0x4}, {0x0, 
0x0}, {{0x0, 0x0}}, ...}})
	github.com/evanw/esbuild/pkg/api/api_impl.go:1996 +0x190
github.com/evanw/esbuild/internal/bundler.runOnLoadPlugins({0xc000494240?, 0x2a682b?, 0xc00001e120?}, {0x870da0?, 
0xc000390080}, 0xc0004941e0, {0xc000280070, 0xc00044c138, 0xc00044c150, 0xc000390020, ...}, ...)
	github.com/evanw/esbuild/internal/bundler/bundler.go:1125 +0xcb5
github.com/evanw/esbuild/internal/bundler.parseFile({{0x870da0, 0xc000390080}, {0xc000280070, 0xc00044c138, 
0xc00044c150, 0xc000390020, 0x6, 0xc00048c2a0}, 0xc0000dd688, 0xc0004941e0, ...})
	github.com/evanw/esbuild/internal/bundler/bundler.go:163 +0x287
created by github.com/evanw/esbuild/internal/bundler.(*scanner).maybeParseFile in goroutine 37
	github.com/evanw/esbuild/internal/bundler/bundler.go:1538 +0xcff

goroutine 727 [chan receive]:
main.(*serviceType).sendRequest(0xc000116330, {0x7034a0, 0xc002ade390})
	github.com/evanw/esbuild/cmd/esbuild/service.go:192 +0x12b
main.(*serviceType).convertPlugins.func2.4({{0xc0008ee820, 0x92}, {0x782eef, 0x4}, {0x0, 0x0}, {0x0, 0x0}, 0x0})
	github.com/evanw/esbuild/cmd/esbuild/service.go:1084 +0x833
github.com/evanw/esbuild/pkg/api.(*pluginImpl).onLoad.func1({{0x0, 0x0}, {{0xc0008ee820, 0x92}, {0x782eef, 0x4}, {0x0, 
0x0}, {{0x0, 0x0}}, ...}})
	github.com/evanw/esbuild/pkg/api/api_impl.go:1996 +0x190
github.com/evanw/esbuild/internal/bundler.runOnLoadPlugins({0xc000494240?, 0x4?, 0xc002b05e30?}, {0x870da0?, 
0xc000390080}, 0xc0004941e0, {0xc000280070, 0xc00044c138, 0xc00044c150, 0xc000390020, ...}, ...)
	github.com/evanw/esbuild/internal/bundler/bundler.go:1125 +0xcb5
github.com/evanw/esbuild/internal/bundler.parseFile({{0x870da0, 0xc000390080}, {0xc000280070, 0xc00044c138, 
0xc00044c150, 0xc000390020, 0x6, 0xc00048c2a0}, 0xc0000dd688, 0xc0004941e0, ...})
	github.com/evanw/esbuild/internal/bundler/bundler.go:163 +0x287
created by github.com/evanw/esbuild/internal/bundler.(*scanner).maybeParseFile in goroutine 37
	github.com/evanw/esbuild/internal/bundler/bundler.go:1538 +0xcff

goroutine 728 [chan receive]:
main.(*serviceType).sendRequest(0xc000116330, {0x7034a0, 0xc002ade420})
	github.com/evanw/esbuild/cmd/esbuild/service.go:192 +0x12b
main.(*serviceType).convertPlugins.func2.4({{0xc001138510, 0x8e}, {0x782eef, 0x4}, {0x0, 0x0}, {0x0, 0x0}, 0x0})
	github.com/evanw/esbuild/cmd/esbuild/service.go:1084 +0x833
github.com/evanw/esbuild/pkg/api.(*pluginImpl).onLoad.func1({{0x0, 0x0}, {{0xc001138510, 0x8e}, {0x782eef, 0x4}, {0x0, 
0x0}, {{0x0, 0x0}}, ...}})
	github.com/evanw/esbuild/pkg/api/api_impl.go:1996 +0x190
github.com/evanw/esbuild/internal/bundler.runOnLoadPlugins({0xc000494240?, 0x4?, 0xc002b05e30?}, {0x870da0?, 
0xc000390080}, 0xc0004941e0, {0xc000280070, 0xc00044c138, 0xc00044c150, 0xc000390020, ...}, ...)
	github.com/evanw/esbuild/internal/bundler/bundler.go:1125 +0xcb5
github.com/evanw/esbuild/internal/bundler.parseFile({{0x870da0, 0xc000390080}, {0xc000280070, 0xc00044c138, 
0xc00044c150, 0xc000390020, 0x6, 0xc00048c2a0}, 0xc0000dd688, 0xc0004941e0, ...})
	github.com/evanw/esbuild/internal/bundler/bundler.go:163 +0x287
created by github.com/evanw/esbuild/internal/bundler.(*scanner).maybeParseFile in goroutine 37
	github.com/evanw/esbuild/internal/bundler/bundler.go:1538 +0xcff

goroutine 729 [chan receive]:
main.(*serviceType).sendRequest(0xc000116330, {0x7034a0, 0xc002ade4b0})
	github.com/evanw/esbuild/cmd/esbuild/service.go:192 +0x12b
main.(*serviceType).convertPlugins.func2.4({{0xc0018f27e0, 0x90}, {0x782eef, 0x4}, {0x0, 0x0}, {0x0, 0x0}, 0x0})
	github.com/evanw/esbuild/cmd/esbuild/service.go:1084 +0x833
github.com/evanw/esbuild/pkg/api.(*pluginImpl).onLoad.func1({{0x0, 0x0}, {{0xc0018f27e0, 0x90}, {0x782eef, 0x4}, {0x0, 
0x0}, {{0x0, 0x0}}, ...}})
	github.com/evanw/esbuild/pkg/api/api_impl.go:1996 +0x190
github.com/evanw/esbuild/internal/bundler.runOnLoadPlugins({0xc000494240?, 0x4?, 0xc002b05e30?}, {0x870da0?, 
0xc000390080}, 0xc0004941e0, {0xc000280070, 0xc00044c138, 0xc00044c150, 0xc000390020, ...}, ...)
	github.com/evanw/esbuild/internal/bundler/bundler.go:1125 +0xcb5
github.com/evanw/esbuild/internal/bundler.parseFile({{0x870da0, 0xc000390080}, {0xc000280070, 0xc00044c138, 
0xc00044c150, 0xc000390020, 0x6, 0xc00048c2a0}, 0xc0000dd688, 0xc0004941e0, ...})
	github.com/evanw/esbuild/internal/bundler/bundler.go:163 +0x287
created by github.com/evanw/esbuild/internal/bundler.(*scanner).maybeParseFile in goroutine 37
	github.com/evanw/esbuild/internal/bundler/bundler.go:1538 +0xcff

goroutine 730 [chan receive]:
main.(*serviceType).sendRequest(0xc000116330, {0x7034a0, 0xc002ade660})
	github.com/evanw/esbuild/cmd/esbuild/service.go:192 +0x12b
main.(*serviceType).convertPlugins.func2.4({{0xc0000355e0, 0x98}, {0x782eef, 0x4}, {0x0, 0x0}, {0x0, 0x0}, 0x0})
	github.com/evanw/esbuild/cmd/esbuild/service.go:1084 +0x833
github.com/evanw/esbuild/pkg/api.(*pluginImpl).onLoad.func1({{0x0, 0x0}, {{0xc0000355e0, 0x98}, {0x782eef, 0x4}, {0x0, 
0x0}, {{0x0, 0x0}}, ...}})
	github.com/evanw/esbuild/pkg/api/api_impl.go:1996 +0x190
github.com/evanw/esbuild/internal/bundler.runOnLoadPlugins({0xc000494240?, 0x4?, 0xc002b05e30?}, {0x870da0?, 
0xc000390080}, 0xc0004941e0, {0xc000280070, 0xc00044c138, 0xc00044c150, 0xc000390020, ...}, ...)
	github.com/evanw/esbuild/internal/bundler/bundler.go:1125 +0xcb5
github.com/evanw/esbuild/internal/bundler.parseFile({{0x870da0, 0xc000390080}, {0xc000280070, 0xc00044c138, 
0xc00044c150, 0xc000390020, 0x6, 0xc00048c2a0}, 0xc0000dd688, 0xc0004941e0, ...})
	github.com/evanw/esbuild/internal/bundler/bundler.go:163 +0x287
created by github.com/evanw/esbuild/internal/bundler.(*scanner).maybeParseFile in goroutine 37
	github.com/evanw/esbuild/internal/bundler/bundler.go:1538 +0xcff

goroutine 731 [chan receive]:
main.(*serviceType).sendRequest(0xc000116330, {0x7034a0, 0xc002adeab0})
	github.com/evanw/esbuild/cmd/esbuild/service.go:192 +0x12b
main.(*serviceType).convertPlugins.func2.4({{0xc0000359a0, 0x94}, {0x782eef, 0x4}, {0x0, 0x0}, {0x0, 0x0}, 0x0})
	github.com/evanw/esbuild/cmd/esbuild/service.go:1084 +0x833
github.com/evanw/esbuild/pkg/api.(*pluginImpl).onLoad.func1({{0x0, 0x0}, {{0xc0000359a0, 0x94}, {0x782eef, 0x4}, {0x0, 
0x0}, {{0x0, 0x0}}, ...}})
	github.com/evanw/esbuild/pkg/api/api_impl.go:1996 +0x190
github.com/evanw/esbuild/internal/bundler.runOnLoadPlugins({0xc000494240?, 0x4?, 0xc002b05e30?}, {0x870da0?, 
0xc000390080}, 0xc0004941e0, {0xc000280070, 0xc00044c138, 0xc00044c150, 0xc000390020, ...}, ...)
	github.com/evanw/esbuild/internal/bundler/bundler.go:1125 +0xcb5
github.com/evanw/esbuild/internal/bundler.parseFile({{0x870da0, 0xc000390080}, {0xc000280070, 0xc00044c138, 
0xc00044c150, 0xc000390020, 0x6, 0xc00048c2a0}, 0xc0000dd688, 0xc0004941e0, ...})
	github.com/evanw/esbuild/internal/bundler/bundler.go:163 +0x287
created by github.com/evanw/esbuild/internal/bundler.(*scanner).maybeParseFile in goroutine 37
	github.com/evanw/esbuild/internal/bundler/bundler.go:1538 +0xcff

goroutine 732 [chan receive]:
main.(*serviceType).sendRequest(0xc000116330, {0x7034a0, 0xc002adec30})
	github.com/evanw/esbuild/cmd/esbuild/service.go:192 +0x12b
main.(*serviceType).convertPlugins.func2.4({{0xc000035f40, 0x96}, {0x782eef, 0x4}, {0x0, 0x0}, {0x0, 0x0}, 0x0})
	github.com/evanw/esbuild/cmd/esbuild/service.go:1084 +0x833
github.com/evanw/esbuild/pkg/api.(*pluginImpl).onLoad.func1({{0x0, 0x0}, {{0xc000035f40, 0x96}, {0x782eef, 0x4}, {0x0, 
0x0}, {{0x0, 0x0}}, ...}})
	github.com/evanw/esbuild/pkg/api/api_impl.go:1996 +0x190
github.com/evanw/esbuild/internal/bundler.runOnLoadPlugins({0xc000494240?, 0x4?, 0xc002b05e30?}, {0x870da0?, 
0xc000390080}, 0xc0004941e0, {0xc000280070, 0xc00044c138, 0xc00044c150, 0xc000390020, ...}, ...)
	github.com/evanw/esbuild/internal/bundler/bundler.go:1125 +0xcb5
github.com/evanw/esbuild/internal/bundler.parseFile({{0x870da0, 0xc000390080}, {0xc000280070, 0xc00044c138, 
0xc00044c150, 0xc000390020, 0x6, 0xc00048c2a0}, 0xc0000dd688, 0xc0004941e0, ...})
	github.com/evanw/esbuild/internal/bundler/bundler.go:163 +0x287
created by github.com/evanw/esbuild/internal/bundler.(*scanner).maybeParseFile in goroutine 37
	github.com/evanw/esbuild/internal/bundler/bundler.go:1538 +0xcff

goroutine 733 [chan receive]:
main.(*serviceType).sendRequest(0xc000116330, {0x7034a0, 0xc002aded80})
	github.com/evanw/esbuild/cmd/esbuild/service.go:192 +0x12b
main.(*serviceType).convertPlugins.func2.4({{0xc001744000, 0x8d}, {0x782eef, 0x4}, {0x0, 0x0}, {0x0, 0x0}, 0x0})
	github.com/evanw/esbuild/cmd/esbuild/service.go:1084 +0x833
github.com/evanw/esbuild/pkg/api.(*pluginImpl).onLoad.func1({{0x0, 0x0}, {{0xc001744000, 0x8d}, {0x782eef, 0x4}, {0x0, 
0x0}, {{0x0, 0x0}}, ...}})
	github.com/evanw/esbuild/pkg/api/api_impl.go:1996 +0x190
github.com/evanw/esbuild/internal/bundler.runOnLoadPlugins({0xc000494240?, 0x4?, 0xc002b05e30?}, {0x870da0?, 
0xc000390080}, 0xc0004941e0, {0xc000280070, 0xc00044c138, 0xc00044c150, 0xc000390020, ...}, ...)
	github.com/evanw/esbuild/internal/bundler/bundler.go:1125 +0xcb5
github.com/evanw/esbuild/internal/bundler.parseFile({{0x870da0, 0xc000390080}, {0xc000280070, 0xc00044c138, 
0xc00044c150, 0xc000390020, 0x6, 0xc00048c2a0}, 0xc0000dd688, 0xc0004941e0, ...})
	github.com/evanw/esbuild/internal/bundler/bundler.go:163 +0x287
created by github.com/evanw/esbuild/internal/bundler.(*scanner).maybeParseFile in goroutine 37
	github.com/evanw/esbuild/internal/bundler/bundler.go:1538 +0xcff

goroutine 734 [chan receive]:
main.(*serviceType).sendRequest(0xc000116330, {0x7034a0, 0xc002adede0})
	github.com/evanw/esbuild/cmd/esbuild/service.go:192 +0x12b
main.(*serviceType).convertPlugins.func2.4({{0xc000252be0, 0x91}, {0x782eef, 0x4}, {0x0, 0x0}, {0x0, 0x0}, 0x0})
	github.com/evanw/esbuild/cmd/esbuild/service.go:1084 +0x833
github.com/evanw/esbuild/pkg/api.(*pluginImpl).onLoad.func1({{0x0, 0x0}, {{0xc000252be0, 0x91}, {0x782eef, 0x4}, {0x0, 
0x0}, {{0x0, 0x0}}, ...}})
	github.com/evanw/esbuild/pkg/api/api_impl.go:1996 +0x190
github.com/evanw/esbuild/internal/bundler.runOnLoadPlugins({0xc000494240?, 0x4?, 0xc002b05e30?}, {0x870da0?, 
0xc000390080}, 0xc0004941e0, {0xc000280070, 0xc00044c138, 0xc00044c150, 0xc000390020, ...}, ...)
	github.com/evanw/esbuild/internal/bundler/bundler.go:1125 +0xcb5
github.com/evanw/esbuild/internal/bundler.parseFile({{0x870da0, 0xc000390080}, {0xc000280070, 0xc00044c138, 
0xc00044c150, 0xc000390020, 0x6, 0xc00048c2a0}, 0xc0000dd688, 0xc0004941e0, ...})
	github.com/evanw/esbuild/internal/bundler/bundler.go:163 +0x287
created by github.com/evanw/esbuild/internal/bundler.(*scanner).maybeParseFile in goroutine 37
	github.com/evanw/esbuild/internal/bundler/bundler.go:1538 +0xcff

goroutine 735 [chan receive]:
main.(*serviceType).sendRequest(0xc000116330, {0x7034a0, 0xc002adee40})
	github.com/evanw/esbuild/cmd/esbuild/service.go:192 +0x12b
main.(*serviceType).convertPlugins.func2.4({{0xc001744b40, 0x8f}, {0x782eef, 0x4}, {0x0, 0x0}, {0x0, 0x0}, 0x0})
	github.com/evanw/esbuild/cmd/esbuild/service.go:1084 +0x833
github.com/evanw/esbuild/pkg/api.(*pluginImpl).onLoad.func1({{0x0, 0x0}, {{0xc001744b40, 0x8f}, {0x782eef, 0x4}, {0x0, 
0x0}, {{0x0, 0x0}}, ...}})
	github.com/evanw/esbuild/pkg/api/api_impl.go:1996 +0x190
github.com/evanw/esbuild/internal/bundler.runOnLoadPlugins({0xc000494240?, 0x4?, 0xc002b05e30?}, {0x870da0?, 
0xc000390080}, 0xc0004941e0, {0xc000280070, 0xc00044c138, 0xc00044c150, 0xc000390020, ...}, ...)
	github.com/evanw/esbuild/internal/bundler/bundler.go:1125 +0xcb5
github.com/evanw/esbuild/internal/bundler.parseFile({{0x870da0, 0xc000390080}, {0xc000280070, 0xc00044c138, 
0xc00044c150, 0xc000390020, 0x6, 0xc00048c2a0}, 0xc0000dd688, 0xc0004941e0, ...})
	github.com/evanw/esbuild/internal/bundler/bundler.go:163 +0x287
created by github.com/evanw/esbuild/internal/bundler.(*scanner).maybeParseFile in goroutine 37
	github.com/evanw/esbuild/internal/bundler/bundler.go:1538 +0xcff

goroutine 736 [chan receive]:
main.(*serviceType).sendRequest(0xc000116330, {0x7034a0, 0xc002ade1e0})
	github.com/evanw/esbuild/cmd/esbuild/service.go:192 +0x12b
main.(*serviceType).convertPlugins.func2.4({{0xc0016ce3f0, 0x8f}, {0x782eef, 0x4}, {0x0, 0x0}, {0x0, 0x0}, 0x0})
	github.com/evanw/esbuild/cmd/esbuild/service.go:1084 +0x833
github.com/evanw/esbuild/pkg/api.(*pluginImpl).onLoad.func1({{0x0, 0x0}, {{0xc0016ce3f0, 0x8f}, {0x782eef, 0x4}, {0x0, 
0x0}, {{0x0, 0x0}}, ...}})
	github.com/evanw/esbuild/pkg/api/api_impl.go:1996 +0x190
github.com/evanw/esbuild/internal/bundler.runOnLoadPlugins({0xc000494240?, 0x4?, 0xc002b05e30?}, {0x870da0?, 
0xc000390080}, 0xc0004941e0, {0xc000280070, 0xc00044c138, 0xc00044c150, 0xc000390020, ...}, ...)
	github.com/evanw/esbuild/internal/bundler/bundler.go:1125 +0xcb5
github.com/evanw/esbuild/internal/bundler.parseFile({{0x870da0, 0xc000390080}, {0xc000280070, 0xc00044c138, 
0xc00044c150, 0xc000390020, 0x6, 0xc00048c2a0}, 0xc0000dd688, 0xc0004941e0, ...})
	github.com/evanw/esbuild/internal/bundler/bundler.go:163 +0x287
created by github.com/evanw/esbuild/internal/bundler.(*scanner).maybeParseFile in goroutine 37
	github.com/evanw/esbuild/internal/bundler/bundler.go:1538 +0xcff

goroutine 737 [chan receive]:
main.(*serviceType).sendRequest(0xc000116330, {0x7034a0, 0xc001de0d50})
	github.com/evanw/esbuild/cmd/esbuild/service.go:192 +0x12b
main.(*serviceType).convertPlugins.func2.4({{0xc000093cc0, 0x93}, {0x782eef, 0x4}, {0x0, 0x0}, {0x0, 0x0}, 0x0})
	github.com/evanw/esbuild/cmd/esbuild/service.go:1084 +0x833
github.com/evanw/esbuild/pkg/api.(*pluginImpl).onLoad.func1({{0x0, 0x0}, {{0xc000093cc0, 0x93}, {0x782eef, 0x4}, {0x0, 
0x0}, {{0x0, 0x0}}, ...}})
	github.com/evanw/esbuild/pkg/api/api_impl.go:1996 +0x190
github.com/evanw/esbuild/internal/bundler.runOnLoadPlugins({0xc000494240?, 0x2a682b?, 0xc00001e120?}, {0x870da0?, 
0xc000390080}, 0xc0004941e0, {0xc000280070, 0xc00044c138, 0xc00044c150, 0xc000390020, ...}, ...)
	github.com/evanw/esbuild/internal/bundler/bundler.go:1125 +0xcb5
github.com/evanw/esbuild/internal/bundler.parseFile({{0x870da0, 0xc000390080}, {0xc000280070, 0xc00044c138, 
0xc00044c150, 0xc000390020, 0x6, 0xc00048c2a0}, 0xc0000dd688, 0xc0004941e0, ...})
	github.com/evanw/esbuild/internal/bundler/bundler.go:163 +0x287
created by github.com/evanw/esbuild/internal/bundler.(*scanner).maybeParseFile in goroutine 37
	github.com/evanw/esbuild/internal/bundler/bundler.go:1538 +0xcff

goroutine 738 [chan receive]:
main.(*serviceType).sendRequest(0xc000116330, {0x7034a0, 0xc001de0db0})
	github.com/evanw/esbuild/cmd/esbuild/service.go:192 +0x12b
main.(*serviceType).convertPlugins.func2.4({{0xc000d7d290, 0x8e}, {0x782eef, 0x4}, {0x0, 0x0}, {0x0, 0x0}, 0x0})
	github.com/evanw/esbuild/cmd/esbuild/service.go:1084 +0x833
github.com/evanw/esbuild/pkg/api.(*pluginImpl).onLoad.func1({{0x0, 0x0}, {{0xc000d7d290, 0x8e}, {0x782eef, 0x4}, {0x0, 
0x0}, {{0x0, 0x0}}, ...}})
	github.com/evanw/esbuild/pkg/api/api_impl.go:1996 +0x190
github.com/evanw/esbuild/internal/bundler.runOnLoadPlugins({0xc000494240?, 0x2a682b?, 0xc00001e120?}, {0x870da0?, 
0xc000390080}, 0xc0004941e0, {0xc000280070, 0xc00044c138, 0xc00044c150, 0xc000390020, ...}, ...)
	github.com/evanw/esbuild/internal/bundler/bundler.go:1125 +0xcb5
github.com/evanw/esbuild/internal/bundler.parseFile({{0x870da0, 0xc000390080}, {0xc000280070, 0xc00044c138, 
0xc00044c150, 0xc000390020, 0x6, 0xc00048c2a0}, 0xc0000dd688, 0xc0004941e0, ...})
	github.com/evanw/esbuild/internal/bundler/bundler.go:163 +0x287
created by github.com/evanw/esbuild/internal/bundler.(*scanner).maybeParseFile in goroutine 37
	github.com/evanw/esbuild/internal/bundler/bundler.go:1538 +0xcff

goroutine 739 [chan receive]:
main.(*serviceType).sendRequest(0xc000116330, {0x7034a0, 0xc001de0e10})
	github.com/evanw/esbuild/cmd/esbuild/service.go:192 +0x12b
main.(*serviceType).convertPlugins.func2.4({{0xc001fd21e0, 0x92}, {0x782eef, 0x4}, {0x0, 0x0}, {0x0, 0x0}, 0x0})
	github.com/evanw/esbuild/cmd/esbuild/service.go:1084 +0x833
github.com/evanw/esbuild/pkg/api.(*pluginImpl).onLoad.func1({{0x0, 0x0}, {{0xc001fd21e0, 0x92}, {0x782eef, 0x4}, {0x0, 
0x0}, {{0x0, 0x0}}, ...}})
	github.com/evanw/esbuild/pkg/api/api_impl.go:1996 +0x190
github.com/evanw/esbuild/internal/bundler.runOnLoadPlugins({0xc000494240?, 0x2a682b?, 0xc00001e120?}, {0x870da0?, 
0xc000390080}, 0xc0004941e0, {0xc000280070, 0xc00044c138, 0xc00044c150, 0xc000390020, ...}, ...)
	github.com/evanw/esbuild/internal/bundler/bundler.go:1125 +0xcb5
github.com/evanw/esbuild/internal/bundler.parseFile({{0x870da0, 0xc000390080}, {0xc000280070, 0xc00044c138, 
0xc00044c150, 0xc000390020, 0x6, 0xc00048c2a0}, 0xc0000dd688, 0xc0004941e0, ...})
	github.com/evanw/esbuild/internal/bundler/bundler.go:163 +0x287
created by github.com/evanw/esbuild/internal/bundler.(*scanner).maybeParseFile in goroutine 37
	github.com/evanw/esbuild/internal/bundler/bundler.go:1538 +0xcff

goroutine 740 [chan receive]:
main.(*serviceType).sendRequest(0xc000116330, {0x7034a0, 0xc001de0e70})
	github.com/evanw/esbuild/cmd/esbuild/service.go:192 +0x12b
main.(*serviceType).convertPlugins.func2.4({{0xc00182fb80, 0x91}, {0x782eef, 0x4}, {0x0, 0x0}, {0x0, 0x0}, 0x0})
	github.com/evanw/esbuild/cmd/esbuild/service.go:1084 +0x833
github.com/evanw/esbuild/pkg/api.(*pluginImpl).onLoad.func1({{0x0, 0x0}, {{0xc00182fb80, 0x91}, {0x782eef, 0x4}, {0x0, 
0x0}, {{0x0, 0x0}}, ...}})
	github.com/evanw/esbuild/pkg/api/api_impl.go:1996 +0x190
github.com/evanw/esbuild/internal/bundler.runOnLoadPlugins({0xc000494240?, 0x2a682b?, 0xc00001e120?}, {0x870da0?, 
0xc000390080}, 0xc0004941e0, {0xc000280070, 0xc00044c138, 0xc00044c150, 0xc000390020, ...}, ...)
	github.com/evanw/esbuild/internal/bundler/bundler.go:1125 +0xcb5
github.com/evanw/esbuild/internal/bundler.parseFile({{0x870da0, 0xc000390080}, {0xc000280070, 0xc00044c138, 
0xc00044c150, 0xc000390020, 0x6, 0xc00048c2a0}, 0xc0000dd688, 0xc0004941e0, ...})
	github.com/evanw/esbuild/internal/bundler/bundler.go:163 +0x287
created by github.com/evanw/esbuild/internal/bundler.(*scanner).maybeParseFile in goroutine 37
	github.com/evanw/esbuild/internal/bundler/bundler.go:1538 +0xcff

goroutine 741 [chan receive]:
main.(*serviceType).sendRequest(0xc000116330, {0x7034a0, 0xc001de0ed0})
	github.com/evanw/esbuild/cmd/esbuild/service.go:192 +0x12b
main.(*serviceType).convertPlugins.func2.4({{0xc0004dac60, 0x8f}, {0x782eef, 0x4}, {0x0, 0x0}, {0x0, 0x0}, 0x0})
	github.com/evanw/esbuild/cmd/esbuild/service.go:1084 +0x833
github.com/evanw/esbuild/pkg/api.(*pluginImpl).onLoad.func1({{0x0, 0x0}, {{0xc0004dac60, 0x8f}, {0x782eef, 0x4}, {0x0, 
0x0}, {{0x0, 0x0}}, ...}})
	github.com/evanw/esbuild/pkg/api/api_impl.go:1996 +0x190
github.com/evanw/esbuild/internal/bundler.runOnLoadPlugins({0xc000494240?, 0x2a682b?, 0xc00001e120?}, {0x870da0?, 
0xc000390080}, 0xc0004941e0, {0xc000280070, 0xc00044c138, 0xc00044c150, 0xc000390020, ...}, ...)
	github.com/evanw/esbuild/internal/bundler/bundler.go:1125 +0xcb5
github.com/evanw/esbuild/internal/bundler.parseFile({{0x870da0, 0xc000390080}, {0xc000280070, 0xc00044c138, 
0xc00044c150, 0xc000390020, 0x6, 0xc00048c2a0}, 0xc0000dd688, 0xc0004941e0, ...})
	github.com/evanw/esbuild/internal/bundler/bundler.go:163 +0x287
created by github.com/evanw/esbuild/internal/bundler.(*scanner).maybeParseFile in goroutine 37
	github.com/evanw/esbuild/internal/bundler/bundler.go:1538 +0xcff

goroutine 742 [chan receive]:
main.(*serviceType).sendRequest(0xc000116330, {0x7034a0, 0xc001de0f30})
	github.com/evanw/esbuild/cmd/esbuild/service.go:192 +0x12b
main.(*serviceType).convertPlugins.func2.4({{0xc0001ea0a0, 0x93}, {0x782eef, 0x4}, {0x0, 0x0}, {0x0, 0x0}, 0x0})
	github.com/evanw/esbuild/cmd/esbuild/service.go:1084 +0x833
github.com/evanw/esbuild/pkg/api.(*pluginImpl).onLoad.func1({{0x0, 0x0}, {{0xc0001ea0a0, 0x93}, {0x782eef, 0x4}, {0x0, 
0x0}, {{0x0, 0x0}}, ...}})
	github.com/evanw/esbuild/pkg/api/api_impl.go:1996 +0x190
github.com/evanw/esbuild/internal/bundler.runOnLoadPlugins({0xc000494240?, 0x2a682b?, 0xc00001e120?}, {0x870da0?, 
0xc000390080}, 0xc0004941e0, {0xc000280070, 0xc00044c138, 0xc00044c150, 0xc000390020, ...}, ...)
	github.com/evanw/esbuild/internal/bundler/bundler.go:1125 +0xcb5
github.com/evanw/esbuild/internal/bundler.parseFile({{0x870da0, 0xc000390080}, {0xc000280070, 0xc00044c138, 
0xc00044c150, 0xc000390020, 0x6, 0xc00048c2a0}, 0xc0000dd688, 0xc0004941e0, ...})
	github.com/evanw/esbuild/internal/bundler/bundler.go:163 +0x287
created by github.com/evanw/esbuild/internal/bundler.(*scanner).maybeParseFile in goroutine 37
	github.com/evanw/esbuild/internal/bundler/bundler.go:1538 +0xcff

goroutine 743 [chan receive]:
main.(*serviceType).sendRequest(0xc000116330, {0x7034a0, 0xc001de0f90})
	github.com/evanw/esbuild/cmd/esbuild/service.go:192 +0x12b
main.(*serviceType).convertPlugins.func2.4({{0xc0018f2d80, 0x8d}, {0x782eef, 0x4}, {0x0, 0x0}, {0x0, 0x0}, 0x0})
	github.com/evanw/esbuild/cmd/esbuild/service.go:1084 +0x833
github.com/evanw/esbuild/pkg/api.(*pluginImpl).onLoad.func1({{0x0, 0x0}, {{0xc0018f2d80, 0x8d}, {0x782eef, 0x4}, {0x0, 
0x0}, {{0x0, 0x0}}, ...}})
	github.com/evanw/esbuild/pkg/api/api_impl.go:1996 +0x190
github.com/evanw/esbuild/internal/bundler.runOnLoadPlugins({0xc000494240?, 0x2a682b?, 0xc00001e120?}, {0x870da0?, 
0xc000390080}, 0xc0004941e0, {0xc000280070, 0xc00044c138, 0xc00044c150, 0xc000390020, ...}, ...)
	github.com/evanw/esbuild/internal/bundler/bundler.go:1125 +0xcb5
github.com/evanw/esbuild/internal/bundler.parseFile({{0x870da0, 0xc000390080}, {0xc000280070, 0xc00044c138, 
0xc00044c150, 0xc000390020, 0x6, 0xc00048c2a0}, 0xc0000dd688, 0xc0004941e0, ...})
	github.com/evanw/esbuild/internal/bundler/bundler.go:163 +0x287
created by github.com/evanw/esbuild/internal/bundler.(*scanner).maybeParseFile in goroutine 37
	github.com/evanw/esbuild/internal/bundler/bundler.go:1538 +0xcff

goroutine 744 [chan receive]:
main.(*serviceType).sendRequest(0xc000116330, {0x7034a0, 0xc001de0ff0})
	github.com/evanw/esbuild/cmd/esbuild/service.go:192 +0x12b
main.(*serviceType).convertPlugins.func2.4({{0xc0008efcc0, 0x96}, {0x782eef, 0x4}, {0x0, 0x0}, {0x0, 0x0}, 0x0})
	github.com/evanw/esbuild/cmd/esbuild/service.go:1084 +0x833
github.com/evanw/esbuild/pkg/api.(*pluginImpl).onLoad.func1({{0x0, 0x0}, {{0xc0008efcc0, 0x96}, {0x782eef, 0x4}, {0x0, 
0x0}, {{0x0, 0x0}}, ...}})
	github.com/evanw/esbuild/pkg/api/api_impl.go:1996 +0x190
github.com/evanw/esbuild/internal/bundler.runOnLoadPlugins({0xc000494240?, 0x2a682b?, 0xc00001e120?}, {0x870da0?, 
0xc000390080}, 0xc0004941e0, {0xc000280070, 0xc00044c138, 0xc00044c150, 0xc000390020, ...}, ...)
	github.com/evanw/esbuild/internal/bundler/bundler.go:1125 +0xcb5
github.com/evanw/esbuild/internal/bundler.parseFile({{0x870da0, 0xc000390080}, {0xc000280070, 0xc00044c138, 
0xc00044c150, 0xc000390020, 0x6, 0xc00048c2a0}, 0xc0000dd688, 0xc0004941e0, ...})
	github.com/evanw/esbuild/internal/bundler/bundler.go:163 +0x287
created by github.com/evanw/esbuild/internal/bundler.(*scanner).maybeParseFile in goroutine 37
	github.com/evanw/esbuild/internal/bundler/bundler.go:1538 +0xcff

goroutine 745 [chan receive]:
main.(*serviceType).sendRequest(0xc000116330, {0x7034a0, 0xc001de1050})
	github.com/evanw/esbuild/cmd/esbuild/service.go:192 +0x12b
main.(*serviceType).convertPlugins.func2.4({{0xc002682090, 0x8e}, {0x782eef, 0x4}, {0x0, 0x0}, {0x0, 0x0}, 0x0})
	github.com/evanw/esbuild/cmd/esbuild/service.go:1084 +0x833
github.com/evanw/esbuild/pkg/api.(*pluginImpl).onLoad.func1({{0x0, 0x0}, {{0xc002682090, 0x8e}, {0x782eef, 0x4}, {0x0, 
0x0}, {{0x0, 0x0}}, ...}})
	github.com/evanw/esbuild/pkg/api/api_impl.go:1996 +0x190
github.com/evanw/esbuild/internal/bundler.runOnLoadPlugins({0xc000494240?, 0x2a682b?, 0xc00001e120?}, {0x870da0?, 
0xc000390080}, 0xc0004941e0, {0xc000280070, 0xc00044c138, 0xc00044c150, 0xc000390020, ...}, ...)
	github.com/evanw/esbuild/internal/bundler/bundler.go:1125 +0xcb5
github.com/evanw/esbuild/internal/bundler.parseFile({{0x870da0, 0xc000390080}, {0xc000280070, 0xc00044c138, 
0xc00044c150, 0xc000390020, 0x6, 0xc00048c2a0}, 0xc0000dd688, 0xc0004941e0, ...})
	github.com/evanw/esbuild/internal/bundler/bundler.go:163 +0x287
created by github.com/evanw/esbuild/internal/bundler.(*scanner).maybeParseFile in goroutine 37
	github.com/evanw/esbuild/internal/bundler/bundler.go:1538 +0xcff

goroutine 746 [chan receive]:
main.(*serviceType).sendRequest(0xc000116330, {0x7034a0, 0xc001de0cf0})
	github.com/evanw/esbuild/cmd/esbuild/service.go:192 +0x12b
main.(*serviceType).convertPlugins.func2.4({{0xc001fd4640, 0x94}, {0x782eef, 0x4}, {0x0, 0x0}, {0x0, 0x0}, 0x0})
	github.com/evanw/esbuild/cmd/esbuild/service.go:1084 +0x833
github.com/evanw/esbuild/pkg/api.(*pluginImpl).onLoad.func1({{0x0, 0x0}, {{0xc001fd4640, 0x94}, {0x782eef, 0x4}, {0x0, 
0x0}, {{0x0, 0x0}}, ...}})
	github.com/evanw/esbuild/pkg/api/api_impl.go:1996 +0x190
github.com/evanw/esbuild/internal/bundler.runOnLoadPlugins({0xc000494240?, 0x2a682b?, 0xc00001e120?}, {0x870da0?, 
0xc000390080}, 0xc0004941e0, {0xc000280070, 0xc00044c138, 0xc00044c150, 0xc000390020, ...}, ...)
	github.com/evanw/esbuild/internal/bundler/bundler.go:1125 +0xcb5
github.com/evanw/esbuild/internal/bundler.parseFile({{0x870da0, 0xc000390080}, {0xc000280070, 0xc00044c138, 
0xc00044c150, 0xc000390020, 0x6, 0xc00048c2a0}, 0xc0000dd688, 0xc0004941e0, ...})
	github.com/evanw/esbuild/internal/bundler/bundler.go:163 +0x287
created by github.com/evanw/esbuild/internal/bundler.(*scanner).maybeParseFile in goroutine 37
	github.com/evanw/esbuild/internal/bundler/bundler.go:1538 +0xcff

goroutine 747 [chan receive]:
main.(*serviceType).sendRequest(0xc000116330, {0x7034a0, 0xc002ca6240})
	github.com/evanw/esbuild/cmd/esbuild/service.go:192 +0x12b
main.(*serviceType).convertPlugins.func2.4({{0xc002682990, 0x8f}, {0x782eef, 0x4}, {0x0, 0x0}, {0x0, 0x0}, 0x0})
	github.com/evanw/esbuild/cmd/esbuild/service.go:1084 +0x833
github.com/evanw/esbuild/pkg/api.(*pluginImpl).onLoad.func1({{0x0, 0x0}, {{0xc002682990, 0x8f}, {0x782eef, 0x4}, {0x0, 
0x0}, {{0x0, 0x0}}, ...}})
	github.com/evanw/esbuild/pkg/api/api_impl.go:1996 +0x190
github.com/evanw/esbuild/internal/bundler.runOnLoadPlugins({0xc000494240?, 0x2a682b?, 0xc00001e120?}, {0x870da0?, 
0xc000390080}, 0xc0004941e0, {0xc000280070, 0xc00044c138, 0xc00044c150, 0xc000390020, ...}, ...)
	github.com/evanw/esbuild/internal/bundler/bundler.go:1125 +0xcb5
github.com/evanw/esbuild/internal/bundler.parseFile({{0x870da0, 0xc000390080}, {0xc000280070, 0xc00044c138, 
0xc00044c150, 0xc000390020, 0x6, 0xc00048c2a0}, 0xc0000dd688, 0xc0004941e0, ...})
	github.com/evanw/esbuild/internal/bundler/bundler.go:163 +0x287
created by github.com/evanw/esbuild/internal/bundler.(*scanner).maybeParseFile in goroutine 37
	github.com/evanw/esbuild/internal/bundler/bundler.go:1538 +0xcff

goroutine 748 [chan receive]:
main.(*serviceType).sendRequest(0xc000116330, {0x7034a0, 0xc002ca62a0})
	github.com/evanw/esbuild/cmd/esbuild/service.go:192 +0x12b
main.(*serviceType).convertPlugins.func2.4({{0xc0022bb0e0, 0x8d}, {0x782eef, 0x4}, {0x0, 0x0}, {0x0, 0x0}, 0x0})
	github.com/evanw/esbuild/cmd/esbuild/service.go:1084 +0x833
github.com/evanw/esbuild/pkg/api.(*pluginImpl).onLoad.func1({{0x0, 0x0}, {{0xc0022bb0e0, 0x8d}, {0x782eef, 0x4}, {0x0, 
0x0}, {{0x0, 0x0}}, ...}})
	github.com/evanw/esbuild/pkg/api/api_impl.go:1996 +0x190
github.com/evanw/esbuild/internal/bundler.runOnLoadPlugins({0xc000494240?, 0x2a682b?, 0xc00001e120?}, {0x870da0?, 
0xc000390080}, 0xc0004941e0, {0xc000280070, 0xc00044c138, 0xc00044c150, 0xc000390020, ...}, ...)
	github.com/evanw/esbuild/internal/bundler/bundler.go:1125 +0xcb5
github.com/evanw/esbuild/internal/bundler.parseFile({{0x870da0, 0xc000390080}, {0xc000280070, 0xc00044c138, 
0xc00044c150, 0xc000390020, 0x6, 0xc00048c2a0}, 0xc0000dd688, 0xc0004941e0, ...})
	github.com/evanw/esbuild/internal/bundler/bundler.go:163 +0x287
created by github.com/evanw/esbuild/internal/bundler.(*scanner).maybeParseFile in goroutine 37
	github.com/evanw/esbuild/internal/bundler/bundler.go:1538 +0xcff

goroutine 749 [chan receive]:
main.(*serviceType).sendRequest(0xc000116330, {0x7034a0, 0xc002ca6300})
	github.com/evanw/esbuild/cmd/esbuild/service.go:192 +0x12b
main.(*serviceType).convertPlugins.func2.4({{0xc0001ea8c0, 0x91}, {0x782eef, 0x4}, {0x0, 0x0}, {0x0, 0x0}, 0x0})
	github.com/evanw/esbuild/cmd/esbuild/service.go:1084 +0x833
github.com/evanw/esbuild/pkg/api.(*pluginImpl).onLoad.func1({{0x0, 0x0}, {{0xc0001ea8c0, 0x91}, {0x782eef, 0x4}, {0x0, 
0x0}, {{0x0, 0x0}}, ...}})
	github.com/evanw/esbuild/pkg/api/api_impl.go:1996 +0x190
github.com/evanw/esbuild/internal/bundler.runOnLoadPlugins({0xc000494240?, 0x2a682b?, 0xc00001e120?}, {0x870da0?, 
0xc000390080}, 0xc0004941e0, {0xc000280070, 0xc00044c138, 0xc00044c150, 0xc000390020, ...}, ...)
	github.com/evanw/esbuild/internal/bundler/bundler.go:1125 +0xcb5
github.com/evanw/esbuild/internal/bundler.parseFile({{0x870da0, 0xc000390080}, {0xc000280070, 0xc00044c138, 
0xc00044c150, 0xc000390020, 0x6, 0xc00048c2a0}, 0xc0000dd688, 0xc0004941e0, ...})
	github.com/evanw/esbuild/internal/bundler/bundler.go:163 +0x287
created by github.com/evanw/esbuild/internal/bundler.(*scanner).maybeParseFile in goroutine 37
	github.com/evanw/esbuild/internal/bundler/bundler.go:1538 +0xcff

goroutine 750 [chan receive]:
main.(*serviceType).sendRequest(0xc000116330, {0x7034a0, 0xc002ca6360})
	github.com/evanw/esbuild/cmd/esbuild/service.go:192 +0x12b
main.(*serviceType).convertPlugins.func2.4({{0xc0001eabe0, 0x92}, {0x782eef, 0x4}, {0x0, 0x0}, {0x0, 0x0}, 0x0})
	github.com/evanw/esbuild/cmd/esbuild/service.go:1084 +0x833
github.com/evanw/esbuild/pkg/api.(*pluginImpl).onLoad.func1({{0x0, 0x0}, {{0xc0001eabe0, 0x92}, {0x782eef, 0x4}, {0x0, 
0x0}, {{0x0, 0x0}}, ...}})
	github.com/evanw/esbuild/pkg/api/api_impl.go:1996 +0x190
github.com/evanw/esbuild/internal/bundler.runOnLoadPlugins({0xc000494240?, 0x2a682b?, 0xc00001e120?}, {0x870da0?, 
0xc000390080}, 0xc0004941e0, {0xc000280070, 0xc00044c138, 0xc00044c150, 0xc000390020, ...}, ...)
	github.com/evanw/esbuild/internal/bundler/bundler.go:1125 +0xcb5
github.com/evanw/esbuild/internal/bundler.parseFile({{0x870da0, 0xc000390080}, {0xc000280070, 0xc00044c138, 
0xc00044c150, 0xc000390020, 0x6, 0xc00048c2a0}, 0xc0000dd688, 0xc0004941e0, ...})
	github.com/evanw/esbuild/internal/bundler/bundler.go:163 +0x287
created by github.com/evanw/esbuild/internal/bundler.(*scanner).maybeParseFile in goroutine 37
	github.com/evanw/esbuild/internal/bundler/bundler.go:1538 +0xcff

goroutine 751 [chan receive]:
main.(*serviceType).sendRequest(0xc000116330, {0x7034a0, 0xc002ca63c0})
	github.com/evanw/esbuild/cmd/esbuild/service.go:192 +0x12b
main.(*serviceType).convertPlugins.func2.4({{0xc001fd52c0, 0x92}, {0x782eef, 0x4}, {0x0, 0x0}, {0x0, 0x0}, 0x0})
	github.com/evanw/esbuild/cmd/esbuild/service.go:1084 +0x833
github.com/evanw/esbuild/pkg/api.(*pluginImpl).onLoad.func1({{0x0, 0x0}, {{0xc001fd52c0, 0x92}, {0x782eef, 0x4}, {0x0, 
0x0}, {{0x0, 0x0}}, ...}})
	github.com/evanw/esbuild/pkg/api/api_impl.go:1996 +0x190
github.com/evanw/esbuild/internal/bundler.runOnLoadPlugins({0xc000494240?, 0x2a682b?, 0xc00001e120?}, {0x870da0?, 
0xc000390080}, 0xc0004941e0, {0xc000280070, 0xc00044c138, 0xc00044c150, 0xc000390020, ...}, ...)
	github.com/evanw/esbuild/internal/bundler/bundler.go:1125 +0xcb5
github.com/evanw/esbuild/internal/bundler.parseFile({{0x870da0, 0xc000390080}, {0xc000280070, 0xc00044c138, 
0xc00044c150, 0xc000390020, 0x6, 0xc00048c2a0}, 0xc0000dd688, 0xc0004941e0, ...})
	github.com/evanw/esbuild/internal/bundler/bundler.go:163 +0x287
created by github.com/evanw/esbuild/internal/bundler.(*scanner).maybeParseFile in goroutine 37
	github.com/evanw/esbuild/internal/bundler/bundler.go:1538 +0xcff

goroutine 752 [chan receive]:
main.(*serviceType).sendRequest(0xc000116330, {0x7034a0, 0xc002ca6420})
	github.com/evanw/esbuild/cmd/esbuild/service.go:192 +0x12b
main.(*serviceType).convertPlugins.func2.4({{0xc001fd55e0, 0x92}, {0x782eef, 0x4}, {0x0, 0x0}, {0x0, 0x0}, 0x0})
	github.com/evanw/esbuild/cmd/esbuild/service.go:1084 +0x833
github.com/evanw/esbuild/pkg/api.(*pluginImpl).onLoad.func1({{0x0, 0x0}, {{0xc001fd55e0, 0x92}, {0x782eef, 0x4}, {0x0, 
0x0}, {{0x0, 0x0}}, ...}})
	github.com/evanw/esbuild/pkg/api/api_impl.go:1996 +0x190
github.com/evanw/esbuild/internal/bundler.runOnLoadPlugins({0xc000494240?, 0x2a682b?, 0xc00001e120?}, {0x870da0?, 
0xc000390080}, 0xc0004941e0, {0xc000280070, 0xc00044c138, 0xc00044c150, 0xc000390020, ...}, ...)
	github.com/evanw/esbuild/internal/bundler/bundler.go:1125 +0xcb5
github.com/evanw/esbuild/internal/bundler.parseFile({{0x870da0, 0xc000390080}, {0xc000280070, 0xc00044c138, 
0xc00044c150, 0xc000390020, 0x6, 0xc00048c2a0}, 0xc0000dd688, 0xc0004941e0, ...})
	github.com/evanw/esbuild/internal/bundler/bundler.go:163 +0x287
created by github.com/evanw/esbuild/internal/bundler.(*scanner).maybeParseFile in goroutine 37
	github.com/evanw/esbuild/internal/bundler/bundler.go:1538 +0xcff

goroutine 753 [chan receive]:
main.(*serviceType).sendRequest(0xc000116330, {0x7034a0, 0xc002ca6480})
	github.com/evanw/esbuild/cmd/esbuild/service.go:192 +0x12b
main.(*serviceType).convertPlugins.func2.4({{0xc001fd59a0, 0x94}, {0x782eef, 0x4}, {0x0, 0x0}, {0x0, 0x0}, 0x0})
	github.com/evanw/esbuild/cmd/esbuild/service.go:1084 +0x833
github.com/evanw/esbuild/pkg/api.(*pluginImpl).onLoad.func1({{0x0, 0x0}, {{0xc001fd59a0, 0x94}, {0x782eef, 0x4}, {0x0, 
0x0}, {{0x0, 0x0}}, ...}})
	github.com/evanw/esbuild/pkg/api/api_impl.go:1996 +0x190
github.com/evanw/esbuild/internal/bundler.runOnLoadPlugins({0xc000494240?, 0x2a682b?, 0xc00001e120?}, {0x870da0?, 
0xc000390080}, 0xc0004941e0, {0xc000280070, 0xc00044c138, 0xc00044c150, 0xc000390020, ...}, ...)
	github.com/evanw/esbuild/internal/bundler/bundler.go:1125 +0xcb5
github.com/evanw/esbuild/internal/bundler.parseFile({{0x870da0, 0xc000390080}, {0xc000280070, 0xc00044c138, 
0xc00044c150, 0xc000390020, 0x6, 0xc00048c2a0}, 0xc0000dd688, 0xc0004941e0, ...})
	github.com/evanw/esbuild/internal/bundler/bundler.go:163 +0x287
created by github.com/evanw/esbuild/internal/bundler.(*scanner).maybeParseFile in goroutine 37
	github.com/evanw/esbuild/internal/bundler/bundler.go:1538 +0xcff

goroutine 754 [chan receive]:
main.(*serviceType).sendRequest(0xc000116330, {0x7034a0, 0xc002ca64e0})
	github.com/evanw/esbuild/cmd/esbuild/service.go:192 +0x12b
main.(*serviceType).convertPlugins.func2.4({{0xc002b5c320, 0x92}, {0x782eef, 0x4}, {0x0, 0x0}, {0x0, 0x0}, 0x0})
	github.com/evanw/esbuild/cmd/esbuild/service.go:1084 +0x833
github.com/evanw/esbuild/pkg/api.(*pluginImpl).onLoad.func1({{0x0, 0x0}, {{0xc002b5c320, 0x92}, {0x782eef, 0x4}, {0x0, 
0x0}, {{0x0, 0x0}}, ...}})
	github.com/evanw/esbuild/pkg/api/api_impl.go:1996 +0x190
github.com/evanw/esbuild/internal/bundler.runOnLoadPlugins({0xc000494240?, 0x2a682b?, 0xc00001e120?}, {0x870da0?, 
0xc000390080}, 0xc0004941e0, {0xc000280070, 0xc00044c138, 0xc00044c150, 0xc000390020, ...}, ...)
	github.com/evanw/esbuild/internal/bundler/bundler.go:1125 +0xcb5
github.com/evanw/esbuild/internal/bundler.parseFile({{0x870da0, 0xc000390080}, {0xc000280070, 0xc00044c138, 
0xc00044c150, 0xc000390020, 0x6, 0xc00048c2a0}, 0xc0000dd688, 0xc0004941e0, ...})
	github.com/evanw/esbuild/internal/bundler/bundler.go:163 +0x287
created by github.com/evanw/esbuild/internal/bundler.(*scanner).maybeParseFile in goroutine 37
	github.com/evanw/esbuild/internal/bundler/bundler.go:1538 +0xcff

goroutine 755 [chan receive]:
main.(*serviceType).sendRequest(0xc000116330, {0x7034a0, 0xc002ca60f0})
	github.com/evanw/esbuild/cmd/esbuild/service.go:192 +0x12b
main.(*serviceType).convertPlugins.func2.4({{0xc002b5c640, 0x92}, {0x782eef, 0x4}, {0x0, 0x0}, {0x0, 0x0}, 0x0})
	github.com/evanw/esbuild/cmd/esbuild/service.go:1084 +0x833
github.com/evanw/esbuild/pkg/api.(*pluginImpl).onLoad.func1({{0x0, 0x0}, {{0xc002b5c640, 0x92}, {0x782eef, 0x4}, {0x0, 
0x0}, {{0x0, 0x0}}, ...}})
	github.com/evanw/esbuild/pkg/api/api_impl.go:1996 +0x190
github.com/evanw/esbuild/internal/bundler.runOnLoadPlugins({0xc000494240?, 0x2a682b?, 0xc00001e120?}, {0x870da0?, 
0xc000390080}, 0xc0004941e0, {0xc000280070, 0xc00044c138, 0xc00044c150, 0xc000390020, ...}, ...)
	github.com/evanw/esbuild/internal/bundler/bundler.go:1125 +0xcb5
github.com/evanw/esbuild/internal/bundler.parseFile({{0x870da0, 0xc000390080}, {0xc000280070, 0xc00044c138, 
0xc00044c150, 0xc000390020, 0x6, 0xc00048c2a0}, 0xc0000dd688, 0xc0004941e0, ...})
	github.com/evanw/esbuild/internal/bundler/bundler.go:163 +0x287
created by github.com/evanw/esbuild/internal/bundler.(*scanner).maybeParseFile in goroutine 37
	github.com/evanw/esbuild/internal/bundler/bundler.go:1538 +0xcff

goroutine 756 [chan receive]:
main.(*serviceType).sendRequest(0xc000116330, {0x7034a0, 0xc000cee930})
	github.com/evanw/esbuild/cmd/esbuild/service.go:192 +0x12b
main.(*serviceType).convertPlugins.func2.4({{0xc002b5ca00, 0x94}, {0x782eef, 0x4}, {0x0, 0x0}, {0x0, 0x0}, 0x0})
	github.com/evanw/esbuild/cmd/esbuild/service.go:1084 +0x833
github.com/evanw/esbuild/pkg/api.(*pluginImpl).onLoad.func1({{0x0, 0x0}, {{0xc002b5ca00, 0x94}, {0x782eef, 0x4}, {0x0, 
0x0}, {{0x0, 0x0}}, ...}})
	github.com/evanw/esbuild/pkg/api/api_impl.go:1996 +0x190
github.com/evanw/esbuild/internal/bundler.runOnLoadPlugins({0xc000494240?, 0x0?, 0x0?}, {0x870da0?, 0xc000390080}, 
0xc0004941e0, {0xc000280070, 0xc00044c138, 0xc00044c150, 0xc000390020, ...}, ...)
	github.com/evanw/esbuild/internal/bundler/bundler.go:1125 +0xcb5
github.com/evanw/esbuild/internal/bundler.parseFile({{0x870da0, 0xc000390080}, {0xc000280070, 0xc00044c138, 
0xc00044c150, 0xc000390020, 0x6, 0xc00048c2a0}, 0xc0000dd688, 0xc0004941e0, ...})
	github.com/evanw/esbuild/internal/bundler/bundler.go:163 +0x287
created by github.com/evanw/esbuild/internal/bundler.(*scanner).maybeParseFile in goroutine 37
	github.com/evanw/esbuild/internal/bundler/bundler.go:1538 +0xcff

goroutine 757 [chan receive]:
main.(*serviceType).sendRequest(0xc000116330, {0x7034a0, 0xc000cee990})
	github.com/evanw/esbuild/cmd/esbuild/service.go:192 +0x12b
main.(*serviceType).convertPlugins.func2.4({{0xc0001eb0e0, 0x93}, {0x782eef, 0x4}, {0x0, 0x0}, {0x0, 0x0}, 0x0})
	github.com/evanw/esbuild/cmd/esbuild/service.go:1084 +0x833
github.com/evanw/esbuild/pkg/api.(*pluginImpl).onLoad.func1({{0x0, 0x0}, {{0xc0001eb0e0, 0x93}, {0x782eef, 0x4}, {0x0, 
0x0}, {{0x0, 0x0}}, ...}})
	github.com/evanw/esbuild/pkg/api/api_impl.go:1996 +0x190
github.com/evanw/esbuild/internal/bundler.runOnLoadPlugins({0xc000494240?, 0x0?, 0x0?}, {0x870da0?, 0xc000390080}, 
0xc0004941e0, {0xc000280070, 0xc00044c138, 0xc00044c150, 0xc000390020, ...}, ...)
	github.com/evanw/esbuild/internal/bundler/bundler.go:1125 +0xcb5
github.com/evanw/esbuild/internal/bundler.parseFile({{0x870da0, 0xc000390080}, {0xc000280070, 0xc00044c138, 
0xc00044c150, 0xc000390020, 0x6, 0xc00048c2a0}, 0xc0000dd688, 0xc0004941e0, ...})
	github.com/evanw/esbuild/internal/bundler/bundler.go:163 +0x287
created by github.com/evanw/esbuild/internal/bundler.(*scanner).maybeParseFile in goroutine 37
	github.com/evanw/esbuild/internal/bundler/bundler.go:1538 +0xcff

goroutine 758 [chan receive]:
main.(*serviceType).sendRequest(0xc000116330, {0x7034a0, 0xc000cee9f0})
	github.com/evanw/esbuild/cmd/esbuild/service.go:192 +0x12b
main.(*serviceType).convertPlugins.func2.4({{0xc00268aa20, 0x8d}, {0x782eef, 0x4}, {0x0, 0x0}, {0x0, 0x0}, 0x0})
	github.com/evanw/esbuild/cmd/esbuild/service.go:1084 +0x833
github.com/evanw/esbuild/pkg/api.(*pluginImpl).onLoad.func1({{0x0, 0x0}, {{0xc00268aa20, 0x8d}, {0x782eef, 0x4}, {0x0, 
0x0}, {{0x0, 0x0}}, ...}})
	github.com/evanw/esbuild/pkg/api/api_impl.go:1996 +0x190
github.com/evanw/esbuild/internal/bundler.runOnLoadPlugins({0xc000494240?, 0x0?, 0x0?}, {0x870da0?, 0xc000390080}, 
0xc0004941e0, {0xc000280070, 0xc00044c138, 0xc00044c150, 0xc000390020, ...}, ...)
	github.com/evanw/esbuild/internal/bundler/bundler.go:1125 +0xcb5
github.com/evanw/esbuild/internal/bundler.parseFile({{0x870da0, 0xc000390080}, {0xc000280070, 0xc00044c138, 
0xc00044c150, 0xc000390020, 0x6, 0xc00048c2a0}, 0xc0000dd688, 0xc0004941e0, ...})
	github.com/evanw/esbuild/internal/bundler/bundler.go:163 +0x287
created by github.com/evanw/esbuild/internal/bundler.(*scanner).maybeParseFile in goroutine 37
	github.com/evanw/esbuild/internal/bundler/bundler.go:1538 +0xcff

goroutine 759 [chan receive]:
main.(*serviceType).sendRequest(0xc000116330, {0x7034a0, 0xc000ceea50})
	github.com/evanw/esbuild/cmd/esbuild/service.go:192 +0x12b
main.(*serviceType).convertPlugins.func2.4({{0xc0001eb540, 0x91}, {0x782eef, 0x4}, {0x0, 0x0}, {0x0, 0x0}, 0x0})
	github.com/evanw/esbuild/cmd/esbuild/service.go:1084 +0x833
github.com/evanw/esbuild/pkg/api.(*pluginImpl).onLoad.func1({{0x0, 0x0}, {{0xc0001eb540, 0x91}, {0x782eef, 0x4}, {0x0, 
0x0}, {{0x0, 0x0}}, ...}})
	github.com/evanw/esbuild/pkg/api/api_impl.go:1996 +0x190
github.com/evanw/esbuild/internal/bundler.runOnLoadPlugins({0xc000494240?, 0x0?, 0x0?}, {0x870da0?, 0xc000390080}, 
0xc0004941e0, {0xc000280070, 0xc00044c138, 0xc00044c150, 0xc000390020, ...}, ...)
	github.com/evanw/esbuild/internal/bundler/bundler.go:1125 +0xcb5
github.com/evanw/esbuild/internal/bundler.parseFile({{0x870da0, 0xc000390080}, {0xc000280070, 0xc00044c138, 
0xc00044c150, 0xc000390020, 0x6, 0xc00048c2a0}, 0xc0000dd688, 0xc0004941e0, ...})
	github.com/evanw/esbuild/internal/bundler/bundler.go:163 +0x287
created by github.com/evanw/esbuild/internal/bundler.(*scanner).maybeParseFile in goroutine 37
	github.com/evanw/esbuild/internal/bundler/bundler.go:1538 +0xcff

goroutine 760 [chan receive]:
main.(*serviceType).sendRequest(0xc000116330, {0x7034a0, 0xc000cee600})
	github.com/evanw/esbuild/cmd/esbuild/service.go:192 +0x12b
main.(*serviceType).convertPlugins.func2.4({{0xc0001eb860, 0x92}, {0x782eef, 0x4}, {0x0, 0x0}, {0x0, 0x0}, 0x0})
	github.com/evanw/esbuild/cmd/esbuild/service.go:1084 +0x833
github.com/evanw/esbuild/pkg/api.(*pluginImpl).onLoad.func1({{0x0, 0x0}, {{0xc0001eb860, 0x92}, {0x782eef, 0x4}, {0x0, 
0x0}, {{0x0, 0x0}}, ...}})
	github.com/evanw/esbuild/pkg/api/api_impl.go:1996 +0x190
github.com/evanw/esbuild/internal/bundler.runOnLoadPlugins({0xc000494240?, 0x0?, 0x0?}, {0x870da0?, 0xc000390080}, 
0xc0004941e0, {0xc000280070, 0xc00044c138, 0xc00044c150, 0xc000390020, ...}, ...)
	github.com/evanw/esbuild/internal/bundler/bundler.go:1125 +0xcb5
github.com/evanw/esbuild/internal/bundler.parseFile({{0x870da0, 0xc000390080}, {0xc000280070, 0xc00044c138, 
0xc00044c150, 0xc000390020, 0x6, 0xc00048c2a0}, 0xc0000dd688, 0xc0004941e0, ...})
	github.com/evanw/esbuild/internal/bundler/bundler.go:163 +0x287
created by github.com/evanw/esbuild/internal/bundler.(*scanner).maybeParseFile in goroutine 37
	github.com/evanw/esbuild/internal/bundler/bundler.go:1538 +0xcff

goroutine 761 [chan receive]:
main.(*serviceType).sendRequest(0xc000116330, {0x7034a0, 0xc0020cf4a0})
	github.com/evanw/esbuild/cmd/esbuild/service.go:192 +0x12b
main.(*serviceType).convertPlugins.func2.4({{0xc0001ebb80, 0x92}, {0x782eef, 0x4}, {0x0, 0x0}, {0x0, 0x0}, 0x0})
	github.com/evanw/esbuild/cmd/esbuild/service.go:1084 +0x833
github.com/evanw/esbuild/pkg/api.(*pluginImpl).onLoad.func1({{0x0, 0x0}, {{0xc0001ebb80, 0x92}, {0x782eef, 0x4}, {0x0, 
0x0}, {{0x0, 0x0}}, ...}})
	github.com/evanw/esbuild/pkg/api/api_impl.go:1996 +0x190
github.com/evanw/esbuild/internal/bundler.runOnLoadPlugins({0xc000494240?, 0x2a682b?, 0xc00001e120?}, {0x870da0?, 
0xc000390080}, 0xc0004941e0, {0xc000280070, 0xc00044c138, 0xc00044c150, 0xc000390020, ...}, ...)
	github.com/evanw/esbuild/internal/bundler/bundler.go:1125 +0xcb5
github.com/evanw/esbuild/internal/bundler.parseFile({{0x870da0, 0xc000390080}, {0xc000280070, 0xc00044c138, 
0xc00044c150, 0xc000390020, 0x6, 0xc00048c2a0}, 0xc0000dd688, 0xc0004941e0, ...})
	github.com/evanw/esbuild/internal/bundler/bundler.go:163 +0x287
created by github.com/evanw/esbuild/internal/bundler.(*scanner).maybeParseFile in goroutine 37
	github.com/evanw/esbuild/internal/bundler/bundler.go:1538 +0xcff

goroutine 762 [chan receive]:
main.(*serviceType).sendRequest(0xc000116330, {0x7034a0, 0xc0020cf500})
	github.com/evanw/esbuild/cmd/esbuild/service.go:192 +0x12b
main.(*serviceType).convertPlugins.func2.4({{0xc002687680, 0x8c}, {0x782eef, 0x4}, {0x0, 0x0}, {0x0, 0x0}, 0x0})
	github.com/evanw/esbuild/cmd/esbuild/service.go:1084 +0x833
github.com/evanw/esbuild/pkg/api.(*pluginImpl).onLoad.func1({{0x0, 0x0}, {{0xc002687680, 0x8c}, {0x782eef, 0x4}, {0x0, 
0x0}, {{0x0, 0x0}}, ...}})
	github.com/evanw/esbuild/pkg/api/api_impl.go:1996 +0x190
github.com/evanw/esbuild/internal/bundler.runOnLoadPlugins({0xc000494240?, 0x2a682b?, 0xc00001e120?}, {0x870da0?, 
0xc000390080}, 0xc0004941e0, {0xc000280070, 0xc00044c138, 0xc00044c150, 0xc000390020, ...}, ...)
	github.com/evanw/esbuild/internal/bundler/bundler.go:1125 +0xcb5
github.com/evanw/esbuild/internal/bundler.parseFile({{0x870da0, 0xc000390080}, {0xc000280070, 0xc00044c138, 
0xc00044c150, 0xc000390020, 0x6, 0xc00048c2a0}, 0xc0000dd688, 0xc0004941e0, ...})
	github.com/evanw/esbuild/internal/bundler/bundler.go:163 +0x287
created by github.com/evanw/esbuild/internal/bundler.(*scanner).maybeParseFile in goroutine 37
	github.com/evanw/esbuild/internal/bundler/bundler.go:1538 +0xcff

goroutine 763 [chan receive]:
main.(*serviceType).sendRequest(0xc000116330, {0x7034a0, 0xc0020cf560})
	github.com/evanw/esbuild/cmd/esbuild/service.go:192 +0x12b
main.(*serviceType).convertPlugins.func2.4({{0xc001fd6000, 0x91}, {0x782eef, 0x4}, {0x0, 0x0}, {0x0, 0x0}, 0x0})
	github.com/evanw/esbuild/cmd/esbuild/service.go:1084 +0x833
github.com/evanw/esbuild/pkg/api.(*pluginImpl).onLoad.func1({{0x0, 0x0}, {{0xc001fd6000, 0x91}, {0x782eef, 0x4}, {0x0, 
0x0}, {{0x0, 0x0}}, ...}})
	github.com/evanw/esbuild/pkg/api/api_impl.go:1996 +0x190
github.com/evanw/esbuild/internal/bundler.runOnLoadPlugins({0xc000494240?, 0x2a682b?, 0xc00001e120?}, {0x870da0?, 
0xc000390080}, 0xc0004941e0, {0xc000280070, 0xc00044c138, 0xc00044c150, 0xc000390020, ...}, ...)
	github.com/evanw/esbuild/internal/bundler/bundler.go:1125 +0xcb5
github.com/evanw/esbuild/internal/bundler.parseFile({{0x870da0, 0xc000390080}, {0xc000280070, 0xc00044c138, 
0xc00044c150, 0xc000390020, 0x6, 0xc00048c2a0}, 0xc0000dd688, 0xc0004941e0, ...})
	github.com/evanw/esbuild/internal/bundler/bundler.go:163 +0x287
created by github.com/evanw/esbuild/internal/bundler.(*scanner).maybeParseFile in goroutine 37
	github.com/evanw/esbuild/internal/bundler/bundler.go:1538 +0xcff

goroutine 764 [chan receive]:
main.(*serviceType).sendRequest(0xc000116330, {0x7034a0, 0xc0020cf5c0})
	github.com/evanw/esbuild/cmd/esbuild/service.go:192 +0x12b
main.(*serviceType).convertPlugins.func2.4({{0xc001fd63c0, 0x95}, {0x782eef, 0x4}, {0x0, 0x0}, {0x0, 0x0}, 0x0})
	github.com/evanw/esbuild/cmd/esbuild/service.go:1084 +0x833
github.com/evanw/esbuild/pkg/api.(*pluginImpl).onLoad.func1({{0x0, 0x0}, {{0xc001fd63c0, 0x95}, {0x782eef, 0x4}, {0x0, 
0x0}, {{0x0, 0x0}}, ...}})
	github.com/evanw/esbuild/pkg/api/api_impl.go:1996 +0x190
github.com/evanw/esbuild/internal/bundler.runOnLoadPlugins({0xc000494240?, 0x2a682b?, 0xc00001e120?}, {0x870da0?, 
0xc000390080}, 0xc0004941e0, {0xc000280070, 0xc00044c138, 0xc00044c150, 0xc000390020, ...}, ...)
	github.com/evanw/esbuild/internal/bundler/bundler.go:1125 +0xcb5
github.com/evanw/esbuild/internal/bundler.parseFile({{0x870da0, 0xc000390080}, {0xc000280070, 0xc00044c138, 
0xc00044c150, 0xc000390020, 0x6, 0xc00048c2a0}, 0xc0000dd688, 0xc0004941e0, ...})
	github.com/evanw/esbuild/internal/bundler/bundler.go:163 +0x287
created by github.com/evanw/esbuild/internal/bundler.(*scanner).maybeParseFile in goroutine 37
	github.com/evanw/esbuild/internal/bundler/bundler.go:1538 +0xcff

goroutine 765 [chan receive]:
main.(*serviceType).sendRequest(0xc000116330, {0x7034a0, 0xc0020cf440})
	github.com/evanw/esbuild/cmd/esbuild/service.go:192 +0x12b
main.(*serviceType).convertPlugins.func2.4({{0xc001fd6780, 0x95}, {0x782eef, 0x4}, {0x0, 0x0}, {0x0, 0x0}, 0x0})
	github.com/evanw/esbuild/cmd/esbuild/service.go:1084 +0x833
github.com/evanw/esbuild/pkg/api.(*pluginImpl).onLoad.func1({{0x0, 0x0}, {{0xc001fd6780, 0x95}, {0x782eef, 0x4}, {0x0, 
0x0}, {{0x0, 0x0}}, ...}})
	github.com/evanw/esbuild/pkg/api/api_impl.go:1996 +0x190
github.com/evanw/esbuild/internal/bundler.runOnLoadPlugins({0xc000494240?, 0x2a682b?, 0xc00001e120?}, {0x870da0?, 
0xc000390080}, 0xc0004941e0, {0xc000280070, 0xc00044c138, 0xc00044c150, 0xc000390020, ...}, ...)
	github.com/evanw/esbuild/internal/bundler/bundler.go:1125 +0xcb5
github.com/evanw/esbuild/internal/bundler.parseFile({{0x870da0, 0xc000390080}, {0xc000280070, 0xc00044c138, 
0xc00044c150, 0xc000390020, 0x6, 0xc00048c2a0}, 0xc0000dd688, 0xc0004941e0, ...})
	github.com/evanw/esbuild/internal/bundler/bundler.go:163 +0x287
created by github.com/evanw/esbuild/internal/bundler.(*scanner).maybeParseFile in goroutine 37
	github.com/evanw/esbuild/internal/bundler/bundler.go:1538 +0xcff

goroutine 766 [chan receive]:
main.(*serviceType).sendRequest(0xc000116330, {0x7034a0, 0xc002adef30})
	github.com/evanw/esbuild/cmd/esbuild/service.go:192 +0x12b
main.(*serviceType).convertPlugins.func2.4({{0xc001fd6b40, 0x95}, {0x782eef, 0x4}, {0x0, 0x0}, {0x0, 0x0}, 0x0})
	github.com/evanw/esbuild/cmd/esbuild/service.go:1084 +0x833
github.com/evanw/esbuild/pkg/api.(*pluginImpl).onLoad.func1({{0x0, 0x0}, {{0xc001fd6b40, 0x95}, {0x782eef, 0x4}, {0x0, 
0x0}, {{0x0, 0x0}}, ...}})
	github.com/evanw/esbuild/pkg/api/api_impl.go:1996 +0x190
github.com/evanw/esbuild/internal/bundler.runOnLoadPlugins({0xc000494240?, 0x4?, 0xc002b05e30?}, {0x870da0?, 
0xc000390080}, 0xc0004941e0, {0xc000280070, 0xc00044c138, 0xc00044c150, 0xc000390020, ...}, ...)
	github.com/evanw/esbuild/internal/bundler/bundler.go:1125 +0xcb5
github.com/evanw/esbuild/internal/bundler.parseFile({{0x870da0, 0xc000390080}, {0xc000280070, 0xc00044c138, 
0xc00044c150, 0xc000390020, 0x6, 0xc00048c2a0}, 0xc0000dd688, 0xc0004941e0, ...})
	github.com/evanw/esbuild/internal/bundler/bundler.go:163 +0x287
created by github.com/evanw/esbuild/internal/bundler.(*scanner).maybeParseFile in goroutine 37
	github.com/evanw/esbuild/internal/bundler/bundler.go:1538 +0xcff

goroutine 767 [chan receive]:
main.(*serviceType).sendRequest(0xc000116330, {0x7034a0, 0xc002adf0b0})
	github.com/evanw/esbuild/cmd/esbuild/service.go:192 +0x12b
main.(*serviceType).convertPlugins.func2.4({{0xc0022d6480, 0x90}, {0x782eef, 0x4}, {0x0, 0x0}, {0x0, 0x0}, 0x0})
	github.com/evanw/esbuild/cmd/esbuild/service.go:1084 +0x833
github.com/evanw/esbuild/pkg/api.(*pluginImpl).onLoad.func1({{0x0, 0x0}, {{0xc0022d6480, 0x90}, {0x782eef, 0x4}, {0x0, 
0x0}, {{0x0, 0x0}}, ...}})
	github.com/evanw/esbuild/pkg/api/api_impl.go:1996 +0x190
github.com/evanw/esbuild/internal/bundler.runOnLoadPlugins({0xc000494240?, 0x4?, 0xc002b05e30?}, {0x870da0?, 
0xc000390080}, 0xc0004941e0, {0xc000280070, 0xc00044c138, 0xc00044c150, 0xc000390020, ...}, ...)
	github.com/evanw/esbuild/internal/bundler/bundler.go:1125 +0xcb5
github.com/evanw/esbuild/internal/bundler.parseFile({{0x870da0, 0xc000390080}, {0xc000280070, 0xc00044c138, 
0xc00044c150, 0xc000390020, 0x6, 0xc00048c2a0}, 0xc0000dd688, 0xc0004941e0, ...})
	github.com/evanw/esbuild/internal/bundler/bundler.go:163 +0x287
created by github.com/evanw/esbuild/internal/bundler.(*scanner).maybeParseFile in goroutine 37
	github.com/evanw/esbuild/internal/bundler/bundler.go:1538 +0xcff

goroutine 768 [chan receive]:
main.(*serviceType).sendRequest(0xc000116330, {0x7034a0, 0xc002adf110})
	github.com/evanw/esbuild/cmd/esbuild/service.go:192 +0x12b
main.(*serviceType).convertPlugins.func2.4({{0xc000424960, 0x94}, {0x782eef, 0x4}, {0x0, 0x0}, {0x0, 0x0}, 0x0})
	github.com/evanw/esbuild/cmd/esbuild/service.go:1084 +0x833
github.com/evanw/esbuild/pkg/api.(*pluginImpl).onLoad.func1({{0x0, 0x0}, {{0xc000424960, 0x94}, {0x782eef, 0x4}, {0x0, 
0x0}, {{0x0, 0x0}}, ...}})
	github.com/evanw/esbuild/pkg/api/api_impl.go:1996 +0x190
github.com/evanw/esbuild/internal/bundler.runOnLoadPlugins({0xc000494240?, 0x4?, 0xc002b05e30?}, {0x870da0?, 
0xc000390080}, 0xc0004941e0, {0xc000280070, 0xc00044c138, 0xc00044c150, 0xc000390020, ...}, ...)
	github.com/evanw/esbuild/internal/bundler/bundler.go:1125 +0xcb5
github.com/evanw/esbuild/internal/bundler.parseFile({{0x870da0, 0xc000390080}, {0xc000280070, 0xc00044c138, 
0xc00044c150, 0xc000390020, 0x6, 0xc00048c2a0}, 0xc0000dd688, 0xc0004941e0, ...})
	github.com/evanw/esbuild/internal/bundler/bundler.go:163 +0x287
created by github.com/evanw/esbuild/internal/bundler.(*scanner).maybeParseFile in goroutine 37
	github.com/evanw/esbuild/internal/bundler/bundler.go:1538 +0xcff

goroutine 769 [chan receive]:
main.(*serviceType).sendRequest(0xc000116330, {0x7034a0, 0xc002adf170})
	github.com/evanw/esbuild/cmd/esbuild/service.go:192 +0x12b
main.(*serviceType).convertPlugins.func2.4({{0xc000424c80, 0x92}, {0x782eef, 0x4}, {0x0, 0x0}, {0x0, 0x0}, 0x0})
	github.com/evanw/esbuild/cmd/esbuild/service.go:1084 +0x833
github.com/evanw/esbuild/pkg/api.(*pluginImpl).onLoad.func1({{0x0, 0x0}, {{0xc000424c80, 0x92}, {0x782eef, 0x4}, {0x0, 
0x0}, {{0x0, 0x0}}, ...}})
	github.com/evanw/esbuild/pkg/api/api_impl.go:1996 +0x190
github.com/evanw/esbuild/internal/bundler.runOnLoadPlugins({0xc000494240?, 0x4?, 0xc002b05e30?}, {0x870da0?, 
0xc000390080}, 0xc0004941e0, {0xc000280070, 0xc00044c138, 0xc00044c150, 0xc000390020, ...}, ...)
	github.com/evanw/esbuild/internal/bundler/bundler.go:1125 +0xcb5
github.com/evanw/esbuild/internal/bundler.parseFile({{0x870da0, 0xc000390080}, {0xc000280070, 0xc00044c138, 
0xc00044c150, 0xc000390020, 0x6, 0xc00048c2a0}, 0xc0000dd688, 0xc0004941e0, ...})
	github.com/evanw/esbuild/internal/bundler/bundler.go:163 +0x287
created by github.com/evanw/esbuild/internal/bundler.(*scanner).maybeParseFile in goroutine 37
	github.com/evanw/esbuild/internal/bundler/bundler.go:1538 +0xcff

goroutine 770 [chan receive]:
main.(*serviceType).sendRequest(0xc000116330, {0x7034a0, 0xc002adf1d0})
	github.com/evanw/esbuild/cmd/esbuild/service.go:192 +0x12b
main.(*serviceType).convertPlugins.func2.4({{0xc0022d74d0, 0x90}, {0x782eef, 0x4}, {0x0, 0x0}, {0x0, 0x0}, 0x0})
	github.com/evanw/esbuild/cmd/esbuild/service.go:1084 +0x833
github.com/evanw/esbuild/pkg/api.(*pluginImpl).onLoad.func1({{0x0, 0x0}, {{0xc0022d74d0, 0x90}, {0x782eef, 0x4}, {0x0, 
0x0}, {{0x0, 0x0}}, ...}})
	github.com/evanw/esbuild/pkg/api/api_impl.go:1996 +0x190
github.com/evanw/esbuild/internal/bundler.runOnLoadPlugins({0xc000494240?, 0x4?, 0xc002b05e30?}, {0x870da0?, 
0xc000390080}, 0xc0004941e0, {0xc000280070, 0xc00044c138, 0xc00044c150, 0xc000390020, ...}, ...)
	github.com/evanw/esbuild/internal/bundler/bundler.go:1125 +0xcb5
github.com/evanw/esbuild/internal/bundler.parseFile({{0x870da0, 0xc000390080}, {0xc000280070, 0xc00044c138, 
0xc00044c150, 0xc000390020, 0x6, 0xc00048c2a0}, 0xc0000dd688, 0xc0004941e0, ...})
	github.com/evanw/esbuild/internal/bundler/bundler.go:163 +0x287
created by github.com/evanw/esbuild/internal/bundler.(*scanner).maybeParseFile in goroutine 37
	github.com/evanw/esbuild/internal/bundler/bundler.go:1538 +0xcff

goroutine 771 [chan receive]:
main.(*serviceType).sendRequest(0xc000116330, {0x7034a0, 0xc002adf230})
	github.com/evanw/esbuild/cmd/esbuild/service.go:192 +0x12b
main.(*serviceType).convertPlugins.func2.4({{0xc0022d7b90, 0x8f}, {0x782eef, 0x4}, {0x0, 0x0}, {0x0, 0x0}, 0x0})
	github.com/evanw/esbuild/cmd/esbuild/service.go:1084 +0x833
github.com/evanw/esbuild/pkg/api.(*pluginImpl).onLoad.func1({{0x0, 0x0}, {{0xc0022d7b90, 0x8f}, {0x782eef, 0x4}, {0x0, 
0x0}, {{0x0, 0x0}}, ...}})
	github.com/evanw/esbuild/pkg/api/api_impl.go:1996 +0x190
github.com/evanw/esbuild/internal/bundler.runOnLoadPlugins({0xc000494240?, 0x4?, 0xc002b05e30?}, {0x870da0?, 
0xc000390080}, 0xc0004941e0, {0xc000280070, 0xc00044c138, 0xc00044c150, 0xc000390020, ...}, ...)
	github.com/evanw/esbuild/internal/bundler/bundler.go:1125 +0xcb5
github.com/evanw/esbuild/internal/bundler.parseFile({{0x870da0, 0xc000390080}, {0xc000280070, 0xc00044c138, 
0xc00044c150, 0xc000390020, 0x6, 0xc00048c2a0}, 0xc0000dd688, 0xc0004941e0, ...})
	github.com/evanw/esbuild/internal/bundler/bundler.go:163 +0x287
created by github.com/evanw/esbuild/internal/bundler.(*scanner).maybeParseFile in goroutine 37
	github.com/evanw/esbuild/internal/bundler/bundler.go:1538 +0xcff

goroutine 772 [chan receive]:
main.(*serviceType).sendRequest(0xc000116330, {0x7034a0, 0xc002adf290})
	github.com/evanw/esbuild/cmd/esbuild/service.go:192 +0x12b
main.(*serviceType).convertPlugins.func2.4({{0xc0004252c0, 0x94}, {0x782eef, 0x4}, {0x0, 0x0}, {0x0, 0x0}, 0x0})
	github.com/evanw/esbuild/cmd/esbuild/service.go:1084 +0x833
github.com/evanw/esbuild/pkg/api.(*pluginImpl).onLoad.func1({{0x0, 0x0}, {{0xc0004252c0, 0x94}, {0x782eef, 0x4}, {0x0, 
0x0}, {{0x0, 0x0}}, ...}})
	github.com/evanw/esbuild/pkg/api/api_impl.go:1996 +0x190
github.com/evanw/esbuild/internal/bundler.runOnLoadPlugins({0xc000494240?, 0x4?, 0xc002b05e30?}, {0x870da0?, 
0xc000390080}, 0xc0004941e0, {0xc000280070, 0xc00044c138, 0xc00044c150, 0xc000390020, ...}, ...)
	github.com/evanw/esbuild/internal/bundler/bundler.go:1125 +0xcb5
github.com/evanw/esbuild/internal/bundler.parseFile({{0x870da0, 0xc000390080}, {0xc000280070, 0xc00044c138, 
0xc00044c150, 0xc000390020, 0x6, 0xc00048c2a0}, 0xc0000dd688, 0xc0004941e0, ...})
	github.com/evanw/esbuild/internal/bundler/bundler.go:163 +0x287
created by github.com/evanw/esbuild/internal/bundler.(*scanner).maybeParseFile in goroutine 37
	github.com/evanw/esbuild/internal/bundler/bundler.go:1538 +0xcff

goroutine 773 [chan receive]:
main.(*serviceType).sendRequest(0xc000116330, {0x7034a0, 0xc002adf2f0})
	github.com/evanw/esbuild/cmd/esbuild/service.go:192 +0x12b
main.(*serviceType).convertPlugins.func2.4({{0xc0004255e0, 0x93}, {0x782eef, 0x4}, {0x0, 0x0}, {0x0, 0x0}, 0x0})
	github.com/evanw/esbuild/cmd/esbuild/service.go:1084 +0x833
github.com/evanw/esbuild/pkg/api.(*pluginImpl).onLoad.func1({{0x0, 0x0}, {{0xc0004255e0, 0x93}, {0x782eef, 0x4}, {0x0, 
0x0}, {{0x0, 0x0}}, ...}})
	github.com/evanw/esbuild/pkg/api/api_impl.go:1996 +0x190
github.com/evanw/esbuild/internal/bundler.runOnLoadPlugins({0xc000494240?, 0x4?, 0xc002b05e30?}, {0x870da0?, 
0xc000390080}, 0xc0004941e0, {0xc000280070, 0xc00044c138, 0xc00044c150, 0xc000390020, ...}, ...)
	github.com/evanw/esbuild/internal/bundler/bundler.go:1125 +0xcb5
github.com/evanw/esbuild/internal/bundler.parseFile({{0x870da0, 0xc000390080}, {0xc000280070, 0xc00044c138, 
0xc00044c150, 0xc000390020, 0x6, 0xc00048c2a0}, 0xc0000dd688, 0xc0004941e0, ...})
	github.com/evanw/esbuild/internal/bundler/bundler.go:163 +0x287
created by github.com/evanw/esbuild/internal/bundler.(*scanner).maybeParseFile in goroutine 37
	github.com/evanw/esbuild/internal/bundler/bundler.go:1538 +0xcff

goroutine 774 [chan receive]:
main.(*serviceType).sendRequest(0xc000116330, {0x7034a0, 0xc002adf350})
	github.com/evanw/esbuild/cmd/esbuild/service.go:192 +0x12b
main.(*serviceType).convertPlugins.func2.4({{0xc001fd7400, 0x95}, {0x782eef, 0x4}, {0x0, 0x0}, {0x0, 0x0}, 0x0})
	github.com/evanw/esbuild/cmd/esbuild/service.go:1084 +0x833
github.com/evanw/esbuild/pkg/api.(*pluginImpl).onLoad.func1({{0x0, 0x0}, {{0xc001fd7400, 0x95}, {0x782eef, 0x4}, {0x0, 
0x0}, {{0x0, 0x0}}, ...}})
	github.com/evanw/esbuild/pkg/api/api_impl.go:1996 +0x190
github.com/evanw/esbuild/internal/bundler.runOnLoadPlugins({0xc000494240?, 0x4?, 0xc002b05e30?}, {0x870da0?, 
0xc000390080}, 0xc0004941e0, {0xc000280070, 0xc00044c138, 0xc00044c150, 0xc000390020, ...}, ...)
	github.com/evanw/esbuild/internal/bundler/bundler.go:1125 +0xcb5
github.com/evanw/esbuild/internal/bundler.parseFile({{0x870da0, 0xc000390080}, {0xc000280070, 0xc00044c138, 
0xc00044c150, 0xc000390020, 0x6, 0xc00048c2a0}, 0xc0000dd688, 0xc0004941e0, ...})
	github.com/evanw/esbuild/internal/bundler/bundler.go:163 +0x287
created by github.com/evanw/esbuild/internal/bundler.(*scanner).maybeParseFile in goroutine 37
	github.com/evanw/esbuild/internal/bundler/bundler.go:1538 +0xcff

goroutine 775 [chan receive]:
main.(*serviceType).sendRequest(0xc000116330, {0x7034a0, 0xc002adf3b0})
	github.com/evanw/esbuild/cmd/esbuild/service.go:192 +0x12b
main.(*serviceType).convertPlugins.func2.4({{0xc001fd7720, 0x93}, {0x782eef, 0x4}, {0x0, 0x0}, {0x0, 0x0}, 0x0})
	github.com/evanw/esbuild/cmd/esbuild/service.go:1084 +0x833
github.com/evanw/esbuild/pkg/api.(*pluginImpl).onLoad.func1({{0x0, 0x0}, {{0xc001fd7720, 0x93}, {0x782eef, 0x4}, {0x0, 
0x0}, {{0x0, 0x0}}, ...}})
	github.com/evanw/esbuild/pkg/api/api_impl.go:1996 +0x190
github.com/evanw/esbuild/internal/bundler.runOnLoadPlugins({0xc000494240?, 0x4?, 0xc002b05e30?}, {0x870da0?, 
0xc000390080}, 0xc0004941e0, {0xc000280070, 0xc00044c138, 0xc00044c150, 0xc000390020, ...}, ...)
	github.com/evanw/esbuild/internal/bundler/bundler.go:1125 +0xcb5
github.com/evanw/esbuild/internal/bundler.parseFile({{0x870da0, 0xc000390080}, {0xc000280070, 0xc00044c138, 
0xc00044c150, 0xc000390020, 0x6, 0xc00048c2a0}, 0xc0000dd688, 0xc0004941e0, ...})
	github.com/evanw/esbuild/internal/bundler/bundler.go:163 +0x287
created by github.com/evanw/esbuild/internal/bundler.(*scanner).maybeParseFile in goroutine 37
	github.com/evanw/esbuild/internal/bundler/bundler.go:1538 +0xcff

goroutine 776 [chan receive]:
main.(*serviceType).sendRequest(0xc000116330, {0x7034a0, 0xc002adf410})
	github.com/evanw/esbuild/cmd/esbuild/service.go:192 +0x12b
main.(*serviceType).convertPlugins.func2.4({{0xc001fd7ae0, 0x97}, {0x782eef, 0x4}, {0x0, 0x0}, {0x0, 0x0}, 0x0})
	github.com/evanw/esbuild/cmd/esbuild/service.go:1084 +0x833
github.com/evanw/esbuild/pkg/api.(*pluginImpl).onLoad.func1({{0x0, 0x0}, {{0xc001fd7ae0, 0x97}, {0x782eef, 0x4}, {0x0, 
0x0}, {{0x0, 0x0}}, ...}})
	github.com/evanw/esbuild/pkg/api/api_impl.go:1996 +0x190
github.com/evanw/esbuild/internal/bundler.runOnLoadPlugins({0xc000494240?, 0x4?, 0xc002b05e30?}, {0x870da0?, 
0xc000390080}, 0xc0004941e0, {0xc000280070, 0xc00044c138, 0xc00044c150, 0xc000390020, ...}, ...)
	github.com/evanw/esbuild/internal/bundler/bundler.go:1125 +0xcb5
github.com/evanw/esbuild/internal/bundler.parseFile({{0x870da0, 0xc000390080}, {0xc000280070, 0xc00044c138, 
0xc00044c150, 0xc000390020, 0x6, 0xc00048c2a0}, 0xc0000dd688, 0xc0004941e0, ...})
	github.com/evanw/esbuild/internal/bundler/bundler.go:163 +0x287
created by github.com/evanw/esbuild/internal/bundler.(*scanner).maybeParseFile in goroutine 37
	github.com/evanw/esbuild/internal/bundler/bundler.go:1538 +0xcff

goroutine 777 [chan receive]:
main.(*serviceType).sendRequest(0xc000116330, {0x7034a0, 0xc002adf470})
	github.com/evanw/esbuild/cmd/esbuild/service.go:192 +0x12b
main.(*serviceType).convertPlugins.func2.4({{0xc001ed6ab0, 0x8c}, {0x782eef, 0x4}, {0x0, 0x0}, {0x0, 0x0}, 0x0})
	github.com/evanw/esbuild/cmd/esbuild/service.go:1084 +0x833
github.com/evanw/esbuild/pkg/api.(*pluginImpl).onLoad.func1({{0x0, 0x0}, {{0xc001ed6ab0, 0x8c}, {0x782eef, 0x4}, {0x0, 
0x0}, {{0x0, 0x0}}, ...}})
	github.com/evanw/esbuild/pkg/api/api_impl.go:1996 +0x190
github.com/evanw/esbuild/internal/bundler.runOnLoadPlugins({0xc000494240?, 0x4?, 0xc002b05e30?}, {0x870da0?, 
0xc000390080}, 0xc0004941e0, {0xc000280070, 0xc00044c138, 0xc00044c150, 0xc000390020, ...}, ...)
	github.com/evanw/esbuild/internal/bundler/bundler.go:1125 +0xcb5
github.com/evanw/esbuild/internal/bundler.parseFile({{0x870da0, 0xc000390080}, {0xc000280070, 0xc00044c138, 
0xc00044c150, 0xc000390020, 0x6, 0xc00048c2a0}, 0xc0000dd688, 0xc0004941e0, ...})
	github.com/evanw/esbuild/internal/bundler/bundler.go:163 +0x287
created by github.com/evanw/esbuild/internal/bundler.(*scanner).maybeParseFile in goroutine 37
	github.com/evanw/esbuild/internal/bundler/bundler.go:1538 +0xcff

goroutine 778 [chan receive]:
main.(*serviceType).sendRequest(0xc000116330, {0x7034a0, 0xc002adf530})
	github.com/evanw/esbuild/cmd/esbuild/service.go:192 +0x12b
main.(*serviceType).convertPlugins.func2.4({{0xc0022da7e0, 0x8f}, {0x782eef, 0x4}, {0x0, 0x0}, {0x0, 0x0}, 0x0})
	github.com/evanw/esbuild/cmd/esbuild/service.go:1084 +0x833
github.com/evanw/esbuild/pkg/api.(*pluginImpl).onLoad.func1({{0x0, 0x0}, {{0xc0022da7e0, 0x8f}, {0x782eef, 0x4}, {0x0, 
0x0}, {{0x0, 0x0}}, ...}})
	github.com/evanw/esbuild/pkg/api/api_impl.go:1996 +0x190
github.com/evanw/esbuild/internal/bundler.runOnLoadPlugins({0xc000494240?, 0x4?, 0xc002b05e30?}, {0x870da0?, 
0xc000390080}, 0xc0004941e0, {0xc000280070, 0xc00044c138, 0xc00044c150, 0xc000390020, ...}, ...)
	github.com/evanw/esbuild/internal/bundler/bundler.go:1125 +0xcb5
github.com/evanw/esbuild/internal/bundler.parseFile({{0x870da0, 0xc000390080}, {0xc000280070, 0xc00044c138, 
0xc00044c150, 0xc000390020, 0x6, 0xc00048c2a0}, 0xc0000dd688, 0xc0004941e0, ...})
	github.com/evanw/esbuild/internal/bundler/bundler.go:163 +0x287
created by github.com/evanw/esbuild/internal/bundler.(*scanner).maybeParseFile in goroutine 37
	github.com/evanw/esbuild/internal/bundler/bundler.go:1538 +0xcff

goroutine 779 [chan receive]:
main.(*serviceType).sendRequest(0xc000116330, {0x7034a0, 0xc002adf590})
	github.com/evanw/esbuild/cmd/esbuild/service.go:192 +0x12b
main.(*serviceType).convertPlugins.func2.4({{0xc0022dacf0, 0x90}, {0x782eef, 0x4}, {0x0, 0x0}, {0x0, 0x0}, 0x0})
	github.com/evanw/esbuild/cmd/esbuild/service.go:1084 +0x833
github.com/evanw/esbuild/pkg/api.(*pluginImpl).onLoad.func1({{0x0, 0x0}, {{0xc0022dacf0, 0x90}, {0x782eef, 0x4}, {0x0, 
0x0}, {{0x0, 0x0}}, ...}})
	github.com/evanw/esbuild/pkg/api/api_impl.go:1996 +0x190
github.com/evanw/esbuild/internal/bundler.runOnLoadPlugins({0xc000494240?, 0x4?, 0xc002b05e30?}, {0x870da0?, 
0xc000390080}, 0xc0004941e0, {0xc000280070, 0xc00044c138, 0xc00044c150, 0xc000390020, ...}, ...)
	github.com/evanw/esbuild/internal/bundler/bundler.go:1125 +0xcb5
github.com/evanw/esbuild/internal/bundler.parseFile({{0x870da0, 0xc000390080}, {0xc000280070, 0xc00044c138, 
0xc00044c150, 0xc000390020, 0x6, 0xc00048c2a0}, 0xc0000dd688, 0xc0004941e0, ...})
	github.com/evanw/esbuild/internal/bundler/bundler.go:163 +0x287
created by github.com/evanw/esbuild/internal/bundler.(*scanner).maybeParseFile in goroutine 37
	github.com/evanw/esbuild/internal/bundler/bundler.go:1538 +0xcff

goroutine 780 [chan receive]:
main.(*serviceType).sendRequest(0xc000116330, {0x7034a0, 0xc002adf5f0})
	github.com/evanw/esbuild/cmd/esbuild/service.go:192 +0x12b
main.(*serviceType).convertPlugins.func2.4({{0xc002df0480, 0x89}, {0x782eef, 0x4}, {0x0, 0x0}, {0x0, 0x0}, 0x0})
	github.com/evanw/esbuild/cmd/esbuild/service.go:1084 +0x833
github.com/evanw/esbuild/pkg/api.(*pluginImpl).onLoad.func1({{0x0, 0x0}, {{0xc002df0480, 0x89}, {0x782eef, 0x4}, {0x0, 
0x0}, {{0x0, 0x0}}, ...}})
	github.com/evanw/esbuild/pkg/api/api_impl.go:1996 +0x190
github.com/evanw/esbuild/internal/bundler.runOnLoadPlugins({0xc000494240?, 0x4?, 0xc002b05e30?}, {0x870da0?, 
0xc000390080}, 0xc0004941e0, {0xc000280070, 0xc00044c138, 0xc00044c150, 0xc000390020, ...}, ...)
	github.com/evanw/esbuild/internal/bundler/bundler.go:1125 +0xcb5
github.com/evanw/esbuild/internal/bundler.parseFile({{0x870da0, 0xc000390080}, {0xc000280070, 0xc00044c138, 
0xc00044c150, 0xc000390020, 0x6, 0xc00048c2a0}, 0xc0000dd688, 0xc0004941e0, ...})
	github.com/evanw/esbuild/internal/bundler/bundler.go:163 +0x287
created by github.com/evanw/esbuild/internal/bundler.(*scanner).maybeParseFile in goroutine 37
	github.com/evanw/esbuild/internal/bundler/bundler.go:1538 +0xcff

goroutine 781 [chan receive]:
main.(*serviceType).sendRequest(0xc000116330, {0x7034a0, 0xc002adf650})
	github.com/evanw/esbuild/cmd/esbuild/service.go:192 +0x12b
main.(*serviceType).convertPlugins.func2.4({{0xc000252d20, 0x9f}, {0x782eef, 0x4}, {0x0, 0x0}, {0x0, 0x0}, 0x0})
	github.com/evanw/esbuild/cmd/esbuild/service.go:1084 +0x833
github.com/evanw/esbuild/pkg/api.(*pluginImpl).onLoad.func1({{0x0, 0x0}, {{0xc000252d20, 0x9f}, {0x782eef, 0x4}, {0x0, 
0x0}, {{0x0, 0x0}}, ...}})
	github.com/evanw/esbuild/pkg/api/api_impl.go:1996 +0x190
github.com/evanw/esbuild/internal/bundler.runOnLoadPlugins({0xc000494240?, 0x4?, 0xc002b05e30?}, {0x870da0?, 
0xc000390080}, 0xc0004941e0, {0xc000280070, 0xc00044c138, 0xc00044c150, 0xc000390020, ...}, ...)
	github.com/evanw/esbuild/internal/bundler/bundler.go:1125 +0xcb5
github.com/evanw/esbuild/internal/bundler.parseFile({{0x870da0, 0xc000390080}, {0xc000280070, 0xc00044c138, 
0xc00044c150, 0xc000390020, 0x6, 0xc00048c2a0}, 0xc0000dd688, 0xc0004941e0, ...})
	github.com/evanw/esbuild/internal/bundler/bundler.go:163 +0x287
created by github.com/evanw/esbuild/internal/bundler.(*scanner).maybeParseFile in goroutine 37
	github.com/evanw/esbuild/internal/bundler/bundler.go:1538 +0xcff

goroutine 782 [chan receive]:
main.(*serviceType).sendRequest(0xc000116330, {0x7034a0, 0xc002adeea0})
	github.com/evanw/esbuild/cmd/esbuild/service.go:192 +0x12b
main.(*serviceType).convertPlugins.func2.4({{0xc002fa1560, 0x90}, {0x782eef, 0x4}, {0x0, 0x0}, {0x0, 0x0}, 0x0})
	github.com/evanw/esbuild/cmd/esbuild/service.go:1084 +0x833
github.com/evanw/esbuild/pkg/api.(*pluginImpl).onLoad.func1({{0x0, 0x0}, {{0xc002fa1560, 0x90}, {0x782eef, 0x4}, {0x0, 
0x0}, {{0x0, 0x0}}, ...}})
	github.com/evanw/esbuild/pkg/api/api_impl.go:1996 +0x190
github.com/evanw/esbuild/internal/bundler.runOnLoadPlugins({0xc000494240?, 0x4?, 0xc002b05e30?}, {0x870da0?, 
0xc000390080}, 0xc0004941e0, {0xc000280070, 0xc00044c138, 0xc00044c150, 0xc000390020, ...}, ...)
	github.com/evanw/esbuild/internal/bundler/bundler.go:1125 +0xcb5
github.com/evanw/esbuild/internal/bundler.parseFile({{0x870da0, 0xc000390080}, {0xc000280070, 0xc00044c138, 
0xc00044c150, 0xc000390020, 0x6, 0xc00048c2a0}, 0xc0000dd688, 0xc0004941e0, ...})
	github.com/evanw/esbuild/internal/bundler/bundler.go:163 +0x287
created by github.com/evanw/esbuild/internal/bundler.(*scanner).maybeParseFile in goroutine 37
	github.com/evanw/esbuild/internal/bundler/bundler.go:1538 +0xcff

goroutine 783 [chan receive]:
main.(*serviceType).sendRequest(0xc000116330, {0x7034a0, 0xc001f3c810})
	github.com/evanw/esbuild/cmd/esbuild/service.go:192 +0x12b
main.(*serviceType).convertPlugins.func2.4({{0xc000093400, 0x9d}, {0x782eef, 0x4}, {0x0, 0x0}, {0x0, 0x0}, 0x0})
	github.com/evanw/esbuild/cmd/esbuild/service.go:1084 +0x833
github.com/evanw/esbuild/pkg/api.(*pluginImpl).onLoad.func1({{0x0, 0x0}, {{0xc000093400, 0x9d}, {0x782eef, 0x4}, {0x0, 
0x0}, {{0x0, 0x0}}, ...}})
	github.com/evanw/esbuild/pkg/api/api_impl.go:1996 +0x190
github.com/evanw/esbuild/internal/bundler.runOnLoadPlugins({0xc000494240?, 0x0?, 0x0?}, {0x870da0?, 0xc000390080}, 
0xc0004941e0, {0xc000280070, 0xc00044c138, 0xc00044c150, 0xc000390020, ...}, ...)
	github.com/evanw/esbuild/internal/bundler/bundler.go:1125 +0xcb5
github.com/evanw/esbuild/internal/bundler.parseFile({{0x870da0, 0xc000390080}, {0xc000280070, 0xc00044c138, 
0xc00044c150, 0xc000390020, 0x6, 0xc00048c2a0}, 0xc0000dd688, 0xc0004941e0, ...})
	github.com/evanw/esbuild/internal/bundler/bundler.go:163 +0x287
created by github.com/evanw/esbuild/internal/bundler.(*scanner).maybeParseFile in goroutine 37
	github.com/evanw/esbuild/internal/bundler/bundler.go:1538 +0xcff

goroutine 784 [chan receive]:
main.(*serviceType).sendRequest(0xc000116330, {0x7034a0, 0xc001f3c870})
	github.com/evanw/esbuild/cmd/esbuild/service.go:192 +0x12b
main.(*serviceType).convertPlugins.func2.4({{0xc002f1e1b0, 0x86}, {0x782eef, 0x4}, {0x0, 0x0}, {0x0, 0x0}, 0x0})
	github.com/evanw/esbuild/cmd/esbuild/service.go:1084 +0x833
github.com/evanw/esbuild/pkg/api.(*pluginImpl).onLoad.func1({{0x0, 0x0}, {{0xc002f1e1b0, 0x86}, {0x782eef, 0x4}, {0x0, 
0x0}, {{0x0, 0x0}}, ...}})
	github.com/evanw/esbuild/pkg/api/api_impl.go:1996 +0x190
github.com/evanw/esbuild/internal/bundler.runOnLoadPlugins({0xc000494240?, 0x0?, 0x0?}, {0x870da0?, 0xc000390080}, 
0xc0004941e0, {0xc000280070, 0xc00044c138, 0xc00044c150, 0xc000390020, ...}, ...)
	github.com/evanw/esbuild/internal/bundler/bundler.go:1125 +0xcb5
github.com/evanw/esbuild/internal/bundler.parseFile({{0x870da0, 0xc000390080}, {0xc000280070, 0xc00044c138, 
0xc00044c150, 0xc000390020, 0x6, 0xc00048c2a0}, 0xc0000dd688, 0xc0004941e0, ...})
	github.com/evanw/esbuild/internal/bundler/bundler.go:163 +0x287
created by github.com/evanw/esbuild/internal/bundler.(*scanner).maybeParseFile in goroutine 37
	github.com/evanw/esbuild/internal/bundler/bundler.go:1538 +0xcff

goroutine 785 [chan receive]:
main.(*serviceType).sendRequest(0xc000116330, {0x7034a0, 0xc001f3c8d0})
	github.com/evanw/esbuild/cmd/esbuild/service.go:192 +0x12b
main.(*serviceType).convertPlugins.func2.4({{0xc002f1e5a0, 0x8e}, {0x782eef, 0x4}, {0x0, 0x0}, {0x0, 0x0}, 0x0})
	github.com/evanw/esbuild/cmd/esbuild/service.go:1084 +0x833
github.com/evanw/esbuild/pkg/api.(*pluginImpl).onLoad.func1({{0x0, 0x0}, {{0xc002f1e5a0, 0x8e}, {0x782eef, 0x4}, {0x0, 
0x0}, {{0x0, 0x0}}, ...}})
	github.com/evanw/esbuild/pkg/api/api_impl.go:1996 +0x190
github.com/evanw/esbuild/internal/bundler.runOnLoadPlugins({0xc000494240?, 0x0?, 0x0?}, {0x870da0?, 0xc000390080}, 
0xc0004941e0, {0xc000280070, 0xc00044c138, 0xc00044c150, 0xc000390020, ...}, ...)
	github.com/evanw/esbuild/internal/bundler/bundler.go:1125 +0xcb5
github.com/evanw/esbuild/internal/bundler.parseFile({{0x870da0, 0xc000390080}, {0xc000280070, 0xc00044c138, 
0xc00044c150, 0xc000390020, 0x6, 0xc00048c2a0}, 0xc0000dd688, 0xc0004941e0, ...})
	github.com/evanw/esbuild/internal/bundler/bundler.go:163 +0x287
created by github.com/evanw/esbuild/internal/bundler.(*scanner).maybeParseFile in goroutine 37
	github.com/evanw/esbuild/internal/bundler/bundler.go:1538 +0xcff

goroutine 802 [chan receive]:
main.(*serviceType).sendRequest(0xc000116330, {0x7034a0, 0xc001f3c930})
	github.com/evanw/esbuild/cmd/esbuild/service.go:192 +0x12b
main.(*serviceType).convertPlugins.func2.4({{0xc002f1e990, 0x8c}, {0x782eef, 0x4}, {0x0, 0x0}, {0x0, 0x0}, 0x0})
	github.com/evanw/esbuild/cmd/esbuild/service.go:1084 +0x833
github.com/evanw/esbuild/pkg/api.(*pluginImpl).onLoad.func1({{0x0, 0x0}, {{0xc002f1e990, 0x8c}, {0x782eef, 0x4}, {0x0, 
0x0}, {{0x0, 0x0}}, ...}})
	github.com/evanw/esbuild/pkg/api/api_impl.go:1996 +0x190
github.com/evanw/esbuild/internal/bundler.runOnLoadPlugins({0xc000494240?, 0x0?, 0x0?}, {0x870da0?, 0xc000390080}, 
0xc0004941e0, {0xc000280070, 0xc00044c138, 0xc00044c150, 0xc000390020, ...}, ...)
	github.com/evanw/esbuild/internal/bundler/bundler.go:1125 +0xcb5
github.com/evanw/esbuild/internal/bundler.parseFile({{0x870da0, 0xc000390080}, {0xc000280070, 0xc00044c138, 
0xc00044c150, 0xc000390020, 0x6, 0xc00048c2a0}, 0xc0000dd688, 0xc0004941e0, ...})
	github.com/evanw/esbuild/internal/bundler/bundler.go:163 +0x287
created by github.com/evanw/esbuild/internal/bundler.(*scanner).maybeParseFile in goroutine 37
	github.com/evanw/esbuild/internal/bundler/bundler.go:1538 +0xcff

goroutine 803 [chan receive]:
main.(*serviceType).sendRequest(0xc000116330, {0x7034a0, 0xc001f3c990})
	github.com/evanw/esbuild/cmd/esbuild/service.go:192 +0x12b
main.(*serviceType).convertPlugins.func2.4({{0xc002f1efc0, 0x8b}, {0x782eef, 0x4}, {0x0, 0x0}, {0x0, 0x0}, 0x0})
	github.com/evanw/esbuild/cmd/esbuild/service.go:1084 +0x833
github.com/evanw/esbuild/pkg/api.(*pluginImpl).onLoad.func1({{0x0, 0x0}, {{0xc002f1efc0, 0x8b}, {0x782eef, 0x4}, {0x0, 
0x0}, {{0x0, 0x0}}, ...}})
	github.com/evanw/esbuild/pkg/api/api_impl.go:1996 +0x190
github.com/evanw/esbuild/internal/bundler.runOnLoadPlugins({0xc000494240?, 0x0?, 0x0?}, {0x870da0?, 0xc000390080}, 
0xc0004941e0, {0xc000280070, 0xc00044c138, 0xc00044c150, 0xc000390020, ...}, ...)
	github.com/evanw/esbuild/internal/bundler/bundler.go:1125 +0xcb5
github.com/evanw/esbuild/internal/bundler.parseFile({{0x870da0, 0xc000390080}, {0xc000280070, 0xc00044c138, 
0xc00044c150, 0xc000390020, 0x6, 0xc00048c2a0}, 0xc0000dd688, 0xc0004941e0, ...})
	github.com/evanw/esbuild/internal/bundler/bundler.go:163 +0x287
created by github.com/evanw/esbuild/internal/bundler.(*scanner).maybeParseFile in goroutine 37
	github.com/evanw/esbuild/internal/bundler/bundler.go:1538 +0xcff

goroutine 804 [chan receive]:
main.(*serviceType).sendRequest(0xc000116330, {0x7034a0, 0xc001f3c9f0})
	github.com/evanw/esbuild/cmd/esbuild/service.go:192 +0x12b
main.(*serviceType).convertPlugins.func2.4({{0xc002f1f560, 0x8d}, {0x782eef, 0x4}, {0x0, 0x0}, {0x0, 0x0}, 0x0})
	github.com/evanw/esbuild/cmd/esbuild/service.go:1084 +0x833
github.com/evanw/esbuild/pkg/api.(*pluginImpl).onLoad.func1({{0x0, 0x0}, {{0xc002f1f560, 0x8d}, {0x782eef, 0x4}, {0x0, 
0x0}, {{0x0, 0x0}}, ...}})
	github.com/evanw/esbuild/pkg/api/api_impl.go:1996 +0x190
github.com/evanw/esbuild/internal/bundler.runOnLoadPlugins({0xc000494240?, 0x0?, 0x0?}, {0x870da0?, 0xc000390080}, 
0xc0004941e0, {0xc000280070, 0xc00044c138, 0xc00044c150, 0xc000390020, ...}, ...)
	github.com/evanw/esbuild/internal/bundler/bundler.go:1125 +0xcb5
github.com/evanw/esbuild/internal/bundler.parseFile({{0x870da0, 0xc000390080}, {0xc000280070, 0xc00044c138, 
0xc00044c150, 0xc000390020, 0x6, 0xc00048c2a0}, 0xc0000dd688, 0xc0004941e0, ...})
	github.com/evanw/esbuild/internal/bundler/bundler.go:163 +0x287
created by github.com/evanw/esbuild/internal/bundler.(*scanner).maybeParseFile in goroutine 37
	github.com/evanw/esbuild/internal/bundler/bundler.go:1538 +0xcff

goroutine 805 [chan receive]:
main.(*serviceType).sendRequest(0xc000116330, {0x7034a0, 0xc001f3ca50})
	github.com/evanw/esbuild/cmd/esbuild/service.go:192 +0x12b
main.(*serviceType).convertPlugins.func2.4({{0xc003036bd0, 0x8e}, {0x782eef, 0x4}, {0x0, 0x0}, {0x0, 0x0}, 0x0})
	github.com/evanw/esbuild/cmd/esbuild/service.go:1084 +0x833
github.com/evanw/esbuild/pkg/api.(*pluginImpl).onLoad.func1({{0x0, 0x0}, {{0xc003036bd0, 0x8e}, {0x782eef, 0x4}, {0x0, 
0x0}, {{0x0, 0x0}}, ...}})
	github.com/evanw/esbuild/pkg/api/api_impl.go:1996 +0x190
github.com/evanw/esbuild/internal/bundler.runOnLoadPlugins({0xc000494240?, 0x0?, 0x0?}, {0x870da0?, 0xc000390080}, 
0xc0004941e0, {0xc000280070, 0xc00044c138, 0xc00044c150, 0xc000390020, ...}, ...)
	github.com/evanw/esbuild/internal/bundler/bundler.go:1125 +0xcb5
github.com/evanw/esbuild/internal/bundler.parseFile({{0x870da0, 0xc000390080}, {0xc000280070, 0xc00044c138, 
0xc00044c150, 0xc000390020, 0x6, 0xc00048c2a0}, 0xc0000dd688, 0xc0004941e0, ...})
	github.com/evanw/esbuild/internal/bundler/bundler.go:163 +0x287
created by github.com/evanw/esbuild/internal/bundler.(*scanner).maybeParseFile in goroutine 37
	github.com/evanw/esbuild/internal/bundler/bundler.go:1538 +0xcff

goroutine 806 [chan receive]:
main.(*serviceType).sendRequest(0xc000116330, {0x7034a0, 0xc001f3cab0})
	github.com/evanw/esbuild/cmd/esbuild/service.go:192 +0x12b
main.(*serviceType).convertPlugins.func2.4({{0xc003037440, 0x8e}, {0x782eef, 0x4}, {0x0, 0x0}, {0x0, 0x0}, 0x0})
	github.com/evanw/esbuild/cmd/esbuild/service.go:1084 +0x833
github.com/evanw/esbuild/pkg/api.(*pluginImpl).onLoad.func1({{0x0, 0x0}, {{0xc003037440, 0x8e}, {0x782eef, 0x4}, {0x0, 
0x0}, {{0x0, 0x0}}, ...}})
	github.com/evanw/esbuild/pkg/api/api_impl.go:1996 +0x190
github.com/evanw/esbuild/internal/bundler.runOnLoadPlugins({0xc000494240?, 0x0?, 0x0?}, {0x870da0?, 0xc000390080}, 
0xc0004941e0, {0xc000280070, 0xc00044c138, 0xc00044c150, 0xc000390020, ...}, ...)
	github.com/evanw/esbuild/internal/bundler/bundler.go:1125 +0xcb5
github.com/evanw/esbuild/internal/bundler.parseFile({{0x870da0, 0xc000390080}, {0xc000280070, 0xc00044c138, 
0xc00044c150, 0xc000390020, 0x6, 0xc00048c2a0}, 0xc0000dd688, 0xc0004941e0, ...})
	github.com/evanw/esbuild/internal/bundler/bundler.go:163 +0x287
created by github.com/evanw/esbuild/internal/bundler.(*scanner).maybeParseFile in goroutine 37
	github.com/evanw/esbuild/internal/bundler/bundler.go:1538 +0xcff

goroutine 807 [chan receive]:
main.(*serviceType).sendRequest(0xc000116330, {0x7034a0, 0xc001f3cb10})
	github.com/evanw/esbuild/cmd/esbuild/service.go:192 +0x12b
main.(*serviceType).convertPlugins.func2.4({{0xc0001959a0, 0x97}, {0x782eef, 0x4}, {0x0, 0x0}, {0x0, 0x0}, 0x0})
	github.com/evanw/esbuild/cmd/esbuild/service.go:1084 +0x833
github.com/evanw/esbuild/pkg/api.(*pluginImpl).onLoad.func1({{0x0, 0x0}, {{0xc0001959a0, 0x97}, {0x782eef, 0x4}, {0x0, 
0x0}, {{0x0, 0x0}}, ...}})
	github.com/evanw/esbuild/pkg/api/api_impl.go:1996 +0x190
github.com/evanw/esbuild/internal/bundler.runOnLoadPlugins({0xc000494240?, 0x0?, 0x0?}, {0x870da0?, 0xc000390080}, 
0xc0004941e0, {0xc000280070, 0xc00044c138, 0xc00044c150, 0xc000390020, ...}, ...)
	github.com/evanw/esbuild/internal/bundler/bundler.go:1125 +0xcb5
github.com/evanw/esbuild/internal/bundler.parseFile({{0x870da0, 0xc000390080}, {0xc000280070, 0xc00044c138, 
0xc00044c150, 0xc000390020, 0x6, 0xc00048c2a0}, 0xc0000dd688, 0xc0004941e0, ...})
	github.com/evanw/esbuild/internal/bundler/bundler.go:163 +0x287
created by github.com/evanw/esbuild/internal/bundler.(*scanner).maybeParseFile in goroutine 37
	github.com/evanw/esbuild/internal/bundler/bundler.go:1538 +0xcff

goroutine 808 [chan receive]:
main.(*serviceType).sendRequest(0xc000116330, {0x7034a0, 0xc001f3cb70})
	github.com/evanw/esbuild/cmd/esbuild/service.go:192 +0x12b
main.(*serviceType).convertPlugins.func2.4({{0xc002f20b40, 0x9d}, {0x782eef, 0x4}, {0x0, 0x0}, {0x0, 0x0}, 0x0})
	github.com/evanw/esbuild/cmd/esbuild/service.go:1084 +0x833
github.com/evanw/esbuild/pkg/api.(*pluginImpl).onLoad.func1({{0x0, 0x0}, {{0xc002f20b40, 0x9d}, {0x782eef, 0x4}, {0x0, 
0x0}, {{0x0, 0x0}}, ...}})
	github.com/evanw/esbuild/pkg/api/api_impl.go:1996 +0x190
github.com/evanw/esbuild/internal/bundler.runOnLoadPlugins({0xc000494240?, 0x0?, 0x0?}, {0x870da0?, 0xc000390080}, 
0xc0004941e0, {0xc000280070, 0xc00044c138, 0xc00044c150, 0xc000390020, ...}, ...)
	github.com/evanw/esbuild/internal/bundler/bundler.go:1125 +0xcb5
github.com/evanw/esbuild/internal/bundler.parseFile({{0x870da0, 0xc000390080}, {0xc000280070, 0xc00044c138, 
0xc00044c150, 0xc000390020, 0x6, 0xc00048c2a0}, 0xc0000dd688, 0xc0004941e0, ...})
	github.com/evanw/esbuild/internal/bundler/bundler.go:163 +0x287
created by github.com/evanw/esbuild/internal/bundler.(*scanner).maybeParseFile in goroutine 37
	github.com/evanw/esbuild/internal/bundler/bundler.go:1538 +0xcff

goroutine 809 [chan receive]:
main.(*serviceType).sendRequest(0xc000116330, {0x7034a0, 0xc001f3cbd0})
	github.com/evanw/esbuild/cmd/esbuild/service.go:192 +0x12b
main.(*serviceType).convertPlugins.func2.4({{0xc002e30750, 0x88}, {0x782eef, 0x4}, {0x0, 0x0}, {0x0, 0x0}, 0x0})
	github.com/evanw/esbuild/cmd/esbuild/service.go:1084 +0x833
github.com/evanw/esbuild/pkg/api.(*pluginImpl).onLoad.func1({{0x0, 0x0}, {{0xc002e30750, 0x88}, {0x782eef, 0x4}, {0x0, 
0x0}, {{0x0, 0x0}}, ...}})
	github.com/evanw/esbuild/pkg/api/api_impl.go:1996 +0x190
github.com/evanw/esbuild/internal/bundler.runOnLoadPlugins({0xc000494240?, 0x0?, 0x0?}, {0x870da0?, 0xc000390080}, 
0xc0004941e0, {0xc000280070, 0xc00044c138, 0xc00044c150, 0xc000390020, ...}, ...)
	github.com/evanw/esbuild/internal/bundler/bundler.go:1125 +0xcb5
github.com/evanw/esbuild/internal/bundler.parseFile({{0x870da0, 0xc000390080}, {0xc000280070, 0xc00044c138, 
0xc00044c150, 0xc000390020, 0x6, 0xc00048c2a0}, 0xc0000dd688, 0xc0004941e0, ...})
	github.com/evanw/esbuild/internal/bundler/bundler.go:163 +0x287
created by github.com/evanw/esbuild/internal/bundler.(*scanner).maybeParseFile in goroutine 37
	github.com/evanw/esbuild/internal/bundler/bundler.go:1538 +0xcff

goroutine 810 [chan receive]:
main.(*serviceType).sendRequest(0xc000116330, {0x7034a0, 0xc001f3cc30})
	github.com/evanw/esbuild/cmd/esbuild/service.go:192 +0x12b
main.(*serviceType).convertPlugins.func2.4({{0xc002e30b40, 0x8b}, {0x782eef, 0x4}, {0x0, 0x0}, {0x0, 0x0}, 0x0})
	github.com/evanw/esbuild/cmd/esbuild/service.go:1084 +0x833
github.com/evanw/esbuild/pkg/api.(*pluginImpl).onLoad.func1({{0x0, 0x0}, {{0xc002e30b40, 0x8b}, {0x782eef, 0x4}, {0x0, 
0x0}, {{0x0, 0x0}}, ...}})
	github.com/evanw/esbuild/pkg/api/api_impl.go:1996 +0x190
github.com/evanw/esbuild/internal/bundler.runOnLoadPlugins({0xc000494240?, 0x0?, 0x0?}, {0x870da0?, 0xc000390080}, 
0xc0004941e0, {0xc000280070, 0xc00044c138, 0xc00044c150, 0xc000390020, ...}, ...)
	github.com/evanw/esbuild/internal/bundler/bundler.go:1125 +0xcb5
github.com/evanw/esbuild/internal/bundler.parseFile({{0x870da0, 0xc000390080}, {0xc000280070, 0xc00044c138, 
0xc00044c150, 0xc000390020, 0x6, 0xc00048c2a0}, 0xc0000dd688, 0xc0004941e0, ...})
	github.com/evanw/esbuild/internal/bundler/bundler.go:163 +0x287
created by github.com/evanw/esbuild/internal/bundler.(*scanner).maybeParseFile in goroutine 37
	github.com/evanw/esbuild/internal/bundler/bundler.go:1538 +0xcff

goroutine 811 [chan receive]:
main.(*serviceType).sendRequest(0xc000116330, {0x7034a0, 0xc001f3cc90})
	github.com/evanw/esbuild/cmd/esbuild/service.go:192 +0x12b
main.(*serviceType).convertPlugins.func2.4({{0xc002fa6630, 0x89}, {0x782eef, 0x4}, {0x0, 0x0}, {0x0, 0x0}, 0x0})
	github.com/evanw/esbuild/cmd/esbuild/service.go:1084 +0x833
github.com/evanw/esbuild/pkg/api.(*pluginImpl).onLoad.func1({{0x0, 0x0}, {{0xc002fa6630, 0x89}, {0x782eef, 0x4}, {0x0, 
0x0}, {{0x0, 0x0}}, ...}})
	github.com/evanw/esbuild/pkg/api/api_impl.go:1996 +0x190
github.com/evanw/esbuild/internal/bundler.runOnLoadPlugins({0xc000494240?, 0x0?, 0x0?}, {0x870da0?, 0xc000390080}, 
0xc0004941e0, {0xc000280070, 0xc00044c138, 0xc00044c150, 0xc000390020, ...}, ...)
	github.com/evanw/esbuild/internal/bundler/bundler.go:1125 +0xcb5
github.com/evanw/esbuild/internal/bundler.parseFile({{0x870da0, 0xc000390080}, {0xc000280070, 0xc00044c138, 
0xc00044c150, 0xc000390020, 0x6, 0xc00048c2a0}, 0xc0000dd688, 0xc0004941e0, ...})
	github.com/evanw/esbuild/internal/bundler/bundler.go:163 +0x287
created by github.com/evanw/esbuild/internal/bundler.(*scanner).maybeParseFile in goroutine 37
	github.com/evanw/esbuild/internal/bundler/bundler.go:1538 +0xcff

goroutine 812 [chan receive]:
main.(*serviceType).sendRequest(0xc000116330, {0x7034a0, 0xc001f3ccf0})
	github.com/evanw/esbuild/cmd/esbuild/service.go:192 +0x12b
main.(*serviceType).convertPlugins.func2.4({{0xc002fa6cf0, 0x8b}, {0x782eef, 0x4}, {0x0, 0x0}, {0x0, 0x0}, 0x0})
	github.com/evanw/esbuild/cmd/esbuild/service.go:1084 +0x833
github.com/evanw/esbuild/pkg/api.(*pluginImpl).onLoad.func1({{0x0, 0x0}, {{0xc002fa6cf0, 0x8b}, {0x782eef, 0x4}, {0x0, 
0x0}, {{0x0, 0x0}}, ...}})
	github.com/evanw/esbuild/pkg/api/api_impl.go:1996 +0x190
github.com/evanw/esbuild/internal/bundler.runOnLoadPlugins({0xc000494240?, 0x0?, 0x0?}, {0x870da0?, 0xc000390080}, 
0xc0004941e0, {0xc000280070, 0xc00044c138, 0xc00044c150, 0xc000390020, ...}, ...)
	github.com/evanw/esbuild/internal/bundler/bundler.go:1125 +0xcb5
github.com/evanw/esbuild/internal/bundler.parseFile({{0x870da0, 0xc000390080}, {0xc000280070, 0xc00044c138, 
0xc00044c150, 0xc000390020, 0x6, 0xc00048c2a0}, 0xc0000dd688, 0xc0004941e0, ...})
	github.com/evanw/esbuild/internal/bundler/bundler.go:163 +0x287
created by github.com/evanw/esbuild/internal/bundler.(*scanner).maybeParseFile in goroutine 37
	github.com/evanw/esbuild/internal/bundler/bundler.go:1538 +0xcff

goroutine 813 [chan receive]:
main.(*serviceType).sendRequest(0xc000116330, {0x7034a0, 0xc001f3cd50})
	github.com/evanw/esbuild/cmd/esbuild/service.go:192 +0x12b
main.(*serviceType).convertPlugins.func2.4({{0xc002fa70e0, 0x88}, {0x782eef, 0x4}, {0x0, 0x0}, {0x0, 0x0}, 0x0})
	github.com/evanw/esbuild/cmd/esbuild/service.go:1084 +0x833
github.com/evanw/esbuild/pkg/api.(*pluginImpl).onLoad.func1({{0x0, 0x0}, {{0xc002fa70e0, 0x88}, {0x782eef, 0x4}, {0x0, 
0x0}, {{0x0, 0x0}}, ...}})
	github.com/evanw/esbuild/pkg/api/api_impl.go:1996 +0x190
github.com/evanw/esbuild/internal/bundler.runOnLoadPlugins({0xc000494240?, 0x0?, 0x0?}, {0x870da0?, 0xc000390080}, 
0xc0004941e0, {0xc000280070, 0xc00044c138, 0xc00044c150, 0xc000390020, ...}, ...)
	github.com/evanw/esbuild/internal/bundler/bundler.go:1125 +0xcb5
github.com/evanw/esbuild/internal/bundler.parseFile({{0x870da0, 0xc000390080}, {0xc000280070, 0xc00044c138, 
0xc00044c150, 0xc000390020, 0x6, 0xc00048c2a0}, 0xc0000dd688, 0xc0004941e0, ...})
	github.com/evanw/esbuild/internal/bundler/bundler.go:163 +0x287
created by github.com/evanw/esbuild/internal/bundler.(*scanner).maybeParseFile in goroutine 37
	github.com/evanw/esbuild/internal/bundler/bundler.go:1538 +0xcff

goroutine 814 [chan receive]:
main.(*serviceType).sendRequest(0xc000116330, {0x7034a0, 0xc001f3cdb0})
	github.com/evanw/esbuild/cmd/esbuild/service.go:192 +0x12b
main.(*serviceType).convertPlugins.func2.4({{0xc002cd6000, 0x88}, {0x782eef, 0x4}, {0x0, 0x0}, {0x0, 0x0}, 0x0})
	github.com/evanw/esbuild/cmd/esbuild/service.go:1084 +0x833
github.com/evanw/esbuild/pkg/api.(*pluginImpl).onLoad.func1({{0x0, 0x0}, {{0xc002cd6000, 0x88}, {0x782eef, 0x4}, {0x0, 
0x0}, {{0x0, 0x0}}, ...}})
	github.com/evanw/esbuild/pkg/api/api_impl.go:1996 +0x190
github.com/evanw/esbuild/internal/bundler.runOnLoadPlugins({0xc000494240?, 0x0?, 0x0?}, {0x870da0?, 0xc000390080}, 
0xc0004941e0, {0xc000280070, 0xc00044c138, 0xc00044c150, 0xc000390020, ...}, ...)
	github.com/evanw/esbuild/internal/bundler/bundler.go:1125 +0xcb5
github.com/evanw/esbuild/internal/bundler.parseFile({{0x870da0, 0xc000390080}, {0xc000280070, 0xc00044c138, 
0xc00044c150, 0xc000390020, 0x6, 0xc00048c2a0}, 0xc0000dd688, 0xc0004941e0, ...})
	github.com/evanw/esbuild/internal/bundler/bundler.go:163 +0x287
created by github.com/evanw/esbuild/internal/bundler.(*scanner).maybeParseFile in goroutine 37
	github.com/evanw/esbuild/internal/bundler/bundler.go:1538 +0xcff

goroutine 815 [chan receive]:
main.(*serviceType).sendRequest(0xc000116330, {0x7034a0, 0xc001f3ce10})
	github.com/evanw/esbuild/cmd/esbuild/service.go:192 +0x12b
main.(*serviceType).convertPlugins.func2.4({{0xc002cd6c60, 0x8c}, {0x782eef, 0x4}, {0x0, 0x0}, {0x0, 0x0}, 0x0})
	github.com/evanw/esbuild/cmd/esbuild/service.go:1084 +0x833
github.com/evanw/esbuild/pkg/api.(*pluginImpl).onLoad.func1({{0x0, 0x0}, {{0xc002cd6c60, 0x8c}, {0x782eef, 0x4}, {0x0, 
0x0}, {{0x0, 0x0}}, ...}})
	github.com/evanw/esbuild/pkg/api/api_impl.go:1996 +0x190
github.com/evanw/esbuild/internal/bundler.runOnLoadPlugins({0xc000494240?, 0x0?, 0x0?}, {0x870da0?, 0xc000390080}, 
0xc0004941e0, {0xc000280070, 0xc00044c138, 0xc00044c150, 0xc000390020, ...}, ...)
	github.com/evanw/esbuild/internal/bundler/bundler.go:1125 +0xcb5
github.com/evanw/esbuild/internal/bundler.parseFile({{0x870da0, 0xc000390080}, {0xc000280070, 0xc00044c138, 
0xc00044c150, 0xc000390020, 0x6, 0xc00048c2a0}, 0xc0000dd688, 0xc0004941e0, ...})
	github.com/evanw/esbuild/internal/bundler/bundler.go:163 +0x287
created by github.com/evanw/esbuild/internal/bundler.(*scanner).maybeParseFile in goroutine 37
	github.com/evanw/esbuild/internal/bundler/bundler.go:1538 +0xcff

goroutine 816 [chan receive]:
main.(*serviceType).sendRequest(0xc000116330, {0x7034a0, 0xc001f3ced0})
	github.com/evanw/esbuild/cmd/esbuild/service.go:192 +0x12b
main.(*serviceType).convertPlugins.func2.4({{0xc002d463f0, 0x90}, {0x782eef, 0x4}, {0x0, 0x0}, {0x0, 0x0}, 0x0})
	github.com/evanw/esbuild/cmd/esbuild/service.go:1084 +0x833
github.com/evanw/esbuild/pkg/api.(*pluginImpl).onLoad.func1({{0x0, 0x0}, {{0xc002d463f0, 0x90}, {0x782eef, 0x4}, {0x0, 
0x0}, {{0x0, 0x0}}, ...}})
	github.com/evanw/esbuild/pkg/api/api_impl.go:1996 +0x190
github.com/evanw/esbuild/internal/bundler.runOnLoadPlugins({0xc000494240?, 0x0?, 0x0?}, {0x870da0?, 0xc000390080}, 
0xc0004941e0, {0xc000280070, 0xc00044c138, 0xc00044c150, 0xc000390020, ...}, ...)
	github.com/evanw/esbuild/internal/bundler/bundler.go:1125 +0xcb5
github.com/evanw/esbuild/internal/bundler.parseFile({{0x870da0, 0xc000390080}, {0xc000280070, 0xc00044c138, 
0xc00044c150, 0xc000390020, 0x6, 0xc00048c2a0}, 0xc0000dd688, 0xc0004941e0, ...})
	github.com/evanw/esbuild/internal/bundler/bundler.go:163 +0x287
created by github.com/evanw/esbuild/internal/bundler.(*scanner).maybeParseFile in goroutine 37
	github.com/evanw/esbuild/internal/bundler/bundler.go:1538 +0xcff

goroutine 817 [chan receive]:
main.(*serviceType).sendRequest(0xc000116330, {0x7034a0, 0xc001f3cf30})
	github.com/evanw/esbuild/cmd/esbuild/service.go:192 +0x12b
main.(*serviceType).convertPlugins.func2.4({{0xc002d467e0, 0x8c}, {0x782eef, 0x4}, {0x0, 0x0}, {0x0, 0x0}, 0x0})
	github.com/evanw/esbuild/cmd/esbuild/service.go:1084 +0x833
github.com/evanw/esbuild/pkg/api.(*pluginImpl).onLoad.func1({{0x0, 0x0}, {{0xc002d467e0, 0x8c}, {0x782eef, 0x4}, {0x0, 
0x0}, {{0x0, 0x0}}, ...}})
	github.com/evanw/esbuild/pkg/api/api_impl.go:1996 +0x190
github.com/evanw/esbuild/internal/bundler.runOnLoadPlugins({0xc000494240?, 0x0?, 0x0?}, {0x870da0?, 0xc000390080}, 
0xc0004941e0, {0xc000280070, 0xc00044c138, 0xc00044c150, 0xc000390020, ...}, ...)
	github.com/evanw/esbuild/internal/bundler/bundler.go:1125 +0xcb5
github.com/evanw/esbuild/internal/bundler.parseFile({{0x870da0, 0xc000390080}, {0xc000280070, 0xc00044c138, 
0xc00044c150, 0xc000390020, 0x6, 0xc00048c2a0}, 0xc0000dd688, 0xc0004941e0, ...})
	github.com/evanw/esbuild/internal/bundler/bundler.go:163 +0x287
created by github.com/evanw/esbuild/internal/bundler.(*scanner).maybeParseFile in goroutine 37
	github.com/evanw/esbuild/internal/bundler/bundler.go:1538 +0xcff

goroutine 818 [chan receive]:
main.(*serviceType).sendRequest(0xc000116330, {0x7034a0, 0xc001f3c7b0})
	github.com/evanw/esbuild/cmd/esbuild/service.go:192 +0x12b
main.(*serviceType).convertPlugins.func2.4({{0xc002d46990, 0x8d}, {0x782eef, 0x4}, {0x0, 0x0}, {0x0, 0x0}, 0x0})
	github.com/evanw/esbuild/cmd/esbuild/service.go:1084 +0x833
github.com/evanw/esbuild/pkg/api.(*pluginImpl).onLoad.func1({{0x0, 0x0}, {{0xc002d46990, 0x8d}, {0x782eef, 0x4}, {0x0, 
0x0}, {{0x0, 0x0}}, ...}})
	github.com/evanw/esbuild/pkg/api/api_impl.go:1996 +0x190
github.com/evanw/esbuild/internal/bundler.runOnLoadPlugins({0xc000494240?, 0x0?, 0x0?}, {0x870da0?, 0xc000390080}, 
0xc0004941e0, {0xc000280070, 0xc00044c138, 0xc00044c150, 0xc000390020, ...}, ...)
	github.com/evanw/esbuild/internal/bundler/bundler.go:1125 +0xcb5
github.com/evanw/esbuild/internal/bundler.parseFile({{0x870da0, 0xc000390080}, {0xc000280070, 0xc00044c138, 
0xc00044c150, 0xc000390020, 0x6, 0xc00048c2a0}, 0xc0000dd688, 0xc0004941e0, ...})
	github.com/evanw/esbuild/internal/bundler/bundler.go:163 +0x287
created by github.com/evanw/esbuild/internal/bundler.(*scanner).maybeParseFile in goroutine 37
	github.com/evanw/esbuild/internal/bundler/bundler.go:1538 +0xcff

goroutine 819 [chan receive]:
main.(*serviceType).sendRequest(0xc000116330, {0x7034a0, 0xc001d6e450})
	github.com/evanw/esbuild/cmd/esbuild/service.go:192 +0x12b
main.(*serviceType).convertPlugins.func2.4({{0xc00304c780, 0x9b}, {0x782eef, 0x4}, {0x0, 0x0}, {0x0, 0x0}, 0x0})
	github.com/evanw/esbuild/cmd/esbuild/service.go:1084 +0x833
github.com/evanw/esbuild/pkg/api.(*pluginImpl).onLoad.func1({{0x0, 0x0}, {{0xc00304c780, 0x9b}, {0x782eef, 0x4}, {0x0, 
0x0}, {{0x0, 0x0}}, ...}})
	github.com/evanw/esbuild/pkg/api/api_impl.go:1996 +0x190
github.com/evanw/esbuild/internal/bundler.runOnLoadPlugins({0xc000494240?, 0x2a682b?, 0xc00001e120?}, {0x870da0?, 
0xc000390080}, 0xc0004941e0, {0xc000280070, 0xc00044c138, 0xc00044c150, 0xc000390020, ...}, ...)
	github.com/evanw/esbuild/internal/bundler/bundler.go:1125 +0xcb5
github.com/evanw/esbuild/internal/bundler.parseFile({{0x870da0, 0xc000390080}, {0xc000280070, 0xc00044c138, 
0xc00044c150, 0xc000390020, 0x6, 0xc00048c2a0}, 0xc0000dd688, 0xc0004941e0, ...})
	github.com/evanw/esbuild/internal/bundler/bundler.go:163 +0x287
created by github.com/evanw/esbuild/internal/bundler.(*scanner).maybeParseFile in goroutine 37
	github.com/evanw/esbuild/internal/bundler/bundler.go:1538 +0xcff

goroutine 820 [chan receive]:
main.(*serviceType).sendRequest(0xc000116330, {0x7034a0, 0xc001d6e4b0})
	github.com/evanw/esbuild/cmd/esbuild/service.go:192 +0x12b
main.(*serviceType).convertPlugins.func2.4({{0xc002c547e0, 0x8e}, {0x782eef, 0x4}, {0x0, 0x0}, {0x0, 0x0}, 0x0})
	github.com/evanw/esbuild/cmd/esbuild/service.go:1084 +0x833
github.com/evanw/esbuild/pkg/api.(*pluginImpl).onLoad.func1({{0x0, 0x0}, {{0xc002c547e0, 0x8e}, {0x782eef, 0x4}, {0x0, 
0x0}, {{0x0, 0x0}}, ...}})
	github.com/evanw/esbuild/pkg/api/api_impl.go:1996 +0x190
github.com/evanw/esbuild/internal/bundler.runOnLoadPlugins({0xc000494240?, 0x2a682b?, 0xc00001e120?}, {0x870da0?, 
0xc000390080}, 0xc0004941e0, {0xc000280070, 0xc00044c138, 0xc00044c150, 0xc000390020, ...}, ...)
	github.com/evanw/esbuild/internal/bundler/bundler.go:1125 +0xcb5
github.com/evanw/esbuild/internal/bundler.parseFile({{0x870da0, 0xc000390080}, {0xc000280070, 0xc00044c138, 
0xc00044c150, 0xc000390020, 0x6, 0xc00048c2a0}, 0xc0000dd688, 0xc0004941e0, ...})
	github.com/evanw/esbuild/internal/bundler/bundler.go:163 +0x287
created by github.com/evanw/esbuild/internal/bundler.(*scanner).maybeParseFile in goroutine 37
	github.com/evanw/esbuild/internal/bundler/bundler.go:1538 +0xcff

goroutine 821 [chan receive]:
main.(*serviceType).sendRequest(0xc000116330, {0x7034a0, 0xc001d6e510})
	github.com/evanw/esbuild/cmd/esbuild/service.go:192 +0x12b
main.(*serviceType).convertPlugins.func2.4({{0xc000841b80, 0x91}, {0x782eef, 0x4}, {0x0, 0x0}, {0x0, 0x0}, 0x0})
	github.com/evanw/esbuild/cmd/esbuild/service.go:1084 +0x833
github.com/evanw/esbuild/pkg/api.(*pluginImpl).onLoad.func1({{0x0, 0x0}, {{0xc000841b80, 0x91}, {0x782eef, 0x4}, {0x0, 
0x0}, {{0x0, 0x0}}, ...}})
	github.com/evanw/esbuild/pkg/api/api_impl.go:1996 +0x190
github.com/evanw/esbuild/internal/bundler.runOnLoadPlugins({0xc000494240?, 0x2a682b?, 0xc00001e120?}, {0x870da0?, 
0xc000390080}, 0xc0004941e0, {0xc000280070, 0xc00044c138, 0xc00044c150, 0xc000390020, ...}, ...)
	github.com/evanw/esbuild/internal/bundler/bundler.go:1125 +0xcb5
github.com/evanw/esbuild/internal/bundler.parseFile({{0x870da0, 0xc000390080}, {0xc000280070, 0xc00044c138, 
0xc00044c150, 0xc000390020, 0x6, 0xc00048c2a0}, 0xc0000dd688, 0xc0004941e0, ...})
	github.com/evanw/esbuild/internal/bundler/bundler.go:163 +0x287
created by github.com/evanw/esbuild/internal/bundler.(*scanner).maybeParseFile in goroutine 37
	github.com/evanw/esbuild/internal/bundler/bundler.go:1538 +0xcff

goroutine 822 [chan receive]:
main.(*serviceType).sendRequest(0xc000116330, {0x7034a0, 0xc001d6e570})
	github.com/evanw/esbuild/cmd/esbuild/service.go:192 +0x12b
main.(*serviceType).convertPlugins.func2.4({{0xc002f20780, 0x9b}, {0x782eef, 0x4}, {0x0, 0x0}, {0x0, 0x0}, 0x0})
	github.com/evanw/esbuild/cmd/esbuild/service.go:1084 +0x833
github.com/evanw/esbuild/pkg/api.(*pluginImpl).onLoad.func1({{0x0, 0x0}, {{0xc002f20780, 0x9b}, {0x782eef, 0x4}, {0x0, 
0x0}, {{0x0, 0x0}}, ...}})
	github.com/evanw/esbuild/pkg/api/api_impl.go:1996 +0x190
github.com/evanw/esbuild/internal/bundler.runOnLoadPlugins({0xc000494240?, 0x2a682b?, 0xc00001e120?}, {0x870da0?, 
0xc000390080}, 0xc0004941e0, {0xc000280070, 0xc00044c138, 0xc00044c150, 0xc000390020, ...}, ...)
	github.com/evanw/esbuild/internal/bundler/bundler.go:1125 +0xcb5
github.com/evanw/esbuild/internal/bundler.parseFile({{0x870da0, 0xc000390080}, {0xc000280070, 0xc00044c138, 
0xc00044c150, 0xc000390020, 0x6, 0xc00048c2a0}, 0xc0000dd688, 0xc0004941e0, ...})
	github.com/evanw/esbuild/internal/bundler/bundler.go:163 +0x287
created by github.com/evanw/esbuild/internal/bundler.(*scanner).maybeParseFile in goroutine 37
	github.com/evanw/esbuild/internal/bundler/bundler.go:1538 +0xcff

goroutine 823 [chan receive]:
main.(*serviceType).sendRequest(0xc000116330, {0x7034a0, 0xc001d6e5d0})
	github.com/evanw/esbuild/cmd/esbuild/service.go:192 +0x12b
main.(*serviceType).convertPlugins.func2.4({{0xc002faabe0, 0x91}, {0x782eef, 0x4}, {0x0, 0x0}, {0x0, 0x0}, 0x0})
	github.com/evanw/esbuild/cmd/esbuild/service.go:1084 +0x833
github.com/evanw/esbuild/pkg/api.(*pluginImpl).onLoad.func1({{0x0, 0x0}, {{0xc002faabe0, 0x91}, {0x782eef, 0x4}, {0x0, 
0x0}, {{0x0, 0x0}}, ...}})
	github.com/evanw/esbuild/pkg/api/api_impl.go:1996 +0x190
github.com/evanw/esbuild/internal/bundler.runOnLoadPlugins({0xc000494240?, 0x2a682b?, 0xc00001e120?}, {0x870da0?, 
0xc000390080}, 0xc0004941e0, {0xc000280070, 0xc00044c138, 0xc00044c150, 0xc000390020, ...}, ...)
	github.com/evanw/esbuild/internal/bundler/bundler.go:1125 +0xcb5
github.com/evanw/esbuild/internal/bundler.parseFile({{0x870da0, 0xc000390080}, {0xc000280070, 0xc00044c138, 
0xc00044c150, 0xc000390020, 0x6, 0xc00048c2a0}, 0xc0000dd688, 0xc0004941e0, ...})
	github.com/evanw/esbuild/internal/bundler/bundler.go:163 +0x287
created by github.com/evanw/esbuild/internal/bundler.(*scanner).maybeParseFile in goroutine 37
	github.com/evanw/esbuild/internal/bundler/bundler.go:1538 +0xcff

goroutine 824 [chan receive]:
main.(*serviceType).sendRequest(0xc000116330, {0x7034a0, 0xc001d6e630})
	github.com/evanw/esbuild/cmd/esbuild/service.go:192 +0x12b
main.(*serviceType).convertPlugins.func2.4({{0xc002fab2c0, 0x97}, {0x782eef, 0x4}, {0x0, 0x0}, {0x0, 0x0}, 0x0})
	github.com/evanw/esbuild/cmd/esbuild/service.go:1084 +0x833
github.com/evanw/esbuild/pkg/api.(*pluginImpl).onLoad.func1({{0x0, 0x0}, {{0xc002fab2c0, 0x97}, {0x782eef, 0x4}, {0x0, 
0x0}, {{0x0, 0x0}}, ...}})
	github.com/evanw/esbuild/pkg/api/api_impl.go:1996 +0x190
github.com/evanw/esbuild/internal/bundler.runOnLoadPlugins({0xc000494240?, 0x2a682b?, 0xc00001e120?}, {0x870da0?, 
0xc000390080}, 0xc0004941e0, {0xc000280070, 0xc00044c138, 0xc00044c150, 0xc000390020, ...}, ...)
	github.com/evanw/esbuild/internal/bundler/bundler.go:1125 +0xcb5
github.com/evanw/esbuild/internal/bundler.parseFile({{0x870da0, 0xc000390080}, {0xc000280070, 0xc00044c138, 
0xc00044c150, 0xc000390020, 0x6, 0xc00048c2a0}, 0xc0000dd688, 0xc0004941e0, ...})
	github.com/evanw/esbuild/internal/bundler/bundler.go:163 +0x287
created by github.com/evanw/esbuild/internal/bundler.(*scanner).maybeParseFile in goroutine 37
	github.com/evanw/esbuild/internal/bundler/bundler.go:1538 +0xcff

goroutine 825 [chan receive]:
main.(*serviceType).sendRequest(0xc000116330, {0x7034a0, 0xc001d6e690})
	github.com/evanw/esbuild/cmd/esbuild/service.go:192 +0x12b
main.(*serviceType).convertPlugins.func2.4({{0xc002fab720, 0x96}, {0x782eef, 0x4}, {0x0, 0x0}, {0x0, 0x0}, 0x0})
	github.com/evanw/esbuild/cmd/esbuild/service.go:1084 +0x833
github.com/evanw/esbuild/pkg/api.(*pluginImpl).onLoad.func1({{0x0, 0x0}, {{0xc002fab720, 0x96}, {0x782eef, 0x4}, {0x0, 
0x0}, {{0x0, 0x0}}, ...}})
	github.com/evanw/esbuild/pkg/api/api_impl.go:1996 +0x190
github.com/evanw/esbuild/internal/bundler.runOnLoadPlugins({0xc000494240?, 0x2a682b?, 0xc00001e120?}, {0x870da0?, 
0xc000390080}, 0xc0004941e0, {0xc000280070, 0xc00044c138, 0xc00044c150, 0xc000390020, ...}, ...)
	github.com/evanw/esbuild/internal/bundler/bundler.go:1125 +0xcb5
github.com/evanw/esbuild/internal/bundler.parseFile({{0x870da0, 0xc000390080}, {0xc000280070, 0xc00044c138, 
0xc00044c150, 0xc000390020, 0x6, 0xc00048c2a0}, 0xc0000dd688, 0xc0004941e0, ...})
	github.com/evanw/esbuild/internal/bundler/bundler.go:163 +0x287
created by github.com/evanw/esbuild/internal/bundler.(*scanner).maybeParseFile in goroutine 37
	github.com/evanw/esbuild/internal/bundler/bundler.go:1538 +0xcff

goroutine 826 [chan receive]:
main.(*serviceType).sendRequest(0xc000116330, {0x7034a0, 0xc001d6e6f0})
	github.com/evanw/esbuild/cmd/esbuild/service.go:192 +0x12b
main.(*serviceType).convertPlugins.func2.4({{0xc002076500, 0x9a}, {0x782eef, 0x4}, {0x0, 0x0}, {0x0, 0x0}, 0x0})
	github.com/evanw/esbuild/cmd/esbuild/service.go:1084 +0x833
github.com/evanw/esbuild/pkg/api.(*pluginImpl).onLoad.func1({{0x0, 0x0}, {{0xc002076500, 0x9a}, {0x782eef, 0x4}, {0x0, 
0x0}, {{0x0, 0x0}}, ...}})
	github.com/evanw/esbuild/pkg/api/api_impl.go:1996 +0x190
github.com/evanw/esbuild/internal/bundler.runOnLoadPlugins({0xc000494240?, 0x2a682b?, 0xc00001e120?}, {0x870da0?, 
0xc000390080}, 0xc0004941e0, {0xc000280070, 0xc00044c138, 0xc00044c150, 0xc000390020, ...}, ...)
	github.com/evanw/esbuild/internal/bundler/bundler.go:1125 +0xcb5
github.com/evanw/esbuild/internal/bundler.parseFile({{0x870da0, 0xc000390080}, {0xc000280070, 0xc00044c138, 
0xc00044c150, 0xc000390020, 0x6, 0xc00048c2a0}, 0xc0000dd688, 0xc0004941e0, ...})
	github.com/evanw/esbuild/internal/bundler/bundler.go:163 +0x287
created by github.com/evanw/esbuild/internal/bundler.(*scanner).maybeParseFile in goroutine 37
	github.com/evanw/esbuild/internal/bundler/bundler.go:1538 +0xcff

goroutine 827 [chan receive]:
main.(*serviceType).sendRequest(0xc000116330, {0x7034a0, 0xc001d6e750})
	github.com/evanw/esbuild/cmd/esbuild/service.go:192 +0x12b
main.(*serviceType).convertPlugins.func2.4({{0xc002f208c0, 0x97}, {0x782eef, 0x4}, {0x0, 0x0}, {0x0, 0x0}, 0x0})
	github.com/evanw/esbuild/cmd/esbuild/service.go:1084 +0x833
github.com/evanw/esbuild/pkg/api.(*pluginImpl).onLoad.func1({{0x0, 0x0}, {{0xc002f208c0, 0x97}, {0x782eef, 0x4}, {0x0, 
0x0}, {{0x0, 0x0}}, ...}})
	github.com/evanw/esbuild/pkg/api/api_impl.go:1996 +0x190
github.com/evanw/esbuild/internal/bundler.runOnLoadPlugins({0xc000494240?, 0x2a682b?, 0xc00001e120?}, {0x870da0?, 
0xc000390080}, 0xc0004941e0, {0xc000280070, 0xc00044c138, 0xc00044c150, 0xc000390020, ...}, ...)
	github.com/evanw/esbuild/internal/bundler/bundler.go:1125 +0xcb5
github.com/evanw/esbuild/internal/bundler.parseFile({{0x870da0, 0xc000390080}, {0xc000280070, 0xc00044c138, 
0xc00044c150, 0xc000390020, 0x6, 0xc00048c2a0}, 0xc0000dd688, 0xc0004941e0, ...})
	github.com/evanw/esbuild/internal/bundler/bundler.go:163 +0x287
created by github.com/evanw/esbuild/internal/bundler.(*scanner).maybeParseFile in goroutine 37
	github.com/evanw/esbuild/internal/bundler/bundler.go:1538 +0xcff

goroutine 828 [chan receive]:
main.(*serviceType).sendRequest(0xc000116330, {0x7034a0, 0xc001d6e7b0})
	github.com/evanw/esbuild/cmd/esbuild/service.go:192 +0x12b
main.(*serviceType).convertPlugins.func2.4({{0xc002c55b90, 0x90}, {0x782eef, 0x4}, {0x0, 0x0}, {0x0, 0x0}, 0x0})
	github.com/evanw/esbuild/cmd/esbuild/service.go:1084 +0x833
github.com/evanw/esbuild/pkg/api.(*pluginImpl).onLoad.func1({{0x0, 0x0}, {{0xc002c55b90, 0x90}, {0x782eef, 0x4}, {0x0, 
0x0}, {{0x0, 0x0}}, ...}})
	github.com/evanw/esbuild/pkg/api/api_impl.go:1996 +0x190
github.com/evanw/esbuild/internal/bundler.runOnLoadPlugins({0xc000494240?, 0x2a682b?, 0xc00001e120?}, {0x870da0?, 
0xc000390080}, 0xc0004941e0, {0xc000280070, 0xc00044c138, 0xc00044c150, 0xc000390020, ...}, ...)
	github.com/evanw/esbuild/internal/bundler/bundler.go:1125 +0xcb5
github.com/evanw/esbuild/internal/bundler.parseFile({{0x870da0, 0xc000390080}, {0xc000280070, 0xc00044c138, 
0xc00044c150, 0xc000390020, 0x6, 0xc00048c2a0}, 0xc0000dd688, 0xc0004941e0, ...})
	github.com/evanw/esbuild/internal/bundler/bundler.go:163 +0x287
created by github.com/evanw/esbuild/internal/bundler.(*scanner).maybeParseFile in goroutine 37
	github.com/evanw/esbuild/internal/bundler/bundler.go:1538 +0xcff

goroutine 829 [chan receive]:
main.(*serviceType).sendRequest(0xc000116330, {0x7034a0, 0xc001d6e810})
	github.com/evanw/esbuild/cmd/esbuild/service.go:192 +0x12b
main.(*serviceType).convertPlugins.func2.4({{0xc002077040, 0x95}, {0x782eef, 0x4}, {0x0, 0x0}, {0x0, 0x0}, 0x0})
	github.com/evanw/esbuild/cmd/esbuild/service.go:1084 +0x833
github.com/evanw/esbuild/pkg/api.(*pluginImpl).onLoad.func1({{0x0, 0x0}, {{0xc002077040, 0x95}, {0x782eef, 0x4}, {0x0, 
0x0}, {{0x0, 0x0}}, ...}})
	github.com/evanw/esbuild/pkg/api/api_impl.go:1996 +0x190
github.com/evanw/esbuild/internal/bundler.runOnLoadPlugins({0xc000494240?, 0x2a682b?, 0xc00001e120?}, {0x870da0?, 
0xc000390080}, 0xc0004941e0, {0xc000280070, 0xc00044c138, 0xc00044c150, 0xc000390020, ...}, ...)
	github.com/evanw/esbuild/internal/bundler/bundler.go:1125 +0xcb5
github.com/evanw/esbuild/internal/bundler.parseFile({{0x870da0, 0xc000390080}, {0xc000280070, 0xc00044c138, 
0xc00044c150, 0xc000390020, 0x6, 0xc00048c2a0}, 0xc0000dd688, 0xc0004941e0, ...})
	github.com/evanw/esbuild/internal/bundler/bundler.go:163 +0x287
created by github.com/evanw/esbuild/internal/bundler.(*scanner).maybeParseFile in goroutine 37
	github.com/evanw/esbuild/internal/bundler/bundler.go:1538 +0xcff

goroutine 830 [chan receive]:
main.(*serviceType).sendRequest(0xc000116330, {0x7034a0, 0xc001d6e870})
	github.com/evanw/esbuild/cmd/esbuild/service.go:192 +0x12b
main.(*serviceType).convertPlugins.func2.4({{0xc0006dd4d0, 0x8f}, {0x782eef, 0x4}, {0x0, 0x0}, {0x0, 0x0}, 0x0})
	github.com/evanw/esbuild/cmd/esbuild/service.go:1084 +0x833
github.com/evanw/esbuild/pkg/api.(*pluginImpl).onLoad.func1({{0x0, 0x0}, {{0xc0006dd4d0, 0x8f}, {0x782eef, 0x4}, {0x0, 
0x0}, {{0x0, 0x0}}, ...}})
	github.com/evanw/esbuild/pkg/api/api_impl.go:1996 +0x190
github.com/evanw/esbuild/internal/bundler.runOnLoadPlugins({0xc000494240?, 0x2a682b?, 0xc00001e120?}, {0x870da0?, 
0xc000390080}, 0xc0004941e0, {0xc000280070, 0xc00044c138, 0xc00044c150, 0xc000390020, ...}, ...)
	github.com/evanw/esbuild/internal/bundler/bundler.go:1125 +0xcb5
github.com/evanw/esbuild/internal/bundler.parseFile({{0x870da0, 0xc000390080}, {0xc000280070, 0xc00044c138, 
0xc00044c150, 0xc000390020, 0x6, 0xc00048c2a0}, 0xc0000dd688, 0xc0004941e0, ...})
	github.com/evanw/esbuild/internal/bundler/bundler.go:163 +0x287
created by github.com/evanw/esbuild/internal/bundler.(*scanner).maybeParseFile in goroutine 37
	github.com/evanw/esbuild/internal/bundler/bundler.go:1538 +0xcff

goroutine 831 [chan receive]:
main.(*serviceType).sendRequest(0xc000116330, {0x7034a0, 0xc001d6e8d0})
	github.com/evanw/esbuild/cmd/esbuild/service.go:192 +0x12b
main.(*serviceType).convertPlugins.func2.4({{0xc0006dde60, 0x8f}, {0x782eef, 0x4}, {0x0, 0x0}, {0x0, 0x0}, 0x0})
	github.com/evanw/esbuild/cmd/esbuild/service.go:1084 +0x833
github.com/evanw/esbuild/pkg/api.(*pluginImpl).onLoad.func1({{0x0, 0x0}, {{0xc0006dde60, 0x8f}, {0x782eef, 0x4}, {0x0, 
0x0}, {{0x0, 0x0}}, ...}})
	github.com/evanw/esbuild/pkg/api/api_impl.go:1996 +0x190
github.com/evanw/esbuild/internal/bundler.runOnLoadPlugins({0xc000494240?, 0x2a682b?, 0xc00001e120?}, {0x870da0?, 
0xc000390080}, 0xc0004941e0, {0xc000280070, 0xc00044c138, 0xc00044c150, 0xc000390020, ...}, ...)
	github.com/evanw/esbuild/internal/bundler/bundler.go:1125 +0xcb5
github.com/evanw/esbuild/internal/bundler.parseFile({{0x870da0, 0xc000390080}, {0xc000280070, 0xc00044c138, 
0xc00044c150, 0xc000390020, 0x6, 0xc00048c2a0}, 0xc0000dd688, 0xc0004941e0, ...})
	github.com/evanw/esbuild/internal/bundler/bundler.go:163 +0x287
created by github.com/evanw/esbuild/internal/bundler.(*scanner).maybeParseFile in goroutine 37
	github.com/evanw/esbuild/internal/bundler/bundler.go:1538 +0xcff

goroutine 832 [chan receive]:
main.(*serviceType).sendRequest(0xc000116330, {0x7034a0, 0xc001d6e930})
	github.com/evanw/esbuild/cmd/esbuild/service.go:192 +0x12b
main.(*serviceType).convertPlugins.func2.4({{0xc000740960, 0x92}, {0x782eef, 0x4}, {0x0, 0x0}, {0x0, 0x0}, 0x0})
	github.com/evanw/esbuild/cmd/esbuild/service.go:1084 +0x833
github.com/evanw/esbuild/pkg/api.(*pluginImpl).onLoad.func1({{0x0, 0x0}, {{0xc000740960, 0x92}, {0x782eef, 0x4}, {0x0, 
0x0}, {{0x0, 0x0}}, ...}})
	github.com/evanw/esbuild/pkg/api/api_impl.go:1996 +0x190
github.com/evanw/esbuild/internal/bundler.runOnLoadPlugins({0xc000494240?, 0x2a682b?, 0xc00001e120?}, {0x870da0?, 
0xc000390080}, 0xc0004941e0, {0xc000280070, 0xc00044c138, 0xc00044c150, 0xc000390020, ...}, ...)
	github.com/evanw/esbuild/internal/bundler/bundler.go:1125 +0xcb5
github.com/evanw/esbuild/internal/bundler.parseFile({{0x870da0, 0xc000390080}, {0xc000280070, 0xc00044c138, 
0xc00044c150, 0xc000390020, 0x6, 0xc00048c2a0}, 0xc0000dd688, 0xc0004941e0, ...})
	github.com/evanw/esbuild/internal/bundler/bundler.go:163 +0x287
created by github.com/evanw/esbuild/internal/bundler.(*scanner).maybeParseFile in goroutine 37
	github.com/evanw/esbuild/internal/bundler/bundler.go:1538 +0xcff

goroutine 833 [chan receive]:
main.(*serviceType).sendRequest(0xc000116330, {0x7034a0, 0xc001d6e990})
	github.com/evanw/esbuild/cmd/esbuild/service.go:192 +0x12b
main.(*serviceType).convertPlugins.func2.4({{0xc0008b78c0, 0x8e}, {0x782eef, 0x4}, {0x0, 0x0}, {0x0, 0x0}, 0x0})
	github.com/evanw/esbuild/cmd/esbuild/service.go:1084 +0x833
github.com/evanw/esbuild/pkg/api.(*pluginImpl).onLoad.func1({{0x0, 0x0}, {{0xc0008b78c0, 0x8e}, {0x782eef, 0x4}, {0x0, 
0x0}, {{0x0, 0x0}}, ...}})
	github.com/evanw/esbuild/pkg/api/api_impl.go:1996 +0x190
github.com/evanw/esbuild/internal/bundler.runOnLoadPlugins({0xc000494240?, 0x2a682b?, 0xc00001e120?}, {0x870da0?, 
0xc000390080}, 0xc0004941e0, {0xc000280070, 0xc00044c138, 0xc00044c150, 0xc000390020, ...}, ...)
	github.com/evanw/esbuild/internal/bundler/bundler.go:1125 +0xcb5
github.com/evanw/esbuild/internal/bundler.parseFile({{0x870da0, 0xc000390080}, {0xc000280070, 0xc00044c138, 
0xc00044c150, 0xc000390020, 0x6, 0xc00048c2a0}, 0xc0000dd688, 0xc0004941e0, ...})
	github.com/evanw/esbuild/internal/bundler/bundler.go:163 +0x287
created by github.com/evanw/esbuild/internal/bundler.(*scanner).maybeParseFile in goroutine 37
	github.com/evanw/esbuild/internal/bundler/bundler.go:1538 +0xcff

goroutine 834 [chan receive]:
main.(*serviceType).sendRequest(0xc000116330, {0x7034a0, 0xc001d6e9f0})
	github.com/evanw/esbuild/cmd/esbuild/service.go:192 +0x12b
main.(*serviceType).convertPlugins.func2.4({{0xc002077540, 0x93}, {0x782eef, 0x4}, {0x0, 0x0}, {0x0, 0x0}, 0x0})
	github.com/evanw/esbuild/cmd/esbuild/service.go:1084 +0x833
github.com/evanw/esbuild/pkg/api.(*pluginImpl).onLoad.func1({{0x0, 0x0}, {{0xc002077540, 0x93}, {0x782eef, 0x4}, {0x0, 
0x0}, {{0x0, 0x0}}, ...}})
	github.com/evanw/esbuild/pkg/api/api_impl.go:1996 +0x190
github.com/evanw/esbuild/internal/bundler.runOnLoadPlugins({0xc000494240?, 0x2a682b?, 0xc00001e120?}, {0x870da0?, 
0xc000390080}, 0xc0004941e0, {0xc000280070, 0xc00044c138, 0xc00044c150, 0xc000390020, ...}, ...)
	github.com/evanw/esbuild/internal/bundler/bundler.go:1125 +0xcb5
github.com/evanw/esbuild/internal/bundler.parseFile({{0x870da0, 0xc000390080}, {0xc000280070, 0xc00044c138, 
0xc00044c150, 0xc000390020, 0x6, 0xc00048c2a0}, 0xc0000dd688, 0xc0004941e0, ...})
	github.com/evanw/esbuild/internal/bundler/bundler.go:163 +0x287
created by github.com/evanw/esbuild/internal/bundler.(*scanner).maybeParseFile in goroutine 37
	github.com/evanw/esbuild/internal/bundler/bundler.go:1538 +0xcff

goroutine 835 [chan receive]:
main.(*serviceType).sendRequest(0xc000116330, {0x7034a0, 0xc001d6ea50})
	github.com/evanw/esbuild/cmd/esbuild/service.go:192 +0x12b
main.(*serviceType).convertPlugins.func2.4({{0xc000740f00, 0x9a}, {0x782eef, 0x4}, {0x0, 0x0}, {0x0, 0x0}, 0x0})
	github.com/evanw/esbuild/cmd/esbuild/service.go:1084 +0x833
github.com/evanw/esbuild/pkg/api.(*pluginImpl).onLoad.func1({{0x0, 0x0}, {{0xc000740f00, 0x9a}, {0x782eef, 0x4}, {0x0, 
0x0}, {{0x0, 0x0}}, ...}})
	github.com/evanw/esbuild/pkg/api/api_impl.go:1996 +0x190
github.com/evanw/esbuild/internal/bundler.runOnLoadPlugins({0xc000494240?, 0x2a682b?, 0xc00001e120?}, {0x870da0?, 
0xc000390080}, 0xc0004941e0, {0xc000280070, 0xc00044c138, 0xc00044c150, 0xc000390020, ...}, ...)
	github.com/evanw/esbuild/internal/bundler/bundler.go:1125 +0xcb5
github.com/evanw/esbuild/internal/bundler.parseFile({{0x870da0, 0xc000390080}, {0xc000280070, 0xc00044c138, 
0xc00044c150, 0xc000390020, 0x6, 0xc00048c2a0}, 0xc0000dd688, 0xc0004941e0, ...})
	github.com/evanw/esbuild/internal/bundler/bundler.go:163 +0x287
created by github.com/evanw/esbuild/internal/bundler.(*scanner).maybeParseFile in goroutine 37
	github.com/evanw/esbuild/internal/bundler/bundler.go:1538 +0xcff

goroutine 836 [chan receive]:
main.(*serviceType).sendRequest(0xc000116330, {0x7034a0, 0xc001d6eab0})
	github.com/evanw/esbuild/cmd/esbuild/service.go:192 +0x12b
main.(*serviceType).convertPlugins.func2.4({{0xc0007419a0, 0x92}, {0x782eef, 0x4}, {0x0, 0x0}, {0x0, 0x0}, 0x0})
	github.com/evanw/esbuild/cmd/esbuild/service.go:1084 +0x833
github.com/evanw/esbuild/pkg/api.(*pluginImpl).onLoad.func1({{0x0, 0x0}, {{0xc0007419a0, 0x92}, {0x782eef, 0x4}, {0x0, 
0x0}, {{0x0, 0x0}}, ...}})
	github.com/evanw/esbuild/pkg/api/api_impl.go:1996 +0x190
github.com/evanw/esbuild/internal/bundler.runOnLoadPlugins({0xc000494240?, 0x2a682b?, 0xc00001e120?}, {0x870da0?, 
0xc000390080}, 0xc0004941e0, {0xc000280070, 0xc00044c138, 0xc00044c150, 0xc000390020, ...}, ...)
	github.com/evanw/esbuild/internal/bundler/bundler.go:1125 +0xcb5
github.com/evanw/esbuild/internal/bundler.parseFile({{0x870da0, 0xc000390080}, {0xc000280070, 0xc00044c138, 
0xc00044c150, 0xc000390020, 0x6, 0xc00048c2a0}, 0xc0000dd688, 0xc0004941e0, ...})
	github.com/evanw/esbuild/internal/bundler/bundler.go:163 +0x287
created by github.com/evanw/esbuild/internal/bundler.(*scanner).maybeParseFile in goroutine 37
	github.com/evanw/esbuild/internal/bundler/bundler.go:1538 +0xcff

goroutine 837 [chan receive]:
main.(*serviceType).sendRequest(0xc000116330, {0x7034a0, 0xc001d6eb10})
	github.com/evanw/esbuild/cmd/esbuild/service.go:192 +0x12b
main.(*serviceType).convertPlugins.func2.4({{0xc0016f3d40, 0x8d}, {0x782eef, 0x4}, {0x0, 0x0}, {0x0, 0x0}, 0x0})
	github.com/evanw/esbuild/cmd/esbuild/service.go:1084 +0x833
github.com/evanw/esbuild/pkg/api.(*pluginImpl).onLoad.func1({{0x0, 0x0}, {{0xc0016f3d40, 0x8d}, {0x782eef, 0x4}, {0x0, 
0x0}, {{0x0, 0x0}}, ...}})
	github.com/evanw/esbuild/pkg/api/api_impl.go:1996 +0x190
github.com/evanw/esbuild/internal/bundler.runOnLoadPlugins({0xc000494240?, 0x2a682b?, 0xc00001e120?}, {0x870da0?, 
0xc000390080}, 0xc0004941e0, {0xc000280070, 0xc00044c138, 0xc00044c150, 0xc000390020, ...}, ...)
	github.com/evanw/esbuild/internal/bundler/bundler.go:1125 +0xcb5
github.com/evanw/esbuild/internal/bundler.parseFile({{0x870da0, 0xc000390080}, {0xc000280070, 0xc00044c138, 
0xc00044c150, 0xc000390020, 0x6, 0xc00048c2a0}, 0xc0000dd688, 0xc0004941e0, ...})
	github.com/evanw/esbuild/internal/bundler/bundler.go:163 +0x287
created by github.com/evanw/esbuild/internal/bundler.(*scanner).maybeParseFile in goroutine 37
	github.com/evanw/esbuild/internal/bundler/bundler.go:1538 +0xcff

goroutine 838 [chan receive]:
main.(*serviceType).sendRequest(0xc000116330, {0x7034a0, 0xc001d6eb70})
	github.com/evanw/esbuild/cmd/esbuild/service.go:192 +0x12b
main.(*serviceType).convertPlugins.func2.4({{0xc002077900, 0x92}, {0x782eef, 0x4}, {0x0, 0x0}, {0x0, 0x0}, 0x0})
	github.com/evanw/esbuild/cmd/esbuild/service.go:1084 +0x833
github.com/evanw/esbuild/pkg/api.(*pluginImpl).onLoad.func1({{0x0, 0x0}, {{0xc002077900, 0x92}, {0x782eef, 0x4}, {0x0, 
0x0}, {{0x0, 0x0}}, ...}})
	github.com/evanw/esbuild/pkg/api/api_impl.go:1996 +0x190
github.com/evanw/esbuild/internal/bundler.runOnLoadPlugins({0xc000494240?, 0x2a682b?, 0xc00001e120?}, {0x870da0?, 
0xc000390080}, 0xc0004941e0, {0xc000280070, 0xc00044c138, 0xc00044c150, 0xc000390020, ...}, ...)
	github.com/evanw/esbuild/internal/bundler/bundler.go:1125 +0xcb5
github.com/evanw/esbuild/internal/bundler.parseFile({{0x870da0, 0xc000390080}, {0xc000280070, 0xc00044c138, 
0xc00044c150, 0xc000390020, 0x6, 0xc00048c2a0}, 0xc0000dd688, 0xc0004941e0, ...})
	github.com/evanw/esbuild/internal/bundler/bundler.go:163 +0x287
created by github.com/evanw/esbuild/internal/bundler.(*scanner).maybeParseFile in goroutine 37
	github.com/evanw/esbuild/internal/bundler/bundler.go:1538 +0xcff

goroutine 839 [chan receive]:
main.(*serviceType).sendRequest(0xc000116330, {0x7034a0, 0xc001d6ebd0})
	github.com/evanw/esbuild/cmd/esbuild/service.go:192 +0x12b
main.(*serviceType).convertPlugins.func2.4({{0xc001a5e7e0, 0x8f}, {0x782eef, 0x4}, {0x0, 0x0}, {0x0, 0x0}, 0x0})
	github.com/evanw/esbuild/cmd/esbuild/service.go:1084 +0x833
github.com/evanw/esbuild/pkg/api.(*pluginImpl).onLoad.func1({{0x0, 0x0}, {{0xc001a5e7e0, 0x8f}, {0x782eef, 0x4}, {0x0, 
0x0}, {{0x0, 0x0}}, ...}})
	github.com/evanw/esbuild/pkg/api/api_impl.go:1996 +0x190
github.com/evanw/esbuild/internal/bundler.runOnLoadPlugins({0xc000494240?, 0x2a682b?, 0xc00001e120?}, {0x870da0?, 
0xc000390080}, 0xc0004941e0, {0xc000280070, 0xc00044c138, 0xc00044c150, 0xc000390020, ...}, ...)
	github.com/evanw/esbuild/internal/bundler/bundler.go:1125 +0xcb5
github.com/evanw/esbuild/internal/bundler.parseFile({{0x870da0, 0xc000390080}, {0xc000280070, 0xc00044c138, 
0xc00044c150, 0xc000390020, 0x6, 0xc00048c2a0}, 0xc0000dd688, 0xc0004941e0, ...})
	github.com/evanw/esbuild/internal/bundler/bundler.go:163 +0x287
created by github.com/evanw/esbuild/internal/bundler.(*scanner).maybeParseFile in goroutine 37
	github.com/evanw/esbuild/internal/bundler/bundler.go:1538 +0xcff

goroutine 840 [chan receive]:
main.(*serviceType).sendRequest(0xc000116330, {0x7034a0, 0xc001d6ec30})
	github.com/evanw/esbuild/cmd/esbuild/service.go:192 +0x12b
main.(*serviceType).convertPlugins.func2.4({{0xc001a5f0e0, 0x8f}, {0x782eef, 0x4}, {0x0, 0x0}, {0x0, 0x0}, 0x0})
	github.com/evanw/esbuild/cmd/esbuild/service.go:1084 +0x833
github.com/evanw/esbuild/pkg/api.(*pluginImpl).onLoad.func1({{0x0, 0x0}, {{0xc001a5f0e0, 0x8f}, {0x782eef, 0x4}, {0x0, 
0x0}, {{0x0, 0x0}}, ...}})
	github.com/evanw/esbuild/pkg/api/api_impl.go:1996 +0x190
github.com/evanw/esbuild/internal/bundler.runOnLoadPlugins({0xc000494240?, 0x2a682b?, 0xc00001e120?}, {0x870da0?, 
0xc000390080}, 0xc0004941e0, {0xc000280070, 0xc00044c138, 0xc00044c150, 0xc000390020, ...}, ...)
	github.com/evanw/esbuild/internal/bundler/bundler.go:1125 +0xcb5
github.com/evanw/esbuild/internal/bundler.parseFile({{0x870da0, 0xc000390080}, {0xc000280070, 0xc00044c138, 
0xc00044c150, 0xc000390020, 0x6, 0xc00048c2a0}, 0xc0000dd688, 0xc0004941e0, ...})
	github.com/evanw/esbuild/internal/bundler/bundler.go:163 +0x287
created by github.com/evanw/esbuild/internal/bundler.(*scanner).maybeParseFile in goroutine 37
	github.com/evanw/esbuild/internal/bundler/bundler.go:1538 +0xcff

goroutine 841 [chan receive]:
main.(*serviceType).sendRequest(0xc000116330, {0x7034a0, 0xc001d6ec90})
	github.com/evanw/esbuild/cmd/esbuild/service.go:192 +0x12b
main.(*serviceType).convertPlugins.func2.4({{0xc000bf1680, 0x8c}, {0x782eef, 0x4}, {0x0, 0x0}, {0x0, 0x0}, 0x0})
	github.com/evanw/esbuild/cmd/esbuild/service.go:1084 +0x833
github.com/evanw/esbuild/pkg/api.(*pluginImpl).onLoad.func1({{0x0, 0x0}, {{0xc000bf1680, 0x8c}, {0x782eef, 0x4}, {0x0, 
0x0}, {{0x0, 0x0}}, ...}})
	github.com/evanw/esbuild/pkg/api/api_impl.go:1996 +0x190
github.com/evanw/esbuild/internal/bundler.runOnLoadPlugins({0xc000494240?, 0x2a682b?, 0xc00001e120?}, {0x870da0?, 
0xc000390080}, 0xc0004941e0, {0xc000280070, 0xc00044c138, 0xc00044c150, 0xc000390020, ...}, ...)
	github.com/evanw/esbuild/internal/bundler/bundler.go:1125 +0xcb5
github.com/evanw/esbuild/internal/bundler.parseFile({{0x870da0, 0xc000390080}, {0xc000280070, 0xc00044c138, 
0xc00044c150, 0xc000390020, 0x6, 0xc00048c2a0}, 0xc0000dd688, 0xc0004941e0, ...})
	github.com/evanw/esbuild/internal/bundler/bundler.go:163 +0x287
created by github.com/evanw/esbuild/internal/bundler.(*scanner).maybeParseFile in goroutine 37
	github.com/evanw/esbuild/internal/bundler/bundler.go:1538 +0xcff

goroutine 842 [chan receive]:
main.(*serviceType).sendRequest(0xc000116330, {0x7034a0, 0xc001d6ecf0})
	github.com/evanw/esbuild/cmd/esbuild/service.go:192 +0x12b
main.(*serviceType).convertPlugins.func2.4({{0xc000195400, 0x9b}, {0x782eef, 0x4}, {0x0, 0x0}, {0x0, 0x0}, 0x0})
	github.com/evanw/esbuild/cmd/esbuild/service.go:1084 +0x833
github.com/evanw/esbuild/pkg/api.(*pluginImpl).onLoad.func1({{0x0, 0x0}, {{0xc000195400, 0x9b}, {0x782eef, 0x4}, {0x0, 
0x0}, {{0x0, 0x0}}, ...}})
	github.com/evanw/esbuild/pkg/api/api_impl.go:1996 +0x190
github.com/evanw/esbuild/internal/bundler.runOnLoadPlugins({0xc000494240?, 0x2a682b?, 0xc00001e120?}, {0x870da0?, 
0xc000390080}, 0xc0004941e0, {0xc000280070, 0xc00044c138, 0xc00044c150, 0xc000390020, ...}, ...)
	github.com/evanw/esbuild/internal/bundler/bundler.go:1125 +0xcb5
github.com/evanw/esbuild/internal/bundler.parseFile({{0x870da0, 0xc000390080}, {0xc000280070, 0xc00044c138, 
0xc00044c150, 0xc000390020, 0x6, 0xc00048c2a0}, 0xc0000dd688, 0xc0004941e0, ...})
	github.com/evanw/esbuild/internal/bundler/bundler.go:163 +0x287
created by github.com/evanw/esbuild/internal/bundler.(*scanner).maybeParseFile in goroutine 37
	github.com/evanw/esbuild/internal/bundler/bundler.go:1538 +0xcff

goroutine 843 [chan receive]:
main.(*serviceType).sendRequest(0xc000116330, {0x7034a0, 0xc001d6ed50})
	github.com/evanw/esbuild/cmd/esbuild/service.go:192 +0x12b
main.(*serviceType).convertPlugins.func2.4({{0xc000738ab0, 0x8f}, {0x782eef, 0x4}, {0x0, 0x0}, {0x0, 0x0}, 0x0})
	github.com/evanw/esbuild/cmd/esbuild/service.go:1084 +0x833
github.com/evanw/esbuild/pkg/api.(*pluginImpl).onLoad.func1({{0x0, 0x0}, {{0xc000738ab0, 0x8f}, {0x782eef, 0x4}, {0x0, 
0x0}, {{0x0, 0x0}}, ...}})
	github.com/evanw/esbuild/pkg/api/api_impl.go:1996 +0x190
github.com/evanw/esbuild/internal/bundler.runOnLoadPlugins({0xc000494240?, 0x2a682b?, 0xc00001e120?}, {0x870da0?, 
0xc000390080}, 0xc0004941e0, {0xc000280070, 0xc00044c138, 0xc00044c150, 0xc000390020, ...}, ...)
	github.com/evanw/esbuild/internal/bundler/bundler.go:1125 +0xcb5
github.com/evanw/esbuild/internal/bundler.parseFile({{0x870da0, 0xc000390080}, {0xc000280070, 0xc00044c138, 
0xc00044c150, 0xc000390020, 0x6, 0xc00048c2a0}, 0xc0000dd688, 0xc0004941e0, ...})
	github.com/evanw/esbuild/internal/bundler/bundler.go:163 +0x287
created by github.com/evanw/esbuild/internal/bundler.(*scanner).maybeParseFile in goroutine 37
	github.com/evanw/esbuild/internal/bundler/bundler.go:1538 +0xcff

goroutine 844 [chan receive]:
main.(*serviceType).sendRequest(0xc000116330, {0x7034a0, 0xc001d6edb0})
	github.com/evanw/esbuild/cmd/esbuild/service.go:192 +0x12b
main.(*serviceType).convertPlugins.func2.4({{0xc000092820, 0x93}, {0x782eef, 0x4}, {0x0, 0x0}, {0x0, 0x0}, 0x0})
	github.com/evanw/esbuild/cmd/esbuild/service.go:1084 +0x833
github.com/evanw/esbuild/pkg/api.(*pluginImpl).onLoad.func1({{0x0, 0x0}, {{0xc000092820, 0x93}, {0x782eef, 0x4}, {0x0, 
0x0}, {{0x0, 0x0}}, ...}})
	github.com/evanw/esbuild/pkg/api/api_impl.go:1996 +0x190
github.com/evanw/esbuild/internal/bundler.runOnLoadPlugins({0xc000494240?, 0x2a682b?, 0xc00001e120?}, {0x870da0?, 
0xc000390080}, 0xc0004941e0, {0xc000280070, 0xc00044c138, 0xc00044c150, 0xc000390020, ...}, ...)
	github.com/evanw/esbuild/internal/bundler/bundler.go:1125 +0xcb5
github.com/evanw/esbuild/internal/bundler.parseFile({{0x870da0, 0xc000390080}, {0xc000280070, 0xc00044c138, 
0xc00044c150, 0xc000390020, 0x6, 0xc00048c2a0}, 0xc0000dd688, 0xc0004941e0, ...})
	github.com/evanw/esbuild/internal/bundler/bundler.go:163 +0x287
created by github.com/evanw/esbuild/internal/bundler.(*scanner).maybeParseFile in goroutine 37
	github.com/evanw/esbuild/internal/bundler/bundler.go:1538 +0xcff

goroutine 845 [chan receive]:
main.(*serviceType).sendRequest(0xc000116330, {0x7034a0, 0xc001d6ee10})
	github.com/evanw/esbuild/cmd/esbuild/service.go:192 +0x12b
main.(*serviceType).convertPlugins.func2.4({{0xc000bc3200, 0x8e}, {0x782eef, 0x4}, {0x0, 0x0}, {0x0, 0x0}, 0x0})
	github.com/evanw/esbuild/cmd/esbuild/service.go:1084 +0x833
github.com/evanw/esbuild/pkg/api.(*pluginImpl).onLoad.func1({{0x0, 0x0}, {{0xc000bc3200, 0x8e}, {0x782eef, 0x4}, {0x0, 
0x0}, {{0x0, 0x0}}, ...}})
	github.com/evanw/esbuild/pkg/api/api_impl.go:1996 +0x190
github.com/evanw/esbuild/internal/bundler.runOnLoadPlugins({0xc000494240?, 0x2a682b?, 0xc00001e120?}, {0x870da0?, 
0xc000390080}, 0xc0004941e0, {0xc000280070, 0xc00044c138, 0xc00044c150, 0xc000390020, ...}, ...)
	github.com/evanw/esbuild/internal/bundler/bundler.go:1125 +0xcb5
github.com/evanw/esbuild/internal/bundler.parseFile({{0x870da0, 0xc000390080}, {0xc000280070, 0xc00044c138, 
0xc00044c150, 0xc000390020, 0x6, 0xc00048c2a0}, 0xc0000dd688, 0xc0004941e0, ...})
	github.com/evanw/esbuild/internal/bundler/bundler.go:163 +0x287
created by github.com/evanw/esbuild/internal/bundler.(*scanner).maybeParseFile in goroutine 37
	github.com/evanw/esbuild/internal/bundler/bundler.go:1538 +0xcff

goroutine 846 [chan receive]:
main.(*serviceType).sendRequest(0xc000116330, {0x7034a0, 0xc001d6ee70})
	github.com/evanw/esbuild/cmd/esbuild/service.go:192 +0x12b
main.(*serviceType).convertPlugins.func2.4({{0xc00068fb00, 0x8f}, {0x782eef, 0x4}, {0x0, 0x0}, {0x0, 0x0}, 0x0})
	github.com/evanw/esbuild/cmd/esbuild/service.go:1084 +0x833
github.com/evanw/esbuild/pkg/api.(*pluginImpl).onLoad.func1({{0x0, 0x0}, {{0xc00068fb00, 0x8f}, {0x782eef, 0x4}, {0x0, 
0x0}, {{0x0, 0x0}}, ...}})
	github.com/evanw/esbuild/pkg/api/api_impl.go:1996 +0x190
github.com/evanw/esbuild/internal/bundler.runOnLoadPlugins({0xc000494240?, 0x2a682b?, 0xc00001e120?}, {0x870da0?, 
0xc000390080}, 0xc0004941e0, {0xc000280070, 0xc00044c138, 0xc00044c150, 0xc000390020, ...}, ...)
	github.com/evanw/esbuild/internal/bundler/bundler.go:1125 +0xcb5
github.com/evanw/esbuild/internal/bundler.parseFile({{0x870da0, 0xc000390080}, {0xc000280070, 0xc00044c138, 
0xc00044c150, 0xc000390020, 0x6, 0xc00048c2a0}, 0xc0000dd688, 0xc0004941e0, ...})
	github.com/evanw/esbuild/internal/bundler/bundler.go:163 +0x287
created by github.com/evanw/esbuild/internal/bundler.(*scanner).maybeParseFile in goroutine 37
	github.com/evanw/esbuild/internal/bundler/bundler.go:1538 +0xcff

goroutine 847 [chan receive]:
main.(*serviceType).sendRequest(0xc000116330, {0x7034a0, 0xc001d6eed0})
	github.com/evanw/esbuild/cmd/esbuild/service.go:192 +0x12b
main.(*serviceType).convertPlugins.func2.4({{0xc0008eee60, 0x94}, {0x782eef, 0x4}, {0x0, 0x0}, {0x0, 0x0}, 0x0})
	github.com/evanw/esbuild/cmd/esbuild/service.go:1084 +0x833
github.com/evanw/esbuild/pkg/api.(*pluginImpl).onLoad.func1({{0x0, 0x0}, {{0xc0008eee60, 0x94}, {0x782eef, 0x4}, {0x0, 
0x0}, {{0x0, 0x0}}, ...}})
	github.com/evanw/esbuild/pkg/api/api_impl.go:1996 +0x190
github.com/evanw/esbuild/internal/bundler.runOnLoadPlugins({0xc000494240?, 0x2a682b?, 0xc00001e120?}, {0x870da0?, 
0xc000390080}, 0xc0004941e0, {0xc000280070, 0xc00044c138, 0xc00044c150, 0xc000390020, ...}, ...)
	github.com/evanw/esbuild/internal/bundler/bundler.go:1125 +0xcb5
github.com/evanw/esbuild/internal/bundler.parseFile({{0x870da0, 0xc000390080}, {0xc000280070, 0xc00044c138, 
0xc00044c150, 0xc000390020, 0x6, 0xc00048c2a0}, 0xc0000dd688, 0xc0004941e0, ...})
	github.com/evanw/esbuild/internal/bundler/bundler.go:163 +0x287
created by github.com/evanw/esbuild/internal/bundler.(*scanner).maybeParseFile in goroutine 37
	github.com/evanw/esbuild/internal/bundler/bundler.go:1538 +0xcff

goroutine 848 [chan receive]:
main.(*serviceType).sendRequest(0xc000116330, {0x7034a0, 0xc001d6ef60})
	github.com/evanw/esbuild/cmd/esbuild/service.go:192 +0x12b
main.(*serviceType).convertPlugins.func2.4({{0xc001139200, 0x8f}, {0x782eef, 0x4}, {0x0, 0x0}, {0x0, 0x0}, 0x0})
	github.com/evanw/esbuild/cmd/esbuild/service.go:1084 +0x833
github.com/evanw/esbuild/pkg/api.(*pluginImpl).onLoad.func1({{0x0, 0x0}, {{0xc001139200, 0x8f}, {0x782eef, 0x4}, {0x0, 
0x0}, {{0x0, 0x0}}, ...}})
	github.com/evanw/esbuild/pkg/api/api_impl.go:1996 +0x190
github.com/evanw/esbuild/internal/bundler.runOnLoadPlugins({0xc000494240?, 0x2a682b?, 0xc00001e120?}, {0x870da0?, 
0xc000390080}, 0xc0004941e0, {0xc000280070, 0xc00044c138, 0xc00044c150, 0xc000390020, ...}, ...)
	github.com/evanw/esbuild/internal/bundler/bundler.go:1125 +0xcb5
github.com/evanw/esbuild/internal/bundler.parseFile({{0x870da0, 0xc000390080}, {0xc000280070, 0xc00044c138, 
0xc00044c150, 0xc000390020, 0x6, 0xc00048c2a0}, 0xc0000dd688, 0xc0004941e0, ...})
	github.com/evanw/esbuild/internal/bundler/bundler.go:163 +0x287
created by github.com/evanw/esbuild/internal/bundler.(*scanner).maybeParseFile in goroutine 37
	github.com/evanw/esbuild/internal/bundler/bundler.go:1538 +0xcff

goroutine 849 [chan receive]:
main.(*serviceType).sendRequest(0xc000116330, {0x7034a0, 0xc001d6efc0})
	github.com/evanw/esbuild/cmd/esbuild/service.go:192 +0x12b
main.(*serviceType).convertPlugins.func2.4({{0xc0011399e0, 0x8f}, {0x782eef, 0x4}, {0x0, 0x0}, {0x0, 0x0}, 0x0})
	github.com/evanw/esbuild/cmd/esbuild/service.go:1084 +0x833
github.com/evanw/esbuild/pkg/api.(*pluginImpl).onLoad.func1({{0x0, 0x0}, {{0xc0011399e0, 0x8f}, {0x782eef, 0x4}, {0x0, 
0x0}, {{0x0, 0x0}}, ...}})
	github.com/evanw/esbuild/pkg/api/api_impl.go:1996 +0x190
github.com/evanw/esbuild/internal/bundler.runOnLoadPlugins({0xc000494240?, 0x2a682b?, 0xc00001e120?}, {0x870da0?, 
0xc000390080}, 0xc0004941e0, {0xc000280070, 0xc00044c138, 0xc00044c150, 0xc000390020, ...}, ...)
	github.com/evanw/esbuild/internal/bundler/bundler.go:1125 +0xcb5
github.com/evanw/esbuild/internal/bundler.parseFile({{0x870da0, 0xc000390080}, {0xc000280070, 0xc00044c138, 
0xc00044c150, 0xc000390020, 0x6, 0xc00048c2a0}, 0xc0000dd688, 0xc0004941e0, ...})
	github.com/evanw/esbuild/internal/bundler/bundler.go:163 +0x287
created by github.com/evanw/esbuild/internal/bundler.(*scanner).maybeParseFile in goroutine 37
	github.com/evanw/esbuild/internal/bundler/bundler.go:1538 +0xcff

goroutine 882 [chan receive]:
main.(*serviceType).sendRequest(0xc000116330, {0x7034a0, 0xc001d6f020})
	github.com/evanw/esbuild/cmd/esbuild/service.go:192 +0x12b
main.(*serviceType).convertPlugins.func2.4({{0xc0016e4bd0, 0x8d}, {0x782eef, 0x4}, {0x0, 0x0}, {0x0, 0x0}, 0x0})
	github.com/evanw/esbuild/cmd/esbuild/service.go:1084 +0x833
github.com/evanw/esbuild/pkg/api.(*pluginImpl).onLoad.func1({{0x0, 0x0}, {{0xc0016e4bd0, 0x8d}, {0x782eef, 0x4}, {0x0, 
0x0}, {{0x0, 0x0}}, ...}})
	github.com/evanw/esbuild/pkg/api/api_impl.go:1996 +0x190
github.com/evanw/esbuild/internal/bundler.runOnLoadPlugins({0xc000494240?, 0x2a682b?, 0xc00001e120?}, {0x870da0?, 
0xc000390080}, 0xc0004941e0, {0xc000280070, 0xc00044c138, 0xc00044c150, 0xc000390020, ...}, ...)
	github.com/evanw/esbuild/internal/bundler/bundler.go:1125 +0xcb5
github.com/evanw/esbuild/internal/bundler.parseFile({{0x870da0, 0xc000390080}, {0xc000280070, 0xc00044c138, 
0xc00044c150, 0xc000390020, 0x6, 0xc00048c2a0}, 0xc0000dd688, 0xc0004941e0, ...})
	github.com/evanw/esbuild/internal/bundler/bundler.go:163 +0x287
created by github.com/evanw/esbuild/internal/bundler.(*scanner).maybeParseFile in goroutine 37
	github.com/evanw/esbuild/internal/bundler/bundler.go:1538 +0xcff

goroutine 883 [chan receive]:
main.(*serviceType).sendRequest(0xc000116330, {0x7034a0, 0xc001d6f080})
	github.com/evanw/esbuild/cmd/esbuild/service.go:192 +0x12b
main.(*serviceType).convertPlugins.func2.4({{0xc000252640, 0x92}, {0x782eef, 0x4}, {0x0, 0x0}, {0x0, 0x0}, 0x0})
	github.com/evanw/esbuild/cmd/esbuild/service.go:1084 +0x833
github.com/evanw/esbuild/pkg/api.(*pluginImpl).onLoad.func1({{0x0, 0x0}, {{0xc000252640, 0x92}, {0x782eef, 0x4}, {0x0, 
0x0}, {{0x0, 0x0}}, ...}})
	github.com/evanw/esbuild/pkg/api/api_impl.go:1996 +0x190
github.com/evanw/esbuild/internal/bundler.runOnLoadPlugins({0xc000494240?, 0x2a682b?, 0xc00001e120?}, {0x870da0?, 
0xc000390080}, 0xc0004941e0, {0xc000280070, 0xc00044c138, 0xc00044c150, 0xc000390020, ...}, ...)
	github.com/evanw/esbuild/internal/bundler/bundler.go:1125 +0xcb5
github.com/evanw/esbuild/internal/bundler.parseFile({{0x870da0, 0xc000390080}, {0xc000280070, 0xc00044c138, 
0xc00044c150, 0xc000390020, 0x6, 0xc00048c2a0}, 0xc0000dd688, 0xc0004941e0, ...})
	github.com/evanw/esbuild/internal/bundler/bundler.go:163 +0x287
created by github.com/evanw/esbuild/internal/bundler.(*scanner).maybeParseFile in goroutine 37
	github.com/evanw/esbuild/internal/bundler/bundler.go:1538 +0xcff

goroutine 884 [chan receive]:
main.(*serviceType).sendRequest(0xc000116330, {0x7034a0, 0xc001d6f0e0})
	github.com/evanw/esbuild/cmd/esbuild/service.go:192 +0x12b
main.(*serviceType).convertPlugins.func2.4({{0xc0016e57a0, 0x84}, {0x782eef, 0x4}, {0x0, 0x0}, {0x0, 0x0}, 0x0})
	github.com/evanw/esbuild/cmd/esbuild/service.go:1084 +0x833
github.com/evanw/esbuild/pkg/api.(*pluginImpl).onLoad.func1({{0x0, 0x0}, {{0xc0016e57a0, 0x84}, {0x782eef, 0x4}, {0x0, 
0x0}, {{0x0, 0x0}}, ...}})
	github.com/evanw/esbuild/pkg/api/api_impl.go:1996 +0x190
github.com/evanw/esbuild/internal/bundler.runOnLoadPlugins({0xc000494240?, 0x2a682b?, 0xc00001e120?}, {0x870da0?, 
0xc000390080}, 0xc0004941e0, {0xc000280070, 0xc00044c138, 0xc00044c150, 0xc000390020, ...}, ...)
	github.com/evanw/esbuild/internal/bundler/bundler.go:1125 +0xcb5
github.com/evanw/esbuild/internal/bundler.parseFile({{0x870da0, 0xc000390080}, {0xc000280070, 0xc00044c138, 
0xc00044c150, 0xc000390020, 0x6, 0xc00048c2a0}, 0xc0000dd688, 0xc0004941e0, ...})
	github.com/evanw/esbuild/internal/bundler/bundler.go:163 +0x287
created by github.com/evanw/esbuild/internal/bundler.(*scanner).maybeParseFile in goroutine 37
	github.com/evanw/esbuild/internal/bundler/bundler.go:1538 +0xcff

goroutine 885 [chan receive]:
main.(*serviceType).sendRequest(0xc000116330, {0x7034a0, 0xc001d6e3f0})
	github.com/evanw/esbuild/cmd/esbuild/service.go:192 +0x12b
main.(*serviceType).convertPlugins.func2.4({{0xc0016cebd0, 0x85}, {0x782eef, 0x4}, {0x0, 0x0}, {0x0, 0x0}, 0x0})
	github.com/evanw/esbuild/cmd/esbuild/service.go:1084 +0x833
github.com/evanw/esbuild/pkg/api.(*pluginImpl).onLoad.func1({{0x0, 0x0}, {{0xc0016cebd0, 0x85}, {0x782eef, 0x4}, {0x0, 
0x0}, {{0x0, 0x0}}, ...}})
	github.com/evanw/esbuild/pkg/api/api_impl.go:1996 +0x190
github.com/evanw/esbuild/internal/bundler.runOnLoadPlugins({0xc000494240?, 0x2a682b?, 0xc00001e120?}, {0x870da0?, 
0xc000390080}, 0xc0004941e0, {0xc000280070, 0xc00044c138, 0xc00044c150, 0xc000390020, ...}, ...)
	github.com/evanw/esbuild/internal/bundler/bundler.go:1125 +0xcb5
github.com/evanw/esbuild/internal/bundler.parseFile({{0x870da0, 0xc000390080}, {0xc000280070, 0xc00044c138, 
0xc00044c150, 0xc000390020, 0x6, 0xc00048c2a0}, 0xc0000dd688, 0xc0004941e0, ...})
	github.com/evanw/esbuild/internal/bundler/bundler.go:163 +0x287
created by github.com/evanw/esbuild/internal/bundler.(*scanner).maybeParseFile in goroutine 37
	github.com/evanw/esbuild/internal/bundler/bundler.go:1538 +0xcff
[31m├ù[39m Building... [31m[FAILED: The service was stopped: write ENOMEM][39m
[1m[31mAn unhandled exception occurred: The service was stopped: write ENOMEM
See "C:\Users\LENOVO\AppData\Local\Temp\ng-LQ5Nb1\angular-errors.log" for further details.[39m[22m
C:\Users\LENOVO\OneDrive\╪│╪╖╪¡ 
╪º┘ä┘à┘â╪¬╪¿\finalProject_fromScretch\graduationProject\node_modules\esbuild\lib\main.js:656
      else callback(null, packet.value);
           ^

TypeError: callback is not a function
    at handleIncomingPacket (C:\Users\LENOVO\OneDrive\╪│╪╖╪¡ 
╪º┘ä┘à┘â╪¬╪¿\finalProject_fromScretch\graduationProject\node_modules\esbuild\lib\main.js:656:12)
    at Socket.readFromStdout (C:\Users\LENOVO\OneDrive\╪│╪╖╪¡ 
╪º┘ä┘à┘â╪¬╪¿\finalProject_fromScretch\graduationProject\node_modules\esbuild\lib\main.js:579:7)
    at Socket.emit (node:events:519:28)
    at addChunk (node:internal/streams/readable:561:12)
    at readableAddChunkPushByteMode (node:internal/streams/readable:512:3)
    at Readable.push (node:internal/streams/readable:392:5)
    at Pipe.onStreamRead (node:internal/stream_base_commons:189:23)

Node.js v22.22.0
 1: 00007FF6E75818E7 
 2: 00007FF6E74520FF 
 3: 00007FF6E8751016 
 4: 00007FF6E80EAEA3 
 5: 00007FF6E80D7916 
 6: 00007FF6E7F34060 
 7: 00007FF6E7EFB081 
 8: 00007FF6E7EFB6A0 
 9: 00007FF6E7EFB3A6 
10: 00007FF6E7EE0FEC 
11: 00007FF6E7F21B96 
12: 00007FF6E7F21820 
13: 00007FF6E7F20F08 
14: 00007FF6E7F20681 
15: 00007FF6E7F46C04 
16: 00007FF6E7F4754A 
17: 00007FF6E7BF3BFF 
18: 00007FF6E7BF5472 
19: 00007FF6E7BF0039 
20: 00007FF6E7BF4D4C 
21: 00007FF6E7BF5582 
22: 00007FF6E7BF0039 
23: 00007FF6E7BF4D4C 
24: 00007FF6E7BF5582 
25: 00007FF6E7BF0039 
26: 00007FF6E7BF4D4C 
27: 00007FF6E7BF5582 
28: 00007FF6E7BF0039 
29: 00007FF6E7BF4D4C 
30: 00007FF6E7BF5582 
31: 00007FF6E7BF0039 
32: 00007FF6E7BF4D4C 
33: 00007FF6E7BF5582 
34: 00007FF6E7BF0039 
35: 00007FF6E7BF4D4C 
36: 00007FF6E7BF5582 
37: 00007FF6E7BF0039 
38: 00007FF6E7BF4D4C 
39: 00007FF6E7BF5582 
40: 00007FF6E7BF0039 
41: 00007FF6E7BF4D4C 
42: 00007FF6E7BF5582 
43: 00007FF6E7BF0F65 
44: 00007FF6E7BF5B0F 
45: 00007FF6E7F3A068 
46: 00007FF6E7BD1110 
47: 00007FF6E7FA63D5 
48: 00007FF6E7BD8FF3 
49: 00007FF6E80E0A41 
50: 00007FF6E75C098D 
51: 00007FF6E73988F5 
52: 00007FF6E739ED22 
53: 00007FF6E7392305 
54: 00007FF6E75E18F3 
55: 00007FF6E8E6964B 
56: 00007FF8F646E8D7 BaseThreadInitThunk+23
57: 00007FF8F75AC53C RtlUserThreadStart+44
